== 1. Basics: rank counts, x^5 on GF(64), n=4 constant-rank bound
   expect: match=True; DU: 4; component ranks {4: 63}; maximal dimension: 3

======================================================================
1. Alternating matrices over F_2 by rank
======================================================================
n=4: brute={0: 1, 2: 35, 4: 28}
      formula={0: 1, 2: 35, 4: 28}  match=True
n=6: brute={0: 1, 2: 651, 4: 18228, 6: 13888}
      formula={0: 1, 2: 651, 4: 18228, 6: 13888}  match=True
n=8: formula={0: 1, 2: 10795, 4: 5622036, 6: 149920960, 8: 112881664}  total=268435456 (2^28=268435456)
      fraction of rank-6 forms = 0.5585

======================================================================
2. x^5 on GF(2^6), modulus X^6+X+1
======================================================================
permutation: True
degree <= 2: True
DU: 4
component ranks: {4: 63}
|ker L_a| distribution: {4: 63}
distinct radicals: 21  sizes: {4: 21}
radicals pairwise meet only in 0: True  every nonzero point covered once: True
each radical shared by exactly 3 components {b1, b2, b1+b2}: True
sign: odd

======================================================================
3. n=4: max dim of constant-rank-2 subspaces of Alt(4,F_2)
======================================================================
rank-2 forms: 35
maximal dimension: 3 (needed for a DU-4 permutation: 4)

== 2. MacWilliams test (L5)
   expect: n= 4 ... d= 4: IMPOSSIBLE ;  n= 8 ... d= 8: consistent
  n=3: match=True
  n=4: match=True
  n=5: match=True
  n=6: match=True
  n= 4 (n mod 4 = 0) d= 4: IMPOSSIBLE ['1', '5', '-2']
  n= 8 (n mod 4 = 0) d= 8: consistent ['1', '85', '20706', '590920', '436864']

== 3. Exact SAT model D(n)
   expect: n=4 UNSAT;  n=6 SAT with permutation=True DU=4
UNSAT in 0.0s
SAT in 1.7s: independent check permutation=True DU=4

== 4. n=8 with Desarguesian kernel spread (Theorem L7)
   expect: UNSAT (also without permutation condition)
UNSAT in 0.0s
UNSAT in 0.0s

== 5. Hand-checkable examples for L3 and L7
   expect: [1] True ...  [2] permutation=True, DU=4, omegas found=2, Phi F_4-bilinear=True
[1] x^5 on GF(16): K_a == a*F_4 for all a: True;  permutation=False, DU=4
[2] x^5 on GF(64): permutation=True, DU=4; Desarguesian omegas found=2; Phi F_4-bilinear=True

All quick checks done.
