case  50 p=7   A=f0           B=f1+f1        bits= 26 const-rank betas=0
case  52 p=7   A=f0+f0        B=f0           bits= 20 const-rank betas=0
case  53 p=7   A=f0+f0        B=f1           bits= 17 const-rank betas=0
case  56 p=7   A=f0+f0        B=f1+f1        bits= 26 const-rank betas=0
case  57 p=7   A=f0+f0        B=I            bits=  8 const-rank betas=0
case  64 p=17  A=f0           B=f0           bits=  8 const-rank betas=0
case  65 p=17  A=f0           B=f1           bits= 16 const-rank betas=0
case  67 p=31  A=f0           B=f0           bits= 24 const-rank betas=0
case  68 p=31  A=f0           B=f1           bits=  9 const-rank betas=0
case  69 p=31  A=f0           B=f2           bits=  9 const-rank betas=0
case  70 p=31  A=f0           B=f3           bits= 14 const-rank betas=0
case  71 p=31  A=f0           B=f4           bits=  9 const-rank betas=0
case  72 p=31  A=f0           B=f5           bits= 14 const-rank betas=0
case  73 p=31  A=f0           B=I            bits= 24 const-rank betas=0
case  74 p=127 A=f0           B=f0           bits=  7 const-rank betas=0
case  75 p=127 A=f0           B=f1           bits=  0 const-rank betas=0
case  76 p=127 A=f0           B=f2           bits=  7 const-rank betas=0
case  77 p=127 A=f0           B=f3           bits=  0 const-rank betas=0
case  78 p=127 A=f0           B=f4           bits=  0 const-rank betas=0
case  79 p=127 A=f0           B=f5           bits=  0 const-rank betas=0
case  80 p=127 A=f0           B=f6           bits=  7 const-rank betas=0
case  81 p=127 A=f0           B=f7           bits=  7 const-rank betas=0
case  82 p=127 A=f0           B=f8           bits=  0 const-rank betas=0
case  83 p=127 A=f0           B=f9           bits=  0 const-rank betas=0
case  84 p=127 A=f0           B=f10          bits=  0 const-rank betas=0
case  85 p=127 A=f0           B=f11          bits=  0 const-rank betas=0
case  86 p=127 A=f0           B=f12          bits=  0 const-rank betas=0
case  87 p=127 A=f0           B=f13          bits=  0 const-rank betas=0
case  88 p=127 A=f0           B=f14          bits=  0 const-rank betas=0
case  89 p=127 A=f0           B=f15          bits=  0 const-rank betas=0
case  90 p=127 A=f0           B=f16          bits=  0 const-rank betas=0
case  91 p=127 A=f0           B=f17          bits=  0 const-rank betas=0
case  92 p=127 A=f0           B=I            bits=  0 const-rank betas=0
