self-test passed
n=8 NP=28 GOOD ready (0.2s)
level 1: 41891328 good cosets (0.9s)
L3 0 W3 4adc3e646f647603 done: solutions 0, nodes4 390 nodes5 34199 nodes6 0 nodes7 0, 13s
L3 2 W3 bd6400a9ceefd891 done: solutions 0, nodes4 780 nodes5 68398 nodes6 0 nodes7 0, 19s
L3 4 W3 6c31abee119e0872 done: solutions 0, nodes4 2874 nodes5 393227 nodes6 0 nodes7 0, 52s
L3 6 W3 b088f06be42c790a done: solutions 0, nodes4 4968 nodes5 718056 nodes6 0 nodes7 0, 87s
L3 8 W3 0627d4befde1159a done: solutions 0, nodes4 5358 nodes5 752255 nodes6 0 nodes7 0, 91s
L3 10 W3 d61a19b69aafd5bc done: solutions 0, nodes4 7452 nodes5 1077084 nodes6 0 nodes7 0, 122s
L3 12 W3 948d4c896ebebe9e done: solutions 0, nodes4 9546 nodes5 1401913 nodes6 0 nodes7 0, 153s
L3 14 W3 c9d6ee9d8abb85b9 done: solutions 0, nodes4 11640 nodes5 1726742 nodes6 0 nodes7 0, 183s
L3 16 W3 01d8b267dbe5e702 done: solutions 0, nodes4 13456 nodes5 1980498 nodes6 0 nodes7 0, 207s
L3 18 W3 2c3ce899f67e8c66 done: solutions 0, nodes4 15550 nodes5 2305327 nodes6 0 nodes7 0, 236s
L3 20 W3 95dd9e7e3d383db7 done: solutions 0, nodes4 17644 nodes5 2630156 nodes6 0 nodes7 0, 266s
L3 22 W3 631c1aaec245c662 done: solutions 0, nodes4 19738 nodes5 2954985 nodes6 0 nodes7 0, 294s
L3 24 W3 6e66247e36d7d3a7 done: solutions 0, nodes4 21832 nodes5 3279814 nodes6 0 nodes7 0, 324s
L3 26 W3 026f6383b70593fd done: solutions 0, nodes4 23926 nodes5 3604643 nodes6 0 nodes7 0, 355s
L3 28 W3 253d23134905c42a done: solutions 0, nodes4 26020 nodes5 3929472 nodes6 0 nodes7 0, 388s
L3 30 W3 c76e3915fe7fbdb9 done: solutions 0, nodes4 28114 nodes5 4254301 nodes6 0 nodes7 0, 420s
L3 32 W3 73188bfdca56e69c done: solutions 0, nodes4 30208 nodes5 4579130 nodes6 0 nodes7 0, 449s
L3 34 W3 dd85e9423044f6de done: solutions 0, nodes4 32302 nodes5 4903959 nodes6 0 nodes7 0, 480s
L3 36 W3 c7e49611fc5ac8e2 done: solutions 0, nodes4 34396 nodes5 5228788 nodes6 0 nodes7 0, 509s
L3 38 W3 45dd28088b325b88 done: solutions 0, nodes4 36490 nodes5 5553617 nodes6 0 nodes7 0, 540s
L3 40 W3 3d1ca20e4af5fa61 done: solutions 0, nodes4 38584 nodes5 5878446 nodes6 0 nodes7 0, 566s
L3 42 W3 08c3fc1805696450 done: solutions 0, nodes4 40678 nodes5 6203275 nodes6 0 nodes7 0, 598s
L3 44 W3 6ef09bc56a3cb189 done: solutions 0, nodes4 42772 nodes5 6528104 nodes6 0 nodes7 0, 630s
L3 46 W3 db2258b03d499053 done: solutions 0, nodes4 44866 nodes5 6852933 nodes6 0 nodes7 0, 661s
L3 48 W3 cddb46e509fdd522 done: solutions 0, nodes4 45256 nodes5 6887132 nodes6 0 nodes7 0, 666s
L3 50 W3 df10425704cf8a8d done: solutions 0, nodes4 45646 nodes5 6921331 nodes6 0 nodes7 0, 672s
L3 52 W3 f2b70386a4df41f2 done: solutions 0, nodes4 46554 nodes5 7048209 nodes6 0 nodes7 0, 685s
L3 54 W3 cb1f69754aded445 done: solutions 0, nodes4 48648 nodes5 7373038 nodes6 0 nodes7 0, 714s
L3 56 W3 f577a3cd3adafcd1 done: solutions 0, nodes4 50742 nodes5 7697867 nodes6 0 nodes7 0, 743s
L3 58 W3 5f499937f594b15c done: solutions 0, nodes4 52836 nodes5 8022696 nodes6 0 nodes7 0, 773s
L3 60 W3 6ba180f67acf1767 done: solutions 0, nodes4 53226 nodes5 8056895 nodes6 0 nodes7 0, 779s
L3 62 W3 606917a29dea0f14 done: solutions 0, nodes4 53616 nodes5 8091094 nodes6 0 nodes7 0, 784s
L3 64 W3 5fa032f027382335 done: solutions 0, nodes4 54006 nodes5 8125293 nodes6 0 nodes7 0, 790s
L3 66 W3 8f1d05f814d0b154 done: solutions 0, nodes4 54396 nodes5 8159492 nodes6 0 nodes7 0, 796s
L3 68 W3 613145021e987156 done: solutions 0, nodes4 54786 nodes5 8193691 nodes6 0 nodes7 0, 801s
L3 70 W3 1d18af25f6836faa done: solutions 0, nodes4 55176 nodes5 8227890 nodes6 0 nodes7 0, 808s
L3 72 W3 1602f3ff71cfa0c7 done: solutions 0, nodes4 55566 nodes5 8262089 nodes6 0 nodes7 0, 812s
L3 74 W3 377f1e94039edfcf done: solutions 0, nodes4 55956 nodes5 8296288 nodes6 0 nodes7 0, 818s
L3 76 W3 a94a806e6ade38bb done: solutions 0, nodes4 58050 nodes5 8621117 nodes6 0 nodes7 0, 847s
L3 78 W3 7eb7bfad2c43a2f1 done: solutions 0, nodes4 60144 nodes5 8945946 nodes6 0 nodes7 0, 879s
L3 80 W3 6888274fb18fc314 done: solutions 0, nodes4 62238 nodes5 9270775 nodes6 0 nodes7 0, 907s
L3 82 W3 655e73f6555b9924 done: solutions 0, nodes4 64332 nodes5 9595604 nodes6 0 nodes7 0, 938s
L3 84 W3 834a692c50659480 done: solutions 0, nodes4 66426 nodes5 9920433 nodes6 0 nodes7 0, 968s
L3 86 W3 2d43b7f8d981ce62 done: solutions 0, nodes4 66816 nodes5 9954632 nodes6 0 nodes7 0, 973s
L3 88 W3 b5ee920f8e2447ed done: solutions 0, nodes4 67206 nodes5 9988831 nodes6 0 nodes7 0, 980s
L3 90 W3 9d08937b56f6bfcb done: solutions 0, nodes4 67596 nodes5 10023030 nodes6 0 nodes7 0, 985s
L3 92 W3 d2ca459afae56659 done: solutions 0, nodes4 67986 nodes5 10057229 nodes6 0 nodes7 0, 991s
L3 94 W3 7e65a110d1d3d891 done: solutions 0, nodes4 68376 nodes5 10091428 nodes6 0 nodes7 0, 996s
L3 96 W3 3a150a4452a0e56c done: solutions 0, nodes4 77208 nodes5 11313847 nodes6 0 nodes7 0, 1123s
L3 98 W3 8949d1356803d0be done: solutions 0, nodes4 86070 nodes5 12653713 nodes6 0 nodes7 0, 1254s
L3 100 W3 1cf0a9e85c37c06c done: solutions 0, nodes4 94932 nodes5 13993579 nodes6 0 nodes7 0, 1387s
L3 102 W3 048096c4061ec208 done: solutions 0, nodes4 103764 nodes5 15215998 nodes6 0 nodes7 0, 1482s
L3 104 W3 73a5169f571d6271 done: solutions 0, nodes4 112626 nodes5 16555864 nodes6 0 nodes7 0, 1548s
L3 106 W3 577cec1b03e809f3 done: solutions 0, nodes4 121458 nodes5 17778283 nodes6 0 nodes7 0, 1608s
L3 108 W3 8d848789a7d55204 done: solutions 0, nodes4 130290 nodes5 19000702 nodes6 0 nodes7 0, 1670s
L3 110 W3 696fa2948dcd25bb done: solutions 0, nodes4 139122 nodes5 20223121 nodes6 0 nodes7 0, 1753s
L3 112 W3 cbe88cf6e3b13ebc done: solutions 0, nodes4 147954 nodes5 21445540 nodes6 0 nodes7 0, 1890s
L3 114 W3 1d0bb5b604da6a2c done: solutions 0, nodes4 156816 nodes5 22785406 nodes6 0 nodes7 0, 2031s
L3 116 W3 ea9757e322bccccd done: solutions 0, nodes4 165678 nodes5 24125272 nodes6 0 nodes7 0, 2168s
L3 118 W3 0f08450802525f44 done: solutions 0, nodes4 167827 nodes5 24450713 nodes6 0 nodes7 0, 2200s
L3 120 W3 76c1011fb02b912d done: solutions 0, nodes4 169976 nodes5 24776154 nodes6 0 nodes7 0, 2235s
L3 122 W3 409d0f60d476344f done: solutions 0, nodes4 172193 nodes5 25106117 nodes6 0 nodes7 0, 2268s
L3 124 W3 701e3020b6c7ee82 done: solutions 0, nodes4 173181 nodes5 25222464 nodes6 0 nodes7 0, 2280s
L3 126 W3 6f74e07193f383aa done: solutions 0, nodes4 177664 nodes5 25905130 nodes6 0 nodes7 0, 2349s
L3 128 W3 148d0672ff5331a7 done: solutions 0, nodes4 180046 nodes5 26251979 nodes6 0 nodes7 0, 2385s
L3 130 W3 c993bb2d1d9495c7 done: solutions 0, nodes4 182267 nodes5 26563104 nodes6 0 nodes7 0, 2416s
L3 132 W3 1144212a0588a2b0 done: solutions 0, nodes4 186972 nodes5 27376902 nodes6 0 nodes7 0, 2503s
L3 134 W3 f3fbf38f71a6d970 done: solutions 0, nodes4 191642 nodes5 28293742 nodes6 0 nodes7 0, 2591s
L3 136 W3 9cafbe0e96b613e6 done: solutions 0, nodes4 196314 nodes5 29074772 nodes6 0 nodes7 0, 2666s
L3 138 W3 1f6d25e03a80440d done: solutions 0, nodes4 198536 nodes5 29438047 nodes6 0 nodes7 0, 2701s
L3 140 W3 906a7aa5a5c5fd0d done: solutions 0, nodes4 199524 nodes5 29554394 nodes6 0 nodes7 0, 2713s
L3 142 W3 e00fe58f3de1053f done: solutions 0, nodes4 200740 nodes5 29758409 nodes6 0 nodes7 0, 2733s
L3 144 W3 e9fd8117d9e86cf5 done: solutions 0, nodes4 202898 nodes5 30076147 nodes6 0 nodes7 0, 2762s
L3 146 W3 2496de648f23508c done: solutions 0, nodes4 203186 nodes5 30093823 nodes6 0 nodes7 0, 2766s
L3 148 W3 c50e3e105bfeadf4 done: solutions 0, nodes4 203596 nodes5 30121806 nodes6 0 nodes7 0, 2772s
L3 150 W3 574a07075d8712ea done: solutions 0, nodes4 203981 nodes5 30156556 nodes6 0 nodes7 0, 2777s
L3 152 W3 71d3d0745cafc2df done: solutions 0, nodes4 206205 nodes5 30518201 nodes6 0 nodes7 0, 2814s
L3 154 W3 e9e171a20d9d61d3 done: solutions 0, nodes4 208550 nodes5 30941237 nodes6 0 nodes7 0, 2855s
L3 156 W3 97994b49d4cb0407 done: solutions 0, nodes4 213255 nodes5 31755035 nodes6 0 nodes7 0, 2938s
L3 158 W3 f74033a714467db5 done: solutions 0, nodes4 213665 nodes5 31783018 nodes6 0 nodes7 0, 2944s
L3 160 W3 c8e7458e96bace31 done: solutions 0, nodes4 214050 nodes5 31817768 nodes6 0 nodes7 0, 2949s
L3 162 W3 cdce07c024d7e461 done: solutions 0, nodes4 214435 nodes5 31852518 nodes6 0 nodes7 0, 2955s
L3 164 W3 52f3f1b199249f75 done: solutions 0, nodes4 219235 nodes5 32709398 nodes6 0 nodes7 0, 3033s
L3 166 W3 0a971cf86b72308e done: solutions 0, nodes4 221452 nodes5 33039361 nodes6 0 nodes7 0, 3063s
L3 168 W3 80d5b4cba2f1387e done: solutions 0, nodes4 226124 nodes5 33820391 nodes6 0 nodes7 0, 3139s
L3 170 W3 9ac4af4bc22629e3 done: solutions 0, nodes4 226587 nodes5 33856763 nodes6 0 nodes7 0, 3146s
L3 172 W3 58f7e59945b295b2 done: solutions 0, nodes4 226972 nodes5 33891513 nodes6 0 nodes7 0, 3152s
L3 174 W3 c088d4d686544c42 done: solutions 0, nodes4 227392 nodes5 33930363 nodes6 0 nodes7 0, 3158s
L3 176 W3 444923011b3d989e done: solutions 0, nodes4 227855 nodes5 33966735 nodes6 0 nodes7 0, 3165s
L3 178 W3 d9f4d64ec2060e8c done: solutions 0, nodes4 228277 nodes5 34005235 nodes6 0 nodes7 0, 3172s
L3 180 W3 04b6c71239d2fc56 done: solutions 0, nodes4 228712 nodes5 34049484 nodes6 0 nodes7 0, 3179s
L3 182 W3 21d84d074fbd3c99 done: solutions 0, nodes4 229097 nodes5 34084234 nodes6 0 nodes7 0, 3184s
L3 184 W3 d25744a299495442 done: solutions 0, nodes4 229517 nodes5 34123084 nodes6 0 nodes7 0, 3191s
L3 186 W3 577a472a8e6c8f21 done: solutions 0, nodes4 229954 nodes5 34165826 nodes6 0 nodes7 0, 3197s
L3 188 W3 08de7a909efa4c47 done: solutions 0, nodes4 230394 nodes5 34209374 nodes6 0 nodes7 0, 3204s
L3 190 W3 04f5f3d41dd90181 done: solutions 0, nodes4 230814 nodes5 34251871 nodes6 0 nodes7 0, 3211s
L3 192 W3 1cf649fc15974a6d done: solutions 0, nodes4 231251 nodes5 34294613 nodes6 0 nodes7 0, 3218s
L3 194 W3 38d05da36a1e4857 done: solutions 0, nodes4 231671 nodes5 34333455 nodes6 0 nodes7 0, 3224s
L3 196 W3 5af76e1b58b44a9a done: solutions 0, nodes4 232101 nodes5 34370118 nodes6 0 nodes7 0, 3230s
L3 198 W3 e517a45397cc2467 done: solutions 0, nodes4 232486 nodes5 34404868 nodes6 0 nodes7 0, 3235s
L3 200 W3 ec663f56891c4a16 done: solutions 0, nodes4 232946 nodes5 34438579 nodes6 0 nodes7 0, 3241s
L3 202 W3 5386854374214606 done: solutions 0, nodes4 233383 nodes5 34481322 nodes6 0 nodes7 0, 3248s
L3 204 W3 c5a2b88f925eedb9 done: solutions 0, nodes4 233843 nodes5 34515033 nodes6 0 nodes7 0, 3254s
L3 206 W3 d4d5110ae585ee0c done: solutions 0, nodes4 234296 nodes5 34552566 nodes6 0 nodes7 0, 3260s
L3 208 W3 e9b971d372342ba2 done: solutions 0, nodes4 234716 nodes5 34591416 nodes6 0 nodes7 0, 3267s
L3 210 W3 955502c2fea8ec06 done: solutions 0, nodes4 239199 nodes5 35274082 nodes6 0 nodes7 0, 3330s
L3 212 W3 8ccd124b1c80604b done: solutions 0, nodes4 239609 nodes5 35302065 nodes6 0 nodes7 0, 3335s
L3 214 W3 be34a7816ceb6965 done: solutions 0, nodes4 239897 nodes5 35319741 nodes6 0 nodes7 0, 3339s
L3 216 W3 e2f31780ec5974f2 done: solutions 0, nodes4 240360 nodes5 35356113 nodes6 0 nodes7 0, 3346s
L3 218 W3 f3cf35de59fd5dc7 done: solutions 0, nodes4 242518 nodes5 35673851 nodes6 0 nodes7 0, 3376s
L3 220 W3 732a9eca9e0d9b1d done: solutions 0, nodes4 244729 nodes5 36008790 nodes6 0 nodes7 0, 3407s
L3 222 W3 34cc21ad7423fac8 done: solutions 0, nodes4 246940 nodes5 36343729 nodes6 0 nodes7 0, 3443s
L3 224 W3 e69576d9ed83cc9a done: solutions 0, nodes4 249089 nodes5 36669170 nodes6 0 nodes7 0, 3474s
L3 226 W3 0f393f721052e25a done: solutions 0, nodes4 251306 nodes5 36999133 nodes6 0 nodes7 0, 3504s
L3 228 W3 15340dc0799ef46b done: solutions 0, nodes4 255943 nodes5 37798391 nodes6 0 nodes7 0, 3583s
L3 230 W3 951f25ca17f10038 done: solutions 0, nodes4 258279 nodes5 38212395 nodes6 0 nodes7 0, 3627s
L3 232 W3 bc00e0469b1fd2ca done: solutions 0, nodes4 262923 nodes5 38991919 nodes6 0 nodes7 0, 3704s
L3 234 W3 ed1eb5c6c612a4d5 done: solutions 0, nodes4 265081 nodes5 39309657 nodes6 0 nodes7 0, 3735s
L3 236 W3 920de952e2d99f39 done: solutions 0, nodes4 269749 nodes5 40209082 nodes6 0 nodes7 0, 3825s
L3 238 W3 4bcfa5d412fe3deb done: solutions 0, nodes4 272106 nodes5 40625987 nodes6 0 nodes7 0, 3867s
L3 240 W3 c89a55489ee989be done: solutions 0, nodes4 276733 nodes5 41529591 nodes6 0 nodes7 0, 3958s
L3 242 W3 222ebc19754ef69b done: solutions 0, nodes4 281351 nodes5 42415729 nodes6 0 nodes7 0, 4046s
L3 244 W3 6949cf8e793dfc8d done: solutions 0, nodes4 285994 nodes5 43308481 nodes6 0 nodes7 0, 4134s
L3 246 W3 374610b7208a2405 done: solutions 0, nodes4 290621 nodes5 44137992 nodes6 0 nodes7 0, 4218s
L3 248 W3 7bab8073574e033f done: solutions 0, nodes4 295211 nodes5 44937539 nodes6 0 nodes7 0, 4298s
L3 250 W3 f8c34c35e90a9bde done: solutions 0, nodes4 299918 nodes5 45837959 nodes6 0 nodes7 0, 4390s
L3 252 W3 566ad6f78f04b9b1 done: solutions 0, nodes4 304674 nodes5 46732983 nodes6 0 nodes7 0, 4481s
L3 254 W3 663aeeac06bd7121 done: solutions 0, nodes4 309399 nodes5 47623409 nodes6 0 nodes7 0, 4569s
L3 256 W3 b9d7fa201c2e4e53 done: solutions 0, nodes4 314061 nodes5 48508440 nodes6 0 nodes7 0, 4658s
L3 258 W3 9ac8080aa7798606 done: solutions 0, nodes4 318720 nodes5 49405925 nodes6 0 nodes7 0, 4748s
L3 260 W3 ec933bd69dc58144 done: solutions 0, nodes4 323425 nodes5 50219723 nodes6 0 nodes7 0, 4832s
L3 262 W3 2ad7b3cbdf3849ea done: solutions 0, nodes4 328103 nodes5 51024346 nodes6 0 nodes7 0, 4917s
L3 264 W3 3f099d6892d26aef done: solutions 0, nodes4 332744 nodes5 51823101 nodes6 0 nodes7 0, 4999s
L3 266 W3 8afe84a5f3603d81 done: solutions 0, nodes4 337465 nodes5 52625268 nodes6 0 nodes7 0, 5077s
L3 268 W3 0c8cce861cd6e158 done: solutions 0, nodes4 342198 nodes5 53430996 nodes6 0 nodes7 0, 5158s
L3 270 W3 57b1e5829e7030c0 done: solutions 0, nodes4 346789 nodes5 54245702 nodes6 0 nodes7 0, 5240s
L3 272 W3 1d068c461c2f4dc0 done: solutions 0, nodes4 351392 nodes5 55054282 nodes6 0 nodes7 0, 5322s
L3 274 W3 282a619313c4b5fa done: solutions 0, nodes4 356045 nodes5 55948000 nodes6 0 nodes7 0, 5412s
L3 276 W3 fa36f7b101ab5f55 done: solutions 0, nodes4 358341 nodes5 56347993 nodes6 0 nodes7 0, 5457s
L3 278 W3 1f0b583a150bb6e0 done: solutions 0, nodes4 360670 nodes5 56756879 nodes6 0 nodes7 0, 5500s
L3 280 W3 0db3faa35d167283 done: solutions 0, nodes4 365241 nodes5 57543010 nodes6 0 nodes7 0, 5584s
L3 282 W3 942dc14f83f6c668 done: solutions 0, nodes4 369859 nodes5 58429148 nodes6 0 nodes7 0, 5674s
L3 284 W3 343e9dd92bc68d96 done: solutions 0, nodes4 374449 nodes5 59243298 nodes6 0 nodes7 0, 5758s
L3 286 W3 491bdb794547f67b done: solutions 0, nodes4 379127 nodes5 60047921 nodes6 0 nodes7 0, 5839s
L3 288 W3 85b39460d023160a done: solutions 0, nodes4 381358 nodes5 60412359 nodes6 0 nodes7 0, 5877s
L3 290 W3 652cc363c9407cc0 done: solutions 0, nodes4 383508 nodes5 60761018 nodes6 0 nodes7 0, 5912s
L3 292 W3 30f227e789178fa2 done: solutions 0, nodes4 388154 nodes5 61632723 nodes6 0 nodes7 0, 6001s
L3 294 W3 d42dbe7033df7320 done: solutions 0, nodes4 392790 nodes5 62530889 nodes6 0 nodes7 0, 6090s
L3 296 W3 0c60df17588a3774 done: solutions 0, nodes4 395011 nodes5 62842014 nodes6 0 nodes7 0, 6124s
L3 298 W3 4e2f6aa63243f4ea done: solutions 0, nodes4 399494 nodes5 63524680 nodes6 0 nodes7 0, 6190s
L3 300 W3 d7316b72894c4c6b done: solutions 0, nodes4 404172 nodes5 64329303 nodes6 0 nodes7 0, 6272s
L3 302 W3 ddee5e61a4f17099 done: solutions 0, nodes4 408834 nodes5 65114086 nodes6 0 nodes7 0, 6350s
L3 304 W3 7a493c01388801ae done: solutions 0, nodes4 413470 nodes5 66012252 nodes6 0 nodes7 0, 6435s
L3 306 W3 39e01d09233f769a done: solutions 0, nodes4 417953 nodes5 66694918 nodes6 0 nodes7 0, 6500s
L3 308 W3 0f48efcdc41c3ae8 done: solutions 0, nodes4 420290 nodes5 67141081 nodes6 0 nodes7 0, 6546s
L3 310 W3 6b6187ab313f1abb done: solutions 0, nodes4 422620 nodes5 67579883 nodes6 0 nodes7 0, 6588s
L3 312 W3 318bfd24ecb0317c done: solutions 0, nodes4 424841 nodes5 67891008 nodes6 0 nodes7 0, 6620s
L3 314 W3 2ea6ee4236d73365 done: solutions 0, nodes4 427062 nodes5 68202133 nodes6 0 nodes7 0, 6653s
L3 316 W3 d987563b80d253d5 done: solutions 0, nodes4 431570 nodes5 68992445 nodes6 0 nodes7 0, 6733s
L3 318 W3 42d55b9350eb4c11 done: solutions 0, nodes4 436318 nodes5 69886437 nodes6 0 nodes7 0, 6822s
L3 320 W3 6cec851087e19f90 done: solutions 0, nodes4 438549 nodes5 70250875 nodes6 0 nodes7 0, 6862s
L3 322 W3 a41447a5b218562d done: solutions 0, nodes4 440771 nodes5 70614150 nodes6 0 nodes7 0, 6900s
L3 324 W3 4efea165ad64fc83 done: solutions 0, nodes4 443111 nodes5 71052116 nodes6 0 nodes7 0, 6944s
L3 326 W3 f35e5e68888aa0f8 done: solutions 0, nodes4 445451 nodes5 71490082 nodes6 0 nodes7 0, 6986s
L3 328 W3 805732c369e96e99 done: solutions 0, nodes4 450318 nodes5 72418041 nodes6 0 nodes7 0, 7084s
L3 330 W3 f08bee8a913b0555 done: solutions 0, nodes4 452655 nodes5 72864204 nodes6 0 nodes7 0, 7127s
L3 332 W3 984a17a7c3ea92a8 done: solutions 0, nodes4 457163 nodes5 73654516 nodes6 0 nodes7 0, 7213s
L3 334 W3 dffd80ce6a9a1396 done: solutions 0, nodes4 459321 nodes5 73972254 nodes6 0 nodes7 0, 7240s
L3 336 W3 4f47ebeb83c7c884 done: solutions 0, nodes4 463901 nodes5 74774623 nodes6 0 nodes7 0, 7328s
L3 338 W3 86a1b07732f5e495 done: solutions 0, nodes4 468479 nodes5 75565877 nodes6 0 nodes7 0, 7404s
L3 340 W3 58c44c4760296821 done: solutions 0, nodes4 473106 nodes5 76469481 nodes6 0 nodes7 0, 7490s
L3 342 W3 829b748f9dea4d77 done: solutions 0, nodes4 477733 nodes5 77298992 nodes6 0 nodes7 0, 7572s
L3 344 W3 60a6418167842708 done: solutions 0, nodes4 482323 nodes5 78098539 nodes6 0 nodes7 0, 7648s
L3 346 W3 e0220244b487d3f5 done: solutions 0, nodes4 484481 nodes5 78416277 nodes6 0 nodes7 0, 7680s
L3 348 W3 89fd41534dd401e1 done: solutions 0, nodes4 489134 nodes5 79309995 nodes6 0 nodes7 0, 7774s
L3 350 W3 edd3ad7218954c22 done: solutions 0, nodes4 493832 nodes5 80096291 nodes6 0 nodes7 0, 7849s
L3 352 W3 340e76273b457b95 done: solutions 0, nodes4 498473 nodes5 80895046 nodes6 0 nodes7 0, 7927s
L3 354 W3 fc362f6139428b44 done: solutions 0, nodes4 503126 nodes5 81788764 nodes6 0 nodes7 0, 8015s
L3 356 W3 ea2cb20206f9599e done: solutions 0, nodes4 505284 nodes5 82106502 nodes6 0 nodes7 0, 8052s
L3 358 W3 9edba4b8f9867f4e done: solutions 0, nodes4 507433 nodes5 82431943 nodes6 0 nodes7 0, 8090s
L3 360 W3 999a40e3502a1e71 done: solutions 0, nodes4 512070 nodes5 83231201 nodes6 0 nodes7 0, 8171s
L3 362 W3 8dbcd54197c82978 done: solutions 0, nodes4 516669 nodes5 84050963 nodes6 0 nodes7 0, 8252s
L3 364 W3 2144b6f17660f09d done: solutions 0, nodes4 518880 nodes5 84385902 nodes6 0 nodes7 0, 8291s
L3 366 W3 ebeed9632646badd done: solutions 0, nodes4 523578 nodes5 85172198 nodes6 0 nodes7 0, 8372s
L3 368 W3 b78492eb24bc1a37 done: solutions 0, nodes4 528334 nodes5 86067222 nodes6 0 nodes7 0, 8464s
L3 370 W3 4bd28df3524d035d done: solutions 0, nodes4 532977 nodes5 86959974 nodes6 0 nodes7 0, 8554s
L3 372 W3 0e58333e3ffc5cbb done: solutions 0, nodes4 537710 nodes5 87765702 nodes6 0 nodes7 0, 8638s
L3 374 W3 f4f89ae4ba08c87b done: solutions 0, nodes4 542382 nodes5 88546732 nodes6 0 nodes7 0, 8721s
L3 376 W3 4f8e444cdce96630 done: solutions 0, nodes4 547087 nodes5 89360530 nodes6 0 nodes7 0, 8814s
L3 378 W3 cd65ae775b98f991 done: solutions 0, nodes4 549383 nodes5 89760523 nodes6 0 nodes7 0, 8862s
L3 380 W3 7a3415f87dd7eaf8 done: solutions 0, nodes4 551722 nodes5 90169979 nodes6 0 nodes7 0, 8911s
L3 382 W3 80586b3c6189ece9 done: solutions 0, nodes4 556381 nodes5 91067464 nodes6 0 nodes7 0, 9000s
L3 384 W3 7a25af3c19f473b6 done: solutions 0, nodes4 560971 nodes5 91881614 nodes6 0 nodes7 0, 9083s
L3 386 W3 ecc1df2fd467a664 done: solutions 0, nodes4 563328 nodes5 92298618 nodes6 0 nodes7 0, 9128s
L3 388 W3 827cecfa66a13347 done: solutions 0, nodes4 567913 nodes5 93093877 nodes6 0 nodes7 0, 9206s
L3 390 W3 79b4239ae7b427c4 done: solutions 0, nodes4 572583 nodes5 94010717 nodes6 0 nodes7 0, 9293s
L3 392 W3 e9f12af3504d7cf9 done: solutions 0, nodes4 574941 nodes5 94427579 nodes6 0 nodes7 0, 9335s
L3 394 W3 0ee5506c2016e335 done: solutions 0, nodes4 579582 nodes5 95226334 nodes6 0 nodes7 0, 9428s
L3 396 W3 599155ebae70763b done: solutions 0, nodes4 584315 nodes5 96032062 nodes6 0 nodes7 0, 9509s
L3 398 W3 19c41f2a103d3fda done: solutions 0, nodes4 589036 nodes5 96834229 nodes6 0 nodes7 0, 9595s
L3 400 W3 8f08d3da8f32f3a2 done: solutions 0, nodes4 593681 nodes5 97731812 nodes6 0 nodes7 0, 9682s
L3 402 W3 f6f5e1233a0af61d done: solutions 0, nodes4 595831 nodes5 98080471 nodes6 0 nodes7 0, 9717s
L3 404 W3 bdc11ee1e56bfa8d done: solutions 0, nodes4 600507 nodes5 98959689 nodes6 0 nodes7 0, 9797s
L3 406 W3 82eb1b2d0abb6d31 done: solutions 0, nodes4 605435 nodes5 99784946 nodes6 0 nodes7 0, 9881s
L3 408 W3 743a2c848db53d32 done: solutions 0, nodes4 610363 nodes5 100610203 nodes6 0 nodes7 0, 9966s
L3 410 W3 cf7d87d673488760 done: solutions 0, nodes4 615319 nodes5 101452961 nodes6 0 nodes7 0, 10055s
L3 412 W3 0fd15a7060f10817 done: solutions 0, nodes4 620263 nodes5 102281809 nodes6 0 nodes7 0, 10142s
L3 414 W3 a8ee3e8038acc0c4 done: solutions 0, nodes4 625063 nodes5 103138689 nodes6 0 nodes7 0, 10233s
L3 416 W3 3a64029cfdba02a5 done: solutions 0, nodes4 629991 nodes5 103969490 nodes6 0 nodes7 0, 10324s
L3 418 W3 ba324549127b4de5 done: solutions 0, nodes4 634919 nodes5 104794747 nodes6 0 nodes7 0, 10417s
L3 420 W3 0ad064c4eac8d26e done: solutions 0, nodes4 639509 nodes5 105594294 nodes6 0 nodes7 0, 10504s
L3 422 W3 b5d523fe87ae8c27 done: solutions 0, nodes4 641848 nodes5 106003750 nodes6 0 nodes7 0, 10547s
L3 424 W3 5fc27655525c4e0c done: solutions 0, nodes4 646438 nodes5 106803297 nodes6 0 nodes7 0, 10634s
L3 426 W3 c872adc89d06e9b8 done: solutions 0, nodes4 651034 nodes5 107613958 nodes6 0 nodes7 0, 10719s
L3 428 W3 b5ffa1c73f6dbe34 done: solutions 0, nodes4 655661 nodes5 108443469 nodes6 0 nodes7 0, 10809s
L3 430 W3 730d4ed97e48217d done: solutions 0, nodes4 660252 nodes5 109258175 nodes6 0 nodes7 0, 10895s
L3 432 W3 5bd96aae1d624c64 done: solutions 0, nodes4 664879 nodes5 110087686 nodes6 0 nodes7 0, 10981s
L3 434 W3 7e31a3b0bc686f3b done: solutions 0, nodes4 669469 nodes5 110901836 nodes6 0 nodes7 0, 11066s
L3 436 W3 6a958bea9f6fb9a0 done: solutions 0, nodes4 671700 nodes5 111266274 nodes6 0 nodes7 0, 11106s
L3 438 W3 3712d9bfcc07e0b1 done: solutions 0, nodes4 676590 nodes5 112225025 nodes6 0 nodes7 0, 11201s
L3 440 W3 4715ce965f122ff2 done: solutions 0, nodes4 681338 nodes5 113119017 nodes6 0 nodes7 0, 11297s
L3 442 W3 bf4c8f05ca8b1d65 done: solutions 0, nodes4 686266 nodes5 113949818 nodes6 0 nodes7 0, 11395s
L3 444 W3 1e8c97449b4e580f done: solutions 0, nodes4 690857 nodes5 114764524 nodes6 0 nodes7 0, 11480s
L3 446 W3 0866bb8447305448 done: solutions 0, nodes4 695447 nodes5 115578674 nodes6 0 nodes7 0, 11567s
L3 448 W3 bce8136a237e1875 done: solutions 0, nodes4 697664 nodes5 115946150 nodes6 0 nodes7 0, 11608s
L3 450 W3 7783fede434ff7a5 done: solutions 0, nodes4 699904 nodes5 116320349 nodes6 0 nodes7 0, 11650s
L3 452 W3 ea98a40d036049fc done: solutions 0, nodes4 704594 nodes5 117166421 nodes6 0 nodes7 0, 11739s
L3 454 W3 5939562b5803b7f7 done: solutions 0, nodes4 709268 nodes5 118058747 nodes6 0 nodes7 0, 11833s
L3 456 W3 d2b28bfd1d788db7 done: solutions 0, nodes4 713948 nodes5 118934679 nodes6 0 nodes7 0, 11927s
L3 458 W3 a21d80eb0ca2d376 done: solutions 0, nodes4 718876 nodes5 119765480 nodes6 0 nodes7 0, 12023s
L3 460 W3 1cb4d4901b67d220 done: solutions 0, nodes4 723474 nodes5 120582197 nodes6 0 nodes7 0, 12069s
L3 462 W3 6e0fd59090c63015 done: solutions 0, nodes4 725803 nodes5 120991083 nodes6 0 nodes7 0, 12092s
L3 464 W3 276e608915d0dd17 done: solutions 0, nodes4 730383 nodes5 121793452 nodes6 0 nodes7 0, 12135s
L3 466 W3 20fd5c2161c836de done: solutions 0, nodes4 734968 nodes5 122588711 nodes6 0 nodes7 0, 12178s
L3 468 W3 9b78bfe78d5f78d4 done: solutions 0, nodes4 737283 nodes5 122994047 nodes6 0 nodes7 0, 12199s
L3 470 W3 9318a42107efd5a5 done: solutions 0, nodes4 741868 nodes5 123789306 nodes6 0 nodes7 0, 12241s
L3 472 W3 4194187d1f5303d3 done: solutions 0, nodes4 742856 nodes5 123905653 nodes6 0 nodes7 0, 12248s
L3 474 W3 d98bba7d3380bb33 done: solutions 0, nodes4 747744 nodes5 124827523 nodes6 0 nodes7 0, 12296s
L3 476 W3 a9c1bb842a341528 done: solutions 0, nodes4 748928 nodes5 124970509 nodes6 0 nodes7 0, 12304s
L3 478 W3 adfa56c17e8350c3 done: solutions 0, nodes4 749348 nodes5 125013006 nodes6 0 nodes7 0, 12307s
L3 480 W3 737d02e1cbdc4fd6 done: solutions 0, nodes4 749768 nodes5 125055503 nodes6 0 nodes7 0, 12310s
L3 482 W3 e58022742ce716e3 done: solutions 0, nodes4 750217 nodes5 125101576 nodes6 0 nodes7 0, 12314s
L3 484 W3 014a2b7d0005a07c done: solutions 0, nodes4 752513 nodes5 125501569 nodes6 0 nodes7 0, 12335s
done in 12336.4s, solutions (leaves passing (ii)): 0
level  nodes      est.nodes     est.cands     est.reps      s/node    prune(dim,cov,size)
  1          1             1     7.407e+05             3       5.26   0 0 0
  2          3             3     7.279e+05           486       1.23   0 0 0
  3        243           243     4.309e+06     7.525e+05       0.49   0 0 0
  4     752513     7.525e+05     1.268e+08     1.255e+08    0.00727   0 0 0
  5  125501569     1.255e+08             0             0   4.97e-05   0 9168 125492401
  6          0             0             0             0          0   0 0 0
  7          0             0             0             0          0   0 0 0
  8          0             0             0             0          0   0 0 0
COUNTS n1=1 n2=3 n3=243 n4=752513 n5=125501569 n6=0 n7=0 n8=0 pd1=0 pc1=0 ps1=0 pd2=0 pc2=0 ps2=0 pd3=0 pc3=0 ps3=0 pd4=0 pc4=0 ps4=0 pd5=0 pc5=9168 ps5=125492401 pd6=0 pc6=0 ps6=0 pd7=0 pc7=0 ps7=0 pd8=0 pc8=0 ps8=0
estimated total node time: 1.184e+04 s (3.29 CPU-hours)
