self-test passed
n=8 NP=28 GOOD ready (0.2s)
level 1: 41891328 good cosets (1.0s)
L3 1 W3 d64b51583f4b7828 done: solutions 0, nodes4 390 nodes5 34199 nodes6 0 nodes7 0, 13s
L3 3 W3 a3279eb39ea9daa3 done: solutions 0, nodes4 780 nodes5 68398 nodes6 0 nodes7 0, 18s
L3 5 W3 c21b3b20b4aeb0e9 done: solutions 0, nodes4 2874 nodes5 393227 nodes6 0 nodes7 0, 53s
L3 7 W3 33069028661885d6 done: solutions 0, nodes4 3264 nodes5 427426 nodes6 0 nodes7 0, 59s
L3 9 W3 09801221e77ca622 done: solutions 0, nodes4 5358 nodes5 752255 nodes6 0 nodes7 0, 89s
L3 11 W3 a6e5d1ff606378b8 done: solutions 0, nodes4 7452 nodes5 1077084 nodes6 0 nodes7 0, 118s
L3 13 W3 73c6f0e48e3b1b16 done: solutions 0, nodes4 9268 nodes5 1330840 nodes6 0 nodes7 0, 143s
L3 15 W3 2095a3a32770a75f done: solutions 0, nodes4 11362 nodes5 1655669 nodes6 0 nodes7 0, 174s
L3 17 W3 04f01a48497c5f3e done: solutions 0, nodes4 13456 nodes5 1980498 nodes6 0 nodes7 0, 205s
L3 19 W3 9860b221f612d7f0 done: solutions 0, nodes4 15550 nodes5 2305327 nodes6 0 nodes7 0, 234s
L3 21 W3 24df3a5484d3ff2e done: solutions 0, nodes4 17644 nodes5 2630156 nodes6 0 nodes7 0, 263s
L3 23 W3 ecc0a89333ff43b2 done: solutions 0, nodes4 19738 nodes5 2954985 nodes6 0 nodes7 0, 292s
L3 25 W3 10c18b05dab4dfc8 done: solutions 0, nodes4 21832 nodes5 3279814 nodes6 0 nodes7 0, 322s
L3 27 W3 f8869d7b80aa6ea6 done: solutions 0, nodes4 23926 nodes5 3604643 nodes6 0 nodes7 0, 354s
L3 29 W3 8f9fa128400e79ef done: solutions 0, nodes4 26020 nodes5 3929472 nodes6 0 nodes7 0, 386s
L3 31 W3 96e2702f987ef76a done: solutions 0, nodes4 28114 nodes5 4254301 nodes6 0 nodes7 0, 415s
L3 33 W3 71dd889c599b089a done: solutions 0, nodes4 29930 nodes5 4508057 nodes6 0 nodes7 0, 440s
L3 35 W3 eb90047b5ea7bf24 done: solutions 0, nodes4 32024 nodes5 4832886 nodes6 0 nodes7 0, 471s
L3 37 W3 8717ab4c65e17f88 done: solutions 0, nodes4 34118 nodes5 5157715 nodes6 0 nodes7 0, 502s
L3 39 W3 0ffd74e0a1aa75c7 done: solutions 0, nodes4 36212 nodes5 5482544 nodes6 0 nodes7 0, 533s
L3 41 W3 7ea8ed63ad7d7e05 done: solutions 0, nodes4 38306 nodes5 5807373 nodes6 0 nodes7 0, 562s
L3 43 W3 4138a42165fbcd12 done: solutions 0, nodes4 40400 nodes5 6132202 nodes6 0 nodes7 0, 594s
L3 45 W3 d4a37db6bf7243fd done: solutions 0, nodes4 42494 nodes5 6457031 nodes6 0 nodes7 0, 625s
L3 47 W3 f61edb801b23a695 done: solutions 0, nodes4 44588 nodes5 6781860 nodes6 0 nodes7 0, 656s
L3 49 W3 2a16db55f4ecafc7 done: solutions 0, nodes4 44978 nodes5 6816059 nodes6 0 nodes7 0, 661s
L3 51 W3 de77969f25721880 done: solutions 0, nodes4 45368 nodes5 6850258 nodes6 0 nodes7 0, 667s
L3 53 W3 5caa76c8c69fea59 done: solutions 0, nodes4 46276 nodes5 6977136 nodes6 0 nodes7 0, 679s
L3 55 W3 8dac2c4f2b4a89b5 done: solutions 0, nodes4 48370 nodes5 7301965 nodes6 0 nodes7 0, 707s
L3 57 W3 0a514c9c982074d8 done: solutions 0, nodes4 50464 nodes5 7626794 nodes6 0 nodes7 0, 736s
L3 59 W3 06403351cc437b0b done: solutions 0, nodes4 52558 nodes5 7951623 nodes6 0 nodes7 0, 764s
L3 61 W3 5d9d0bd1803e3c51 done: solutions 0, nodes4 52948 nodes5 7985822 nodes6 0 nodes7 0, 771s
L3 63 W3 396b0e1e4458589e done: solutions 0, nodes4 53338 nodes5 8020021 nodes6 0 nodes7 0, 776s
L3 65 W3 b9a1fc6a7d860efd done: solutions 0, nodes4 53728 nodes5 8054220 nodes6 0 nodes7 0, 782s
L3 67 W3 e4fa554886153bff done: solutions 0, nodes4 54118 nodes5 8088419 nodes6 0 nodes7 0, 788s
L3 69 W3 4da24497490d99a4 done: solutions 0, nodes4 54508 nodes5 8122618 nodes6 0 nodes7 0, 793s
L3 71 W3 32917380f8d6193c done: solutions 0, nodes4 54898 nodes5 8156817 nodes6 0 nodes7 0, 799s
L3 73 W3 f4db8e2f2ad5d6bf done: solutions 0, nodes4 55288 nodes5 8191016 nodes6 0 nodes7 0, 805s
L3 75 W3 3b684010f6d66fdd done: solutions 0, nodes4 55678 nodes5 8225215 nodes6 0 nodes7 0, 810s
L3 77 W3 61d337a2c166ccf9 done: solutions 0, nodes4 57772 nodes5 8550044 nodes6 0 nodes7 0, 840s
L3 79 W3 0f9c4aa6b50adc94 done: solutions 0, nodes4 59866 nodes5 8874873 nodes6 0 nodes7 0, 871s
L3 81 W3 65747bef52b651fa done: solutions 0, nodes4 61960 nodes5 9199702 nodes6 0 nodes7 0, 901s
L3 83 W3 a3c13c651c9c7888 done: solutions 0, nodes4 64054 nodes5 9524531 nodes6 0 nodes7 0, 931s
L3 85 W3 6f7cafe2ac2034d8 done: solutions 0, nodes4 64444 nodes5 9558730 nodes6 0 nodes7 0, 937s
L3 87 W3 4d89bd421eab0f13 done: solutions 0, nodes4 64834 nodes5 9592929 nodes6 0 nodes7 0, 942s
L3 89 W3 7af52fd313b4a02a done: solutions 0, nodes4 65224 nodes5 9627128 nodes6 0 nodes7 0, 947s
L3 91 W3 e43acf0f5f9ee994 done: solutions 0, nodes4 65614 nodes5 9661327 nodes6 0 nodes7 0, 953s
L3 93 W3 fee203090fdec973 done: solutions 0, nodes4 66004 nodes5 9695526 nodes6 0 nodes7 0, 958s
L3 95 W3 af9b422127fa1aff done: solutions 0, nodes4 66912 nodes5 9822404 nodes6 0 nodes7 0, 970s
L3 97 W3 4eae84cce3015fc1 done: solutions 0, nodes4 75774 nodes5 11162270 nodes6 0 nodes7 0, 1110s
L3 99 W3 65ed30adfa6da2b6 done: solutions 0, nodes4 84636 nodes5 12502136 nodes6 0 nodes7 0, 1246s
L3 101 W3 d23eb4f84e96baf9 done: solutions 0, nodes4 93468 nodes5 13724555 nodes6 0 nodes7 0, 1368s
L3 103 W3 4778144eff5431ae done: solutions 0, nodes4 102330 nodes5 15064421 nodes6 0 nodes7 0, 1478s
L3 105 W3 ce8c7c42fe5e165f done: solutions 0, nodes4 111162 nodes5 16286840 nodes6 0 nodes7 0, 1540s
L3 107 W3 36d31b50db67d8cd done: solutions 0, nodes4 119994 nodes5 17509259 nodes6 0 nodes7 0, 1601s
L3 109 W3 350a0e28d2638053 done: solutions 0, nodes4 128856 nodes5 18849125 nodes6 0 nodes7 0, 1667s
L3 111 W3 8ea70bdf68126996 done: solutions 0, nodes4 137688 nodes5 20071544 nodes6 0 nodes7 0, 1744s
L3 113 W3 2409f822e729a659 done: solutions 0, nodes4 146520 nodes5 21293963 nodes6 0 nodes7 0, 1883s
L3 115 W3 73ff6ceed8984046 done: solutions 0, nodes4 155352 nodes5 22516382 nodes6 0 nodes7 0, 2015s
L3 117 W3 3b204ec11686a73c done: solutions 0, nodes4 155874 nodes5 22576306 nodes6 0 nodes7 0, 2024s
L3 119 W3 48b950f8bb305fa3 done: solutions 0, nodes4 158032 nodes5 22894044 nodes6 0 nodes7 0, 2054s
L3 121 W3 91c1ad1ec7f52698 done: solutions 0, nodes4 160190 nodes5 23211782 nodes6 0 nodes7 0, 2089s
L3 123 W3 de57484a04962e06 done: solutions 0, nodes4 162401 nodes5 23546721 nodes6 0 nodes7 0, 2124s
L3 125 W3 ddfe95548ff5337c done: solutions 0, nodes4 164259 nodes5 23841867 nodes6 0 nodes7 0, 2151s
L3 127 W3 4b10bcc579f77ed3 done: solutions 0, nodes4 165247 nodes5 23958214 nodes6 0 nodes7 0, 2164s
L3 129 W3 c48828f71433e567 done: solutions 0, nodes4 167468 nodes5 24269339 nodes6 0 nodes7 0, 2195s
L3 131 W3 5a221eb127f05b91 done: solutions 0, nodes4 169617 nodes5 24594780 nodes6 0 nodes7 0, 2230s
L3 133 W3 e6254d11d4d178cd done: solutions 0, nodes4 171775 nodes5 24912518 nodes6 0 nodes7 0, 2259s
L3 135 W3 c5ca365cdec63403 done: solutions 0, nodes4 176412 nodes5 25711776 nodes6 0 nodes7 0, 2337s
L3 137 W3 6eea54ca185651dc done: solutions 0, nodes4 181119 nodes5 26612196 nodes6 0 nodes7 0, 2422s
L3 139 W3 6cf76a8e7acd8c0b done: solutions 0, nodes4 183343 nodes5 26973841 nodes6 0 nodes7 0, 2457s
L3 141 W3 e034086a306d5dd3 done: solutions 0, nodes4 184559 nodes5 27177856 nodes6 0 nodes7 0, 2477s
L3 143 W3 7ec95512f7edd6eb done: solutions 0, nodes4 186708 nodes5 27503297 nodes6 0 nodes7 0, 2507s
L3 145 W3 58491edb513b835f done: solutions 0, nodes4 186996 nodes5 27520915 nodes6 0 nodes7 0, 2512s
L3 147 W3 db6830acb771525e done: solutions 0, nodes4 187406 nodes5 27548898 nodes6 0 nodes7 0, 2517s
L3 149 W3 8a49b3052494c431 done: solutions 0, nodes4 187791 nodes5 27583648 nodes6 0 nodes7 0, 2524s
L3 151 W3 30ee81dd44a855ac done: solutions 0, nodes4 190013 nodes5 27946923 nodes6 0 nodes7 0, 2563s
L3 153 W3 90645eec4f02cb19 done: solutions 0, nodes4 192358 nodes5 28369959 nodes6 0 nodes7 0, 2605s
L3 155 W3 9bab6a4078af725c done: solutions 0, nodes4 197028 nodes5 29286799 nodes6 0 nodes7 0, 2697s
L3 157 W3 7f4aa0a21654dcb2 done: solutions 0, nodes4 197413 nodes5 29321549 nodes6 0 nodes7 0, 2703s
L3 159 W3 990bfa5d989e599f done: solutions 0, nodes4 197798 nodes5 29356299 nodes6 0 nodes7 0, 2708s
L3 161 W3 19995dee5bb76f3a done: solutions 0, nodes4 198366 nodes5 29395602 nodes6 0 nodes7 0, 2716s
L3 163 W3 ef4f298431c80541 done: solutions 0, nodes4 200224 nodes5 29690748 nodes6 0 nodes7 0, 2745s
L3 165 W3 4bb972716482098f done: solutions 0, nodes4 202435 nodes5 30025687 nodes6 0 nodes7 0, 2777s
L3 167 W3 95d6154e420f8ea0 done: solutions 0, nodes4 207142 nodes5 30926107 nodes6 0 nodes7 0, 2863s
L3 169 W3 000d0bc3ae466d03 done: solutions 0, nodes4 207595 nodes5 30963640 nodes6 0 nodes7 0, 2870s
L3 171 W3 9495983edcb43454 done: solutions 0, nodes4 208005 nodes5 30991623 nodes6 0 nodes7 0, 2875s
L3 173 W3 53b5fbd32e3bc6d3 done: solutions 0, nodes4 208435 nodes5 31028287 nodes6 0 nodes7 0, 2882s
L3 175 W3 b061921706860f9b done: solutions 0, nodes4 208820 nodes5 31063037 nodes6 0 nodes7 0, 2888s
L3 177 W3 7e2cce6f8ab4d590 done: solutions 0, nodes4 209238 nodes5 31103528 nodes6 0 nodes7 0, 2894s
L3 179 W3 f532ac956e2942ec done: solutions 0, nodes4 209656 nodes5 31144019 nodes6 0 nodes7 0, 2900s
L3 181 W3 5a0b432ccb4e9076 done: solutions 0, nodes4 210074 nodes5 31184510 nodes6 0 nodes7 0, 2907s
L3 183 W3 6515d53a00fe3596 done: solutions 0, nodes4 210513 nodes5 31229110 nodes6 0 nodes7 0, 2914s
L3 185 W3 0110253ce2e04470 done: solutions 0, nodes4 210950 nodes5 31271853 nodes6 0 nodes7 0, 2922s
L3 187 W3 56b0daf3c760666a done: solutions 0, nodes4 211403 nodes5 31309386 nodes6 0 nodes7 0, 2929s
L3 189 W3 2b460ba3856e5075 done: solutions 0, nodes4 211825 nodes5 31347886 nodes6 0 nodes7 0, 2935s
L3 191 W3 39bd4412841ff0f6 done: solutions 0, nodes4 212210 nodes5 31382636 nodes6 0 nodes7 0, 2941s
L3 193 W3 c4d054e2f158669c done: solutions 0, nodes4 212663 nodes5 31420169 nodes6 0 nodes7 0, 2948s
L3 195 W3 19e95b4084b5aed3 done: solutions 0, nodes4 213126 nodes5 31456541 nodes6 0 nodes7 0, 2956s
L3 197 W3 49d371f0c008d134 done: solutions 0, nodes4 213586 nodes5 31490252 nodes6 0 nodes7 0, 2962s
L3 199 W3 e3444643b250ebcf done: solutions 0, nodes4 214004 nodes5 31530743 nodes6 0 nodes7 0, 2969s
L3 201 W3 5f81c66ef96ce0bb done: solutions 0, nodes4 214389 nodes5 31565493 nodes6 0 nodes7 0, 2974s
L3 203 W3 f40f38c4c1905b17 done: solutions 0, nodes4 214809 nodes5 31607990 nodes6 0 nodes7 0, 2980s
L3 205 W3 757d1addd891e277 done: solutions 0, nodes4 215219 nodes5 31635973 nodes6 0 nodes7 0, 2986s
L3 207 W3 8cd7e55aeebccc04 done: solutions 0, nodes4 215679 nodes5 31669684 nodes6 0 nodes7 0, 2992s
L3 209 W3 a53b69ea92f9a079 done: solutions 0, nodes4 216101 nodes5 31708184 nodes6 0 nodes7 0, 2998s
L3 211 W3 95a930612e188e9d done: solutions 0, nodes4 218483 nodes5 32055033 nodes6 0 nodes7 0, 3031s
L3 213 W3 5ad05d6761a5c4fd done: solutions 0, nodes4 218771 nodes5 32072651 nodes6 0 nodes7 0, 3036s
L3 215 W3 70f3444fe86bc7f0 done: solutions 0, nodes4 219193 nodes5 32111151 nodes6 0 nodes7 0, 3042s
L3 217 W3 5ae1b5e7daafdc2d done: solutions 0, nodes4 221342 nodes5 32436592 nodes6 0 nodes7 0, 3072s
L3 219 W3 31a5557e57ee5ae4 done: solutions 0, nodes4 223559 nodes5 32766555 nodes6 0 nodes7 0, 3102s
L3 221 W3 443792a3629ef2ef done: solutions 0, nodes4 225717 nodes5 33084293 nodes6 0 nodes7 0, 3132s
L3 223 W3 5461abbc17256cf9 done: solutions 0, nodes4 227875 nodes5 33402031 nodes6 0 nodes7 0, 3162s
L3 225 W3 13b9057430cb26ec done: solutions 0, nodes4 230024 nodes5 33727472 nodes6 0 nodes7 0, 3192s
L3 227 W3 d7153ec1c3b7bda7 done: solutions 0, nodes4 234620 nodes5 34538133 nodes6 0 nodes7 0, 3269s
L3 229 W3 595d5678e34c6e95 done: solutions 0, nodes4 237008 nodes5 34953543 nodes6 0 nodes7 0, 3310s
L3 231 W3 f255dc86a18773d0 done: solutions 0, nodes4 241706 nodes5 35739839 nodes6 0 nodes7 0, 3385s
L3 233 W3 9e1b7a8bd8ef07bb done: solutions 0, nodes4 243855 nodes5 36065280 nodes6 0 nodes7 0, 3416s
L3 235 W3 714b389d892d0b2d done: solutions 0, nodes4 248440 nodes5 36860539 nodes6 0 nodes7 0, 3496s
L3 237 W3 3c5e45d3557c218c done: solutions 0, nodes4 250826 nodes5 37301550 nodes6 0 nodes7 0, 3540s
L3 239 W3 88d816d6a2219492 done: solutions 0, nodes4 253184 nodes5 37718314 nodes6 0 nodes7 0, 3582s
L3 241 W3 e2dbcd00fe076f8c done: solutions 0, nodes4 257829 nodes5 38615897 nodes6 0 nodes7 0, 3671s
L3 243 W3 3577904b99c5a568 done: solutions 0, nodes4 262482 nodes5 39509615 nodes6 0 nodes7 0, 3758s
L3 245 W3 37b9401fa61fbe3f done: solutions 0, nodes4 267080 nodes5 40326332 nodes6 0 nodes7 0, 3841s
L3 247 W3 51008b928a99a4d9 done: solutions 0, nodes4 271750 nodes5 41243172 nodes6 0 nodes7 0, 3930s
L3 249 W3 b90c97fef42dc68f done: solutions 0, nodes4 276349 nodes5 42062934 nodes6 0 nodes7 0, 4012s
L3 251 W3 9099f5be2ceb046d done: solutions 0, nodes4 280990 nodes5 42861689 nodes6 0 nodes7 0, 4096s
L3 253 W3 8c96ebd6a1793c21 done: solutions 0, nodes4 285643 nodes5 43750075 nodes6 0 nodes7 0, 4184s
L3 255 W3 5d05d1148eb3d425 done: solutions 0, nodes4 290376 nodes5 44555803 nodes6 0 nodes7 0, 4268s
L3 257 W3 033e80b7a0a15ec4 done: solutions 0, nodes4 295048 nodes5 45336833 nodes6 0 nodes7 0, 4346s
L3 259 W3 acf7aeffae03c212 done: solutions 0, nodes4 299710 nodes5 46121616 nodes6 0 nodes7 0, 4423s
L3 261 W3 c7218f36c86103b1 done: solutions 0, nodes4 304346 nodes5 47019782 nodes6 0 nodes7 0, 4516s
L3 263 W3 cee123b77faf4e38 done: solutions 0, nodes4 309007 nodes5 47822542 nodes6 0 nodes7 0, 4600s
L3 265 W3 44a82b84b24cabdf done: solutions 0, nodes4 313650 nodes5 48715294 nodes6 0 nodes7 0, 4690s
L3 267 W3 c7f4afcf713e2871 done: solutions 0, nodes4 318295 nodes5 49612877 nodes6 0 nodes7 0, 4782s
L3 269 W3 460458c657ffd98b done: solutions 0, nodes4 322875 nodes5 50415246 nodes6 0 nodes7 0, 4866s
L3 271 W3 9a919fd9a077ee95 done: solutions 0, nodes4 327453 nodes5 51206500 nodes6 0 nodes7 0, 4949s
L3 273 W3 a59a2df497daf534 done: solutions 0, nodes4 332114 nodes5 52009260 nodes6 0 nodes7 0, 5031s
L3 275 W3 209ad65d705b48cb done: solutions 0, nodes4 336812 nodes5 52795556 nodes6 0 nodes7 0, 5110s
L3 277 W3 f6876678f629b0c2 done: solutions 0, nodes4 339151 nodes5 53205012 nodes6 0 nodes7 0, 5153s
L3 279 W3 e29d111adecb7cce done: solutions 0, nodes4 341466 nodes5 53610348 nodes6 0 nodes7 0, 5194s
L3 281 W3 ff84b3691f187b6c done: solutions 0, nodes4 346187 nodes5 54412515 nodes6 0 nodes7 0, 5279s
L3 283 W3 396facf188623204 done: solutions 0, nodes4 350831 nodes5 55192039 nodes6 0 nodes7 0, 5358s
L3 285 W3 2d2a8c8bbf6dca08 done: solutions 0, nodes4 355490 nodes5 56089524 nodes6 0 nodes7 0, 5450s
L3 287 W3 0cd075a78638cf5d done: solutions 0, nodes4 357730 nodes5 56463723 nodes6 0 nodes7 0, 5488s
L3 289 W3 8913a5d77f8aa404 done: solutions 0, nodes4 359947 nodes5 56831199 nodes6 0 nodes7 0, 5526s
L3 291 W3 043fbd0bea1e7d3e done: solutions 0, nodes4 364606 nodes5 57728684 nodes6 0 nodes7 0, 5622s
L3 293 W3 ce6ead3f39ebb138 done: solutions 0, nodes4 369233 nodes5 58632288 nodes6 0 nodes7 0, 5714s
L3 295 W3 0a93c6abffd28b41 done: solutions 0, nodes4 371454 nodes5 58943413 nodes6 0 nodes7 0, 5747s
L3 297 W3 94fd34fd166ab4c2 done: solutions 0, nodes4 375937 nodes5 59626079 nodes6 0 nodes7 0, 5827s
L3 299 W3 17793ce86905b5d5 done: solutions 0, nodes4 380599 nodes5 60410862 nodes6 0 nodes7 0, 5907s
L3 301 W3 07ce5609a53f9c85 done: solutions 0, nodes4 385226 nodes5 61314466 nodes6 0 nodes7 0, 5998s
L3 303 W3 e638ca1b05fab92b done: solutions 0, nodes4 389894 nodes5 62213891 nodes6 0 nodes7 0, 6089s
L3 305 W3 84116c00a09e0e93 done: solutions 0, nodes4 394377 nodes5 62896557 nodes6 0 nodes7 0, 6158s
L3 307 W3 a145f4436e77bf5a done: solutions 0, nodes4 399244 nodes5 63824516 nodes6 0 nodes7 0, 6248s
L3 309 W3 7f8ef524297de99e done: solutions 0, nodes4 404146 nodes5 64749977 nodes6 0 nodes7 0, 6339s
L3 311 W3 70e549f021d6e4e0 done: solutions 0, nodes4 406367 nodes5 65061102 nodes6 0 nodes7 0, 6371s
L3 313 W3 021671580f366034 done: solutions 0, nodes4 407551 nodes5 65204088 nodes6 0 nodes7 0, 6389s
L3 315 W3 de22ec6a8103ace2 done: solutions 0, nodes4 408735 nodes5 65347152 nodes6 0 nodes7 0, 6407s
L3 317 W3 9687768883158eed done: solutions 0, nodes4 410956 nodes5 65658277 nodes6 0 nodes7 0, 6438s
L3 319 W3 9fb1f596195575bf done: solutions 0, nodes4 413196 nodes5 66032476 nodes6 0 nodes7 0, 6478s
L3 321 W3 a9b2d7dfdb5755ad done: solutions 0, nodes4 415413 nodes5 66399952 nodes6 0 nodes7 0, 6514s
L3 323 W3 777b396cb289d709 done: solutions 0, nodes4 417563 nodes5 66748611 nodes6 0 nodes7 0, 6550s
L3 325 W3 4eea2ed77c72e21f done: solutions 0, nodes4 419901 nodes5 67188220 nodes6 0 nodes7 0, 6593s
L3 327 W3 96582064fbe1afe3 done: solutions 0, nodes4 422239 nodes5 67627829 nodes6 0 nodes7 0, 6636s
L3 329 W3 9635a867559035fb done: solutions 0, nodes4 427141 nodes5 68553290 nodes6 0 nodes7 0, 6725s
L3 331 W3 b29dfb03c61533cf done: solutions 0, nodes4 429471 nodes5 68992092 nodes6 0 nodes7 0, 6771s
L3 333 W3 eb98fef17a261734 done: solutions 0, nodes4 431695 nodes5 69353737 nodes6 0 nodes7 0, 6809s
L3 335 W3 1d17ac3ea031754c done: solutions 0, nodes4 433912 nodes5 69683700 nodes6 0 nodes7 0, 6842s
L3 337 W3 1f27bd22270b5ca0 done: solutions 0, nodes4 436061 nodes5 70009141 nodes6 0 nodes7 0, 6872s
L3 339 W3 a9b7ae9d0ea464b8 done: solutions 0, nodes4 440664 nodes5 70817721 nodes6 0 nodes7 0, 6952s
L3 341 W3 5759bbb09f35deff done: solutions 0, nodes4 445262 nodes5 71634438 nodes6 0 nodes7 0, 7035s
L3 343 W3 c275647af78278dc done: solutions 0, nodes4 449930 nodes5 72533863 nodes6 0 nodes7 0, 7121s
L3 345 W3 8d9f9f33db3df0df done: solutions 0, nodes4 452147 nodes5 72863826 nodes6 0 nodes7 0, 7154s
L3 347 W3 f734a0718d539bad done: solutions 0, nodes4 456808 nodes5 73666586 nodes6 0 nodes7 0, 7238s
L3 349 W3 774812495ce4a29e done: solutions 0, nodes4 458957 nodes5 73992027 nodes6 0 nodes7 0, 7268s
L3 351 W3 f609abd0d2148378 done: solutions 0, nodes4 463575 nodes5 74878165 nodes6 0 nodes7 0, 7356s
L3 353 W3 0d0e7aa37f7835fe done: solutions 0, nodes4 468237 nodes5 75763196 nodes6 0 nodes7 0, 7443s
L3 355 W3 282fd29493a41b6e done: solutions 0, nodes4 472962 nodes5 76653622 nodes6 0 nodes7 0, 7525s
L3 357 W3 6a5746d1e61df280 done: solutions 0, nodes4 475173 nodes5 76988561 nodes6 0 nodes7 0, 7565s
L3 359 W3 de62351e333dd84d done: solutions 0, nodes4 479764 nodes5 77803267 nodes6 0 nodes7 0, 7655s
L3 361 W3 06209bbcc62d9c28 done: solutions 0, nodes4 482150 nodes5 78244380 nodes6 0 nodes7 0, 7697s
L3 363 W3 dfe11e8133990429 done: solutions 0, nodes4 484308 nodes5 78562118 nodes6 0 nodes7 0, 7732s
L3 365 W3 64ea8a6d68563c53 done: solutions 0, nodes4 486457 nodes5 78887559 nodes6 0 nodes7 0, 7762s
L3 367 W3 baeab81e85e50b2d done: solutions 0, nodes4 491102 nodes5 79785142 nodes6 0 nodes7 0, 7851s
L3 369 W3 f3042042805094c5 done: solutions 0, nodes4 495746 nodes5 80564666 nodes6 0 nodes7 0, 7926s
L3 371 W3 3a8413cdf5b9e836 done: solutions 0, nodes4 500399 nodes5 81453052 nodes6 0 nodes7 0, 8012s
L3 373 W3 249506ad0b2b5f6f done: solutions 0, nodes4 505077 nodes5 82257675 nodes6 0 nodes7 0, 8111s
L3 375 W3 d69a53ae30062d26 done: solutions 0, nodes4 509739 nodes5 83042458 nodes6 0 nodes7 0, 8195s
L3 377 W3 645bc9fac25d34d7 done: solutions 0, nodes4 514375 nodes5 83940624 nodes6 0 nodes7 0, 8294s
L3 379 W3 a9ad6c221cbee9f4 done: solutions 0, nodes4 516704 nodes5 84349510 nodes6 0 nodes7 0, 8342s
L3 381 W3 69bc674e4bb9c38d done: solutions 0, nodes4 519019 nodes5 84754846 nodes6 0 nodes7 0, 8388s
L3 383 W3 1d5a135fcf69d977 done: solutions 0, nodes4 523590 nodes5 85540977 nodes6 0 nodes7 0, 8470s
L3 385 W3 6dc262371760a3ba done: solutions 0, nodes4 525978 nodes5 85956387 nodes6 0 nodes7 0, 8515s
L3 387 W3 b29e18c342c2c2c5 done: solutions 0, nodes4 530685 nodes5 86856807 nodes6 0 nodes7 0, 8604s
L3 389 W3 8c46542f4c007661 done: solutions 0, nodes4 535281 nodes5 87667468 nodes6 0 nodes7 0, 8688s
L3 391 W3 ec835cc6018ea3bb done: solutions 0, nodes4 537617 nodes5 88081472 nodes6 0 nodes7 0, 8732s
L3 393 W3 beca8b146fa884b8 done: solutions 0, nodes4 542278 nodes5 88884232 nodes6 0 nodes7 0, 8829s
L3 395 W3 48918c440086682a done: solutions 0, nodes4 546999 nodes5 89686399 nodes6 0 nodes7 0, 8913s
L3 397 W3 8a67fd13bf7c7f68 done: solutions 0, nodes4 551642 nodes5 90579151 nodes6 0 nodes7 0, 9012s
L3 399 W3 6fa2f6b1d24fe1e8 done: solutions 0, nodes4 556260 nodes5 91465289 nodes6 0 nodes7 0, 9111s
L3 401 W3 10e938b03d55c501 done: solutions 0, nodes4 560904 nodes5 92244813 nodes6 0 nodes7 0, 9188s
L3 403 W3 86737988b6942afb done: solutions 0, nodes4 563135 nodes5 92609251 nodes6 0 nodes7 0, 9225s
L3 405 W3 e36bf31e3e1df9cb done: solutions 0, nodes4 568037 nodes5 93534712 nodes6 0 nodes7 0, 9314s
L3 407 W3 aefbaec905f139a9 done: solutions 0, nodes4 570429 nodes5 93938095 nodes6 0 nodes7 0, 9353s
L3 409 W3 a0ac21677bab4c8c done: solutions 0, nodes4 575207 nodes5 94792862 nodes6 0 nodes7 0, 9442s
L3 411 W3 46a1fa46d9f456d2 done: solutions 0, nodes4 579715 nodes5 95583174 nodes6 0 nodes7 0, 9522s
L3 413 W3 fe3255b20dace1b5 done: solutions 0, nodes4 584493 nodes5 96437941 nodes6 0 nodes7 0, 9607s
L3 415 W3 32f8b88fd67bf79e done: solutions 0, nodes4 589421 nodes5 97263198 nodes6 0 nodes7 0, 9695s
L3 417 W3 87df7fa079816f99 done: solutions 0, nodes4 594169 nodes5 98157190 nodes6 0 nodes7 0, 9777s
L3 419 W3 05873b604395b8d0 done: solutions 0, nodes4 598747 nodes5 98948444 nodes6 0 nodes7 0, 9852s
L3 421 W3 6cdf6a1a4301e09f done: solutions 0, nodes4 601086 nodes5 99357900 nodes6 0 nodes7 0, 9892s
L3 423 W3 80df9c5ca5090242 done: solutions 0, nodes4 605664 nodes5 100149154 nodes6 0 nodes7 0, 9968s
L3 425 W3 d4ad3ecd7d05fef9 done: solutions 0, nodes4 610316 nodes5 100971618 nodes6 0 nodes7 0, 10051s
L3 427 W3 a29aa4638ffdc8a4 done: solutions 0, nodes4 614902 nodes5 101796426 nodes6 0 nodes7 0, 10135s
L3 429 W3 30405fac77656e48 done: solutions 0, nodes4 619501 nodes5 102616188 nodes6 0 nodes7 0, 10221s
L3 431 W3 9c49f729fa3b085d done: solutions 0, nodes4 624104 nodes5 103424768 nodes6 0 nodes7 0, 10303s
L3 433 W3 b8f2e4a8917277bd done: solutions 0, nodes4 628707 nodes5 104233348 nodes6 0 nodes7 0, 10385s
L3 435 W3 ce56ea083b878101 done: solutions 0, nodes4 630857 nodes5 104582007 nodes6 0 nodes7 0, 10424s
L3 437 W3 e3ff1bb60667f828 done: solutions 0, nodes4 635635 nodes5 105436774 nodes6 0 nodes7 0, 10518s
L3 439 W3 ab4c3ce22e318da4 done: solutions 0, nodes4 640143 nodes5 106227086 nodes6 0 nodes7 0, 10604s
L3 441 W3 f79b452e3ffe568b done: solutions 0, nodes4 645031 nodes5 107148956 nodes6 0 nodes7 0, 10705s
L3 443 W3 36d29a08fe212216 done: solutions 0, nodes4 649627 nodes5 107959617 nodes6 0 nodes7 0, 10793s
L3 445 W3 c6ec9b58b5952d28 done: solutions 0, nodes4 654215 nodes5 108780843 nodes6 0 nodes7 0, 10880s
L3 447 W3 aa65a4f35d585f8f done: solutions 0, nodes4 658814 nodes5 109600605 nodes6 0 nodes7 0, 10964s
L3 449 W3 93bea8cf44d74f5b done: solutions 0, nodes4 661054 nodes5 109974804 nodes6 0 nodes7 0, 11005s
L3 451 W3 d33ee5bb01da160b done: solutions 0, nodes4 663682 nodes5 110418920 nodes6 0 nodes7 0, 11057s
L3 453 W3 2dd3c030c734261f done: solutions 0, nodes4 668342 nodes5 111296524 nodes6 0 nodes7 0, 11148s
L3 455 W3 e9d362f91a98c553 done: solutions 0, nodes4 673270 nodes5 112127325 nodes6 0 nodes7 0, 11244s
L3 457 W3 3e581ebbfbb5e00f done: solutions 0, nodes4 678137 nodes5 113055284 nodes6 0 nodes7 0, 11342s
L3 459 W3 71b78e15ae096643 done: solutions 0, nodes4 682717 nodes5 113857653 nodes6 0 nodes7 0, 11431s
L3 461 W3 2cf97f5d6f5d6c43 done: solutions 0, nodes4 685032 nodes5 114262989 nodes6 0 nodes7 0, 11474s
L3 463 W3 db75470af0586ac6 done: solutions 0, nodes4 689603 nodes5 115049120 nodes6 0 nodes7 0, 11557s
L3 465 W3 bbc6c11f10299e4e done: solutions 0, nodes4 694174 nodes5 115835251 nodes6 0 nodes7 0, 11643s
L3 467 W3 ae997621e32aebd6 done: solutions 0, nodes4 696503 nodes5 116244137 nodes6 0 nodes7 0, 11687s
L3 469 W3 9eabf1c41cd12051 done: solutions 0, nodes4 698720 nodes5 116611613 nodes6 0 nodes7 0, 11727s
L3 471 W3 2741ab5c43e5cbc4 done: solutions 0, nodes4 703318 nodes5 117428330 nodes6 0 nodes7 0, 11815s
L3 473 W3 d0668a7bd76322cf done: solutions 0, nodes4 704672 nodes5 117652340 nodes6 0 nodes7 0, 11845s
L3 475 W3 641f212779cf69fb done: solutions 0, nodes4 706026 nodes5 117876350 nodes6 0 nodes7 0, 11873s
L3 477 W3 289b134aff30fb64 done: solutions 0, nodes4 706465 nodes5 117920950 nodes6 0 nodes7 0, 11880s
L3 479 W3 f6bc2bcb54c75396 done: solutions 0, nodes4 706713 nodes5 117944888 nodes6 0 nodes7 0, 11885s
L3 481 W3 b44a70b6ee72c1a7 done: solutions 0, nodes4 706961 nodes5 117968826 nodes6 0 nodes7 0, 11890s
L3 483 W3 8b8bd4995a2630b8 done: solutions 0, nodes4 711509 nodes5 118785342 nodes6 0 nodes7 0, 11978s
L3 485 W3 c2de8b70da5e7ac3 done: solutions 0, nodes4 713805 nodes5 119185335 nodes6 0 nodes7 0, 12020s
done in 12021.4s, solutions (leaves passing (ii)): 0
level  nodes      est.nodes     est.cands     est.reps      s/node    prune(dim,cov,size)
  1          1             1     7.407e+05             3       5.39   0 0 0
  2          3             3     7.279e+05           486       1.56   0 0 0
  3        243           243     4.295e+06     7.138e+05      0.504   0 0 0
  4     713805     7.138e+05     1.204e+08     1.192e+08    0.00744   0 0 0
  5  119185335     1.192e+08             0             0   5.11e-05   0 8840 119176495
  6          0             0             0             0          0   0 0 0
  7          0             0             0             0          0   0 0 0
  8          0             0             0             0          0   0 0 0
COUNTS n1=1 n2=3 n3=243 n4=713805 n5=119185335 n6=0 n7=0 n8=0 pd1=0 pc1=0 ps1=0 pd2=0 pc2=0 ps2=0 pd3=0 pc3=0 ps3=0 pd4=0 pc4=0 ps4=0 pd5=0 pc5=8840 ps5=119176495 pd6=0 pc6=0 ps6=0 pd7=0 pc7=0 ps7=0 pd8=0 pc8=0 ps8=0
estimated total node time: 1.153e+04 s (3.203 CPU-hours)
