c ---- [ banner ] ------------------------------------------------------------
c
c Kissat SAT Solver
c 
c Copyright (c) 2021-2024 Armin Biere University of Freiburg
c Copyright (c) 2019-2021 Armin Biere Johannes Kepler University Linz
c 
c Version 4.0.4 8af8e56f174b778aef3aa45af9f739b2a5f492c2
c gcc (Ubuntu 13.3.0-6ubuntu2~24.04.1) 13.3.0 -W -Wall -O3 -DNDEBUG
c Sun Sep 27 15:50:37 +04 2026 Linux vm 6.18.44-fc-v37 x86_64
c
c ---- [ parsing ] -----------------------------------------------------------
c
c opened and reading DIMACS file:
c
c   cnf/d8_closed_noperm.cnf
c
c parsed 'p cnf 171648 613996' header
c closing input after reading 12281410 bytes (12 MB)
c finished parsing after 0.12 seconds
c
c ---- [ solving ] -----------------------------------------------------------
c
c seconds switched rate     size/glue tier1   binary            remaining
c        MB reductions conflicts size  tier2      irredundant
c         level restarts redundant glue  trail            variables
c
c *  0.12 41 0 0 0  0 0   0   0 0.0 0 0 0 0 0% 127861 438793 159681 93%
c (  0.14 43 0 0 0  0 0   0   0 0.0 0 0 0 0 0% 127861 438793 159681 93%
c .  0.16 42 0 0 0  0 0   0   0 0.0 0 0 0 0 0% 135243 421935 159681 93%
c c  1.07 138 0 0 0  0 0   0   0 0.0 0 0 0 0 0% 208721 281955 109552 64%
c d  1.10 138 0 0 0  0 0   0   0 0.0 0 0 0 0 0% 105567 281955 109552 64%
c )  1.16 139 0 0 0  0 0   0   0 0.0 0 0 0 0 0% 104671 281955 109552 64%
c {  1.17 139 0 0 0  0 0   0   0 0.0 0 0 2 6 0% 104671 281955 109552 64%
c -  1.31 135 108 0 1 25 3 1002 638 2.5 22 9 5 14 8% 104671 281955 109552 64%
c }  1.31 135 108 1 1 25 3 1002 638 2.5 22 9 5 14 8% 104671 281955 109552 64%
c [  1.31 135 0 1 1 25 0 1002 638 0.0 0 0 2 6 0% 104671 281955 109552 64%
c B  1.31 135 0 1 1 25 0 1002 638 0.0 0 0 2 6 0% 104671 281955 109552 64%
c -  1.42 135 136 1 2 25 1 2004 1386 2.2 35 16 6 26 12% 104671 281955 109552 64%
c W  1.48 135 136 1 2 25 1 2004 1386 2.2 35 16 6 26 12% 104671 281955 109552 64%
c ]  1.49 135 128 2 2 25 1 2105 1479 2.2 36 16 6 26 12% 104671 281955 109552 64%
c {  1.49 135 108 2 2 25 3 2105 1479 2.5 22 9 5 14 8% 104671 281955 109552 64%
c u  1.81 135 87 2 2 114 6 2656 1756 2.4 22 9 5 14 7% 104671 281955 109552 64%
c v  1.83 135 87 2 2 114 6 2656 1751 2.4 22 9 5 14 7% 104671 281955 109552 64%
c w  1.84 135 87 2 2 114 6 2656 1748 2.4 22 9 5 14 7% 104671 281955 109552 64%
c x  1.86 135 87 2 2 114 6 2656 1748 2.4 22 9 5 14 7% 104671 281955 109552 64%
c }  1.93 135 78 3 2 128 6 3105 2118 2.5 22 9 5 14 7% 104671 281955 109552 64%
c
c seconds    switched  rate       size/glue  tier1      binary            remaining
c         MB  reductions conflicts      size   tier2        irredundant
c           level restarts   redundant     glue    trail            variables
c
c [  1.93 135 128 3 2 128 1 3105 2118 2.2 36 16 6 26 12% 104671 281955 109552 64%
c -  1.98 135 110 3 3 128 1 3418 2180 2.2 38 17 7 27 11% 104671 281955 109552 64%
c ]  2.06 135 94 4 3 128 1 3852 2604 2.2 40 18 7 27 10% 104671 281955 109552 64%
c {  2.06 135 78 4 3 128 6 3852 2604 2.5 22 9 5 14 7% 104671 281955 109552 64%
c -  2.34 135 94 4 4 424 11 5150 3126 2.3 22 10 4 14 7% 104671 281955 109552 64%
c }  2.51 135 107 5 4 559 12 6204 3932 2.2 22 10 4 14 7% 104671 281955 109552 64%
c [  2.51 135 94 5 4 559 1 6204 3932 2.2 40 18 7 27 10% 104671 281955 109552 64%
c I  2.51 135 94 5 4 559 1 6204 3932 2.2 40 18 7 27 10% 104671 281955 109552 64%
c -  2.60 135 82 5 5 559 2 7151 4047 2.1 37 18 6 25 10% 104671 281955 109552 64%
c u  2.79 135 77 5 5 560 1 8180 4513 2.0 41 20 6 25 10% 104671 281955 109552 64%
c v  2.84 135 77 5 5 560 1 8180 4059 2.0 41 20 6 25 10% 104671 281955 109552 64%
c w  2.87 135 77 5 5 560 1 8180 4059 2.0 41 20 6 25 10% 104671 281955 109552 64%
c -  3.14 135 70 5 6 561 1 9389 4081 2.1 41 20 6 25 10% 104671 281955 109552 64%
c ]  3.15 135 70 6 6 561 1 9447 4139 2.1 41 20 6 25 10% 104671 281955 109552 64%
c {  3.15 135 107 6 6 561 12 9447 4139 2.2 22 10 4 14 7% 104671 281955 109552 64%
c o  3.23 135 103 6 6 587 11 10106 4703 2.4 23 10 4 14 7% 104671 281955 109552 64%
c -  3.52 135 111 6 7 762 15 11838 5186 2.3 23 10 4 14 8% 104671 281955 109552 64%
c e  4.19 162 115 6 7 881 16 13277 6454 2.3 23 10 4 14 8% 2376 297212 45019 26%
c s  4.26 162 115 6 7 881 16 13277 6454 2.3 23 10 4 14 8% 2376 297080 45019 26%
c e  4.29 152 115 6 7 881 16 13277 6454 2.3 23 10 4 14 8% 2368 297069 44993 26%
c
c seconds    switched   rate        size/glue  tier1    binary          remaining
c         MB  reductions  conflicts       size   tier2     irredundant
c           level restarts     redundant     glue   trail          variables
c
c ^  4.29 152 115 6 7 881 16 13277 6454 2.3 23 10 4 14 8% 2368 297069 44993 26%
c }  4.30 152 113 7 7 893 16 13516 1617 2.3 23 10 4 14 8% 2368 297069 44993 26%
c [  4.30 152 70 7 7 893 1 13516 1617 2.1 41 20 6 25 10% 2368 297069 44993 26%
c B  4.30 152 70 7 7 893 1 13516 1617 2.1 41 20 6 25 10% 2368 297069 44993 26%
c -  4.42 148 66 7 8 893 1 14485 2241 2.1 41 20 6 25 9% 2368 297069 44993 26%
c u  4.86 139 60 7 8 895 1 16758 4117 2.0 41 20 6 25 9% 2368 297069 44993 26%
c v  4.91 139 60 7 8 895 1 16758 3547 2.0 41 20 6 25 9% 2368 297069 44993 26%
c w  4.95 139 60 7 8 895 1 16758 3467 2.0 41 20 6 25 9% 2368 297069 44993 26%
c x  4.98 139 60 7 8 895 1 16758 3467 2.0 41 20 6 25 9% 2368 297069 44993 26%
c f  5.16 136 60 7 8 895 1 16758 3467 2.0 41 20 6 25 9% 2380 297045 44999 26%
c u  5.19 136 60 7 8 895 1 16758 3434 2.0 41 20 6 25 9% 2380 297045 44999 26%
c v  5.22 136 60 7 8 895 1 16758 3191 2.0 41 20 6 25 9% 2380 297045 44999 26%
c w  5.30 136 60 7 8 895 1 16758 3188 2.0 41 20 6 25 9% 2380 297045 44999 26%
c -  5.41 136 60 7 9 895 1 17314 3082 2.0 41 20 5 26 9% 2380 297045 44999 26%
c ]  5.55 136 58 8 9 897 1 18974 4595 2.0 41 21 5 26 9% 2380 297045 44999 26%
c {  5.55 136 113 8 9 897 16 18974 4595 2.3 23 10 4 14 8% 2380 297045 44999 26%
c o  5.67 136 110 8 9 1102 16 20118 5525 2.3 23 10 4 14 7% 2380 297045 44999 26%
c -  5.69 136 109 8 10 1138 16 20314 4723 2.3 23 10 4 14 7% 2380 297045 44999 26%
c -  6.02 136 115 8 11 1453 15 23476 6253 2.2 23 10 4 14 7% 2380 297045 44999 26%
c }  6.17 136 115 9 11 1680 15 25133 7647 2.2 23 10 4 14 7% 2380 297045 44999 26%
c
c seconds   switched    rate        size/glue  tier1    binary          remaining
c         MB  reductions  conflicts       size   tier2     irredundant
c          level   restarts    redundant     glue   trail          variables
c
c [  6.17 136 58 9 11 1680 1 25133 7647 2.0 41 21 5 26 9% 2380 297045 44999 26%
c W  6.23 136 58 9 11 1680 1 25133 7647 2.0 41 21 5 26 9% 2380 297045 44999 26%
c s  6.42 136 57 9 11 1681 1 26288 8756 2.0 42 21 5 26 9% 2380 297005 44999 26%
c e  6.78 136 57 9 11 1681 1 26288 8756 2.0 42 21 5 26 9% 1095 298307 44191 26%
c s  6.79 136 57 9 11 1681 1 26288 8756 2.0 42 21 5 26 9% 1095 297456 44191 26%
c e  6.83 136 57 9 11 1681 1 26288 8756 2.0 42 21 5 26 9% 1095 297441 44165 26%
c ^  6.83 136 57 9 11 1681 1 26288 8756 2.0 42 21 5 26 9% 1095 297441 44165 26%
c -  6.88 136 57 9 12 1681 1 26792 5877 2.0 41 21 4 26 9% 1095 297441 44165 26%
c u  7.03 136 62 9 12 1682 1 28338 6546 2.0 41 20 4 26 9% 1095 297441 44165 26%
c v  7.11 136 62 9 12 1682 1 28338 5880 2.0 41 20 4 26 9% 1095 297441 44165 26%
c w  7.15 136 62 9 12 1682 1 28338 5866 2.0 41 20 4 26 9% 1095 297441 44165 26%
c -  7.45 136 68 9 13 1683 1 30256 6247 2.0 40 20 5 26 9% 1095 297441 44165 26%
c O  7.54 136 72 9 13 1685 1 32661 8360 1.9 39 20 5 26 9% 1095 297441 44165 26%
c -  7.62 136 71 9 14 1685 1 33861 7860 2.0 39 20 5 25 9% 1095 297441 44165 26%
c ]  7.69 136 70 10 14 1686 1 35072 8966 2.0 39 20 5 25 9% 1095 297441 44165 26%
c {  7.69 136 115 10 14 1686 15 35072 8966 2.2 23 10 4 14 7% 1095 297441 44165 26%
c -  7.94 136 114 10 15 2072 15 37602 8667 2.2 23 10 3 13 6% 1095 297441 44165 26%
c o  8.19 136 118 10 15 2242 14 40129 10585 2.2 23 10 3 13 6% 1095 297441 44165 26%
c -  8.30 136 120 10 16 2327 14 41474 9116 2.2 23 10 3 14 6% 1095 297441 44165 26%
c u  8.59 136 124 10 16 2485 14 43246 9653 2.1 23 11 3 14 6% 1095 297441 44165 26%
c
c seconds     switched     rate        size/glue  tier1    binary          remaining
c         MB    reductions   conflicts       size   tier2     irredundant
c           level    restarts     redundant     glue   trail          variables
c
c v  8.63 136 124 10 16 2485 14 43246 9272 2.1 23 11 3 14 6% 1095 297441 44165 26%
c w  8.66 136 124 10 16 2485 14 43246 9266 2.1 23 11 3 14 6% 1095 297441 44165 26%
c x  8.69 136 124 10 16 2485 14 43246 9265 2.1 23 11 3 14 6% 1095 297388 44165 26%
c }  8.76 136 123 11 16 2501 14 43699 9609 2.1 23 11 3 14 6% 1095 297388 44165 26%
c [  8.76 136 70 11 16 2501 1 43699 9609 2.0 39 20 5 25 9% 1095 297388 44165 26%
c B  8.76 136 70 11 16 2501 1 43699 9609 2.0 39 20 5 25 9% 1095 297388 44165 26%
c -  8.88 136 68 11 17 2502 1 45475 8774 2.0 39 20 4 25 9% 1095 297388 44165 26%
c -  9.31 136 64 11 18 2505 1 49599 9366 1.9 40 21 3 24 8% 1095 297388 44165 26%
c ]  9.53 136 63 12 18 2506 1 50989 10710 1.9 40 21 3 24 8% 1095 297388 44165 26%
c {  9.53 136 123 12 18 2506 14 50989 10710 2.1 23 11 3 14 6% 1095 297388 44165 26%
c -  9.81 136 128 12 19 2738 14 53841 9953 2.1 22 11 3 13 6% 1095 297388 44165 26%
c s  9.90 136 129 12 19 2817 14 54489 10476 2.1 22 11 3 13 6% 1095 297387 44165 26%
c e 10.15 136 129 12 19 2817 14 54489 10476 2.1 22 11 3 13 6% 1051 298498 43545 25%
c s 10.16 136 129 12 19 2817 14 54489 10476 2.1 22 11 3 13 6% 1051 297851 43545 25%
c e 10.18 136 129 12 19 2817 14 54489 10476 2.1 22 11 3 13 6% 1051 297856 43541 25%
c ^ 10.18 136 129 12 19 2817 14 54489 10476 2.1 22 11 3 13 6% 1051 297856 43541 25%
c - 10.50 136 129 12 20 3157 14 58200 10515 2.1 23 11 2 13 6% 1051 297856 43541 25%
c u 10.87 136 126 12 20 3589 14 61587 12728 2.1 23 11 2 13 6% 1051 297856 43541 25%
c v 10.99 136 126 12 20 3589 14 61587 10982 2.1 23 11 2 13 6% 1051 297856 43541 25%
c w 11.03 136 126 12 20 3589 14 61587 10974 2.1 23 11 2 13 6% 1051 297856 43541 25%
c
c seconds     switched     rate         size/glue  tier1    binary          remaining
c         MB    reductions   conflicts        size   tier2     irredundant
c           level    restarts      redundant     glue   trail          variables
c
c } 11.19 136 125 13 20 3633 14 62469 11763 2.1 23 11 2 13 6% 1051 297856 43541 25%
c [ 11.19 136 63 13 20 3633 1 62469 11763 1.9 40 21 3 24 8% 1051 297856 43541 25%
c W 11.25 136 63 13 20 3633 1 62469 11763 1.9 40 21 3 24 8% 1051 297856 43541 25%
c - 11.30 136 63 13 21 3633 1 62674 9842 1.9 40 21 3 24 8% 1051 297856 43541 25%
c - 11.83 136 61 13 22 3636 1 67257 10574 1.9 40 21 2 22 8% 1051 297856 43541 25%
c - 12.45 136 64 13 23 3639 1 71949 10880 1.9 41 21 2 23 9% 1051 297856 43541 25%
c ] 12.45 136 64 14 23 3639 1 71981 10912 1.9 41 21 2 23 9% 1051 297856 43541 25%
c { 12.45 136 125 14 23 3639 14 71981 10912 2.1 23 11 2 13 6% 1051 297856 43541 25%
c o 12.47 136 126 14 23 3642 14 72022 10946 2.1 23 11 2 13 6% 1051 297856 43541 25%
c - 12.95 136 131 14 24 4053 13 76744 11829 2.1 23 11 2 12 6% 1051 297856 43541 25%
c - 13.53 136 131 14 25 4397 13 81645 13014 2.1 23 11 2 11 6% 1051 297856 43541 25%
c u 13.80 136 134 14 25 4591 13 83494 13663 2.1 23 11 2 11 6% 1051 297856 43541 25%
c v 13.90 136 134 14 25 4591 13 83494 11911 2.1 23 11 2 11 6% 1051 297856 43541 25%
c w 13.94 136 134 14 25 4591 13 83494 11909 2.1 23 11 2 11 6% 1051 297856 43541 25%
c x 14.01 136 134 14 25 4591 13 83494 11909 2.1 23 11 2 11 6% 1051 297783 43541 25%
c - 14.35 136 134 14 26 4980 13 86645 12030 2.1 23 11 2 11 6% 1051 297783 43541 25%
c } 14.36 136 134 15 26 4983 13 86696 12066 2.1 23 11 2 11 6% 1051 297783 43541 25%
c [ 14.36 136 64 15 26 4983 1 86696 12066 1.9 41 21 2 23 9% 1051 297783 43541 25%
c I 14.36 136 64 15 26 4983 1 86696 12066 1.9 41 21 2 23 9% 1051 297783 43541 25%
c - 14.76 136 62 15 27 4986 1 91744 12997 2.0 42 21 2 22 8% 1051 297783 43541 25%
c
c seconds    switched    rate         size/glue  tier1    binary          remaining
c         MB   reductions  conflicts        size   tier2     irredundant
c          level    restarts     redundant     glue   trail          variables
c
c - 15.20 136 59 15 28 4989 1 96940 12819 1.9 42 22 2 21 8% 1051 297783 43541 25%
c s 15.48 136 58 15 28 4990 1 99917 15763 2.0 43 22 2 21 8% 1051 297781 43541 25%
c e 15.86 136 58 15 28 4990 1 99917 15763 2.0 43 22 2 21 8% 297 302446 42241 25%
c s 15.88 136 58 15 28 4990 1 99917 15763 2.0 43 22 2 21 8% 297 301363 42241 25%
c e 15.94 136 58 15 28 4990 1 99917 15763 2.0 43 22 2 21 8% 297 301322 42200 25%
c ^ 15.94 136 58 15 28 4990 1 99917 15763 2.0 43 22 2 21 8% 297 301322 42200 25%
c - 16.12 136 57 15 29 4992 1 102231 12627 1.9 42 22 2 20 8% 297 301322 42200 25%
c ] 16.23 136 56 16 29 4994 1 104351 14675 2.0 42 21 2 20 8% 297 301322 42200 25%
c { 16.23 136 134 16 29 4994 13 104351 14675 2.1 23 11 2 11 6% 297 301322 42200 25%
c - 16.66 153 130 16 30 5379 13 107619 14205 2.1 23 11 2 10 6% 297 301322 42200 25%
c u 16.89 153 130 16 30 5539 13 109096 14736 2.1 23 11 2 10 6% 297 301322 42200 25%
c v 17.01 153 130 16 30 5539 13 109096 12176 2.1 23 11 2 10 6% 297 301322 42200 25%
c w 17.08 153 130 16 30 5539 13 109096 12118 2.1 23 11 2 10 6% 297 301322 42200 25%
c o 17.82 153 135 16 30 5833 13 112344 14800 2.1 23 11 2 10 6% 297 301322 42200 25%
c - 17.89 153 135 16 31 5872 13 113096 12176 2.1 23 11 1 10 6% 297 301322 42200 25%
c - 18.40 153 134 16 32 6291 12 118665 13611 2.1 23 11 1 10 6% 297 301322 42200 25%
c } 18.83 153 134 17 32 6698 12 122689 17031 2.1 23 11 1 10 6% 297 301322 42200 25%
c [ 18.83 153 56 17 32 6698 1 122689 17031 2.0 42 21 2 20 8% 297 301322 42200 25%
c B 18.83 153 56 17 32 6698 1 122689 17031 2.0 42 21 2 20 8% 297 301322 42200 25%
c - 19.20 153 58 17 33 6699 1 124322 14770 2.0 42 22 2 20 8% 297 301322 42200 25%
c
c seconds    switched    rate          size/glue  tier1   binary          remaining
c         MB   reductions  conflicts         size   tier2    irredundant
c          level    restarts      redundant     glue   trail         variables
c
c - 19.76 153 59 17 34 6703 1 130067 15281 2.0 43 21 2 20 9% 297 301322 42200 25%
c - 20.43 154 59 17 35 6705 1 135897 14600 2.0 44 22 2 19 9% 297 301322 42200 25%
c u 20.82 136 60 17 35 6707 1 138489 16715 2.0 45 22 2 19 9% 297 301322 42200 25%
c v 20.93 136 60 17 35 6707 1 138489 14325 2.0 45 22 2 19 9% 297 301322 42200 25%
c w 21.11 136 60 17 35 6707 1 138489 14250 2.0 45 22 2 19 9% 297 301322 42200 25%
c ] 21.23 136 60 18 35 6707 1 139267 14982 2.0 45 22 2 19 9% 297 301322 42200 25%
c { 21.23 136 134 18 35 6707 12 139267 14982 2.1 23 11 1 10 6% 297 301322 42200 25%
c - 21.45 136 133 18 36 6786 12 141815 13007 2.1 23 11 1 10 6% 297 301322 42200 25%
c - 22.02 136 131 18 37 7012 11 147815 14982 2.1 23 11 1 10 6% 297 301322 42200 25%
c - 22.57 136 126 18 38 7288 11 153898 16285 2.1 23 11 1 10 6% 297 301322 42200 25%
c - 23.22 136 122 18 39 7716 11 160062 17246 2.1 23 11 1 9 6% 297 301322 42200 25%
c } 23.37 136 122 19 39 7834 11 161612 18595 2.1 23 11 1 9 6% 297 301322 42200 25%
c [ 23.37 136 60 19 39 7834 1 161612 18595 2.0 45 22 2 19 9% 297 301322 42200 25%
c W 23.49 136 60 19 39 7834 1 161612 18595 2.0 45 22 2 19 9% 297 301322 42200 25%
c s 23.72 136 60 19 39 7836 1 164508 21414 2.0 45 22 2 19 9% 297 301231 42200 25%
c e 24.07 153 60 19 39 7836 1 164508 21414 2.0 45 22 2 19 9% 170 351486 33665 20%
c s 24.14 153 60 19 39 7836 1 164508 21414 2.0 45 22 2 19 9% 170 350621 33665 20%
c e 24.18 153 60 19 39 7836 1 164508 21414 2.0 45 22 2 19 9% 170 350538 33644 20%
c ^ 24.18 153 60 19 39 7836 1 164508 21414 2.0 45 22 2 19 9% 170 350538 33644 20%
c o 24.20 154 60 19 39 7836 1 164508 18685 2.0 45 22 2 19 9% 170 350538 33644 20%
c
c seconds    switched    rate          size/glue  tier1   binary          remaining
c         MB   reductions  conflicts         size   tier2    irredundant
c          level    restarts      redundant     glue   trail         variables
c
c - 24.39 154 60 19 40 7837 1 166306 15986 2.1 45 22 2 19 9% 170 350538 33644 20%
c u 25.41 155 60 19 40 7840 1 171763 20891 2.1 47 23 2 19 9% 170 350538 33644 20%
c v 25.52 155 60 19 40 7840 1 171763 17913 2.1 47 23 2 19 9% 170 350538 33644 20%
c w 25.65 157 60 19 40 7840 1 171763 17787 2.1 47 23 2 19 9% 170 350538 33644 20%
c x 25.75 157 60 19 40 7840 1 171763 17787 2.1 47 23 2 19 9% 170 350361 33644 20%
c - 26.04 157 60 19 41 7840 1 172630 13546 2.1 47 23 1 19 10% 170 350361 33644 20%
c ] 26.89 157 60 20 41 7843 1 176360 17184 2.1 48 23 1 19 10% 170 350361 33644 20%
c { 26.89 157 122 20 41 7843 11 176360 17184 2.1 23 11 1 9 6% 170 350361 33644 20%
c - 27.21 158 121 20 42 8056 11 179033 14772 2.1 23 11 1 9 6% 170 350361 33644 20%
c - 27.98 158 121 20 43 8694 11 185513 17000 2.1 23 11 1 9 6% 170 350361 33644 20%
c - 28.75 159 121 20 44 9345 11 192071 18713 2.1 23 11 1 8 6% 170 350361 33644 20%
c - 29.50 159 119 20 45 10014 11 198705 20046 2.1 24 11 1 8 6% 170 350361 33644 20%
c } 29.99 150 121 21 45 10356 11 203099 23777 2.1 24 11 1 8 6% 170 350361 33644 20%
c [ 29.99 150 60 21 45 10356 1 203099 23777 2.1 48 23 1 19 10% 170 350361 33644 20%
c O 29.99 150 60 21 45 10356 1 203099 23777 2.1 48 23 1 19 10% 170 350361 33644 20%
c - 30.38 150 61 21 46 10358 1 205415 20708 2.1 49 23 1 19 10% 170 350361 33644 20%
c u 31.12 151 61 21 46 10361 1 209450 23961 2.1 49 23 1 19 10% 170 350361 33644 20%
c v 31.22 151 61 21 46 10361 1 209450 20295 2.1 49 23 1 19 10% 170 350361 33644 20%
c w 31.51 152 61 21 46 10361 1 209450 20233 2.1 49 23 1 19 10% 170 350361 33644 20%
c - 32.25 153 61 21 47 10362 1 212198 16852 2.1 50 24 1 18 10% 170 350361 33644 20%
c
c seconds    switched     rate          size/glue  tier1    binary          remaining
c         MB   reductions   conflicts         size   tier2     irredundant
c          level    restarts       redundant     glue    trail         variables
c
c - 33.38 153 62 21 48 10365 1 219053 16897 2.2 52 24 1 18 11% 170 350361 33644 20%
c ] 33.80 153 62 22 48 10368 1 222190 19947 2.2 52 24 1 18 11% 170 350361 33644 20%
c { 33.80 153 121 22 48 10368 11 222190 19947 2.1 24 11 1 8 6% 170 350361 33644 20%
c o 34.04 154 119 22 48 10454 10 224534 22060 2.1 24 11 1 8 6% 170 350361 33644 20%
c - 34.20 154 118 22 49 10513 10 225981 18261 2.1 24 11 1 8 6% 170 350361 33644 20%
c - 34.87 154 115 22 50 10811 10 232982 20711 2.1 24 11 1 8 6% 170 350361 33644 20%
c - 35.71 155 112 22 51 11220 10 240053 22594 2.2 24 11 1 8 7% 170 350361 33644 20%
c - 36.63 155 109 22 52 11645 10 247194 23781 2.2 24 11 1 8 7% 170 350360 33644 20%
c s 37.05 155 108 22 52 11882 10 250998 27205 2.2 24 11 1 8 7% 170 350346 33644 20%
c e 37.56 159 108 22 52 11882 10 250998 27205 2.2 24 11 1 8 7% 119 367947 31807 19%
c s 37.62 159 108 22 52 11882 10 250998 27205 2.2 24 11 1 8 7% 119 366118 31807 19%
c e 37.68 159 108 22 52 11882 10 250998 27205 2.2 24 11 1 8 7% 119 366678 31762 19%
c ! 37.68 159 108 22 52 11882 10 250998 27205 2.2 24 11 1 8 7% 119 366678 31762 19%
c u 37.79 160 108 22 52 11889 10 251218 23861 2.2 24 11 1 8 7% 119 366678 31762 19%
c v 37.92 160 108 22 52 11889 10 251218 20200 2.2 24 11 1 8 7% 119 366678 31762 19%
c w 38.15 160 108 22 52 11889 10 251218 19936 2.2 24 11 1 8 7% 119 366678 31762 19%
c } 38.70 150 107 23 52 12031 10 253706 22172 2.2 24 11 1 8 7% 119 366678 31762 19%
c [ 38.70 150 62 23 52 12031 1 253706 22172 2.2 52 24 1 18 11% 119 366678 31762 19%
c B 38.70 150 62 23 52 12031 1 253706 22172 2.2 52 24 1 18 11% 119 366678 31762 19%
c - 38.78 150 62 23 53 12031 1 254405 19045 2.2 52 24 1 18 11% 119 366678 31762 19%
c
c seconds    switched     rate          size/glue  tier1    binary          remaining
c         MB   reductions   conflicts         size   tier2     irredundant
c          level    restarts       redundant     glue    trail         variables
c
c - 39.98 150 63 23 54 12036 1 261688 20054 2.2 53 24 1 18 11% 119 366678 31762 19%
c - 41.54 151 63 23 55 12040 1 269036 19182 2.2 54 24 1 17 12% 119 366678 31762 19%
c - 42.62 152 63 23 56 12044 1 276452 19485 2.2 54 24 1 17 12% 119 366678 31762 19%
c ] 42.66 152 63 24 56 12044 1 276743 19759 2.2 54 24 1 17 12% 119 366678 31762 19%
c { 42.66 152 107 24 56 12044 10 276743 19759 2.2 24 11 1 8 7% 119 366678 31762 19%
c - 43.49 153 108 24 57 12659 10 283936 20954 2.2 24 11 1 8 7% 119 366678 31762 19%
c - 44.28 154 107 24 58 13289 10 291486 22627 2.2 25 11 1 8 7% 119 366678 31762 19%
c o 44.58 154 108 24 58 13455 10 294564 25333 2.2 25 11 1 8 7% 119 366678 31762 19%
c u 44.93 154 108 24 58 13743 10 297346 27237 2.2 25 11 1 8 7% 119 366678 31762 19%
c v 45.06 154 108 24 58 13743 10 297346 22863 2.2 25 11 1 8 7% 119 366678 31762 19%
c w 45.38 154 108 24 58 13743 10 297346 22617 2.2 25 11 1 8 7% 119 366678 31762 19%
c - 46.51 155 107 24 59 13928 10 299102 19805 2.2 25 11 1 8 7% 119 366678 31762 19%
c - 47.46 156 106 24 60 14643 10 306783 21993 2.2 25 11 1 8 7% 119 366678 31762 19%
c } 48.18 156 106 25 60 15181 10 313422 27763 2.2 25 11 1 8 7% 119 366678 31762 19%
c [ 48.18 156 63 25 60 15181 1 313422 27763 2.2 54 24 1 17 12% 119 366678 31762 19%
c W 48.29 136 63 25 60 15181 1 313422 27763 2.2 54 24 1 17 12% 119 366678 31762 19%
c - 48.43 136 63 25 61 15182 1 314528 23956 2.2 54 24 1 17 12% 119 366678 31762 19%
c - 49.41 153 64 25 62 15187 1 322338 24145 2.3 55 24 1 17 12% 119 366678 31762 19%
c - 50.53 153 64 25 63 15191 1 330213 22450 2.3 55 24 1 17 12% 119 366678 31762 19%
c - 51.57 154 64 25 64 15194 1 338150 22059 2.3 55 24 1 16 12% 119 366678 31762 19%
c
c seconds    switched     rate          size/glue  tier1    binary          remaining
c         MB   reductions   conflicts         size   tier2     irredundant
c          level    restarts       redundant     glue    trail         variables
c
c ] 52.65 154 64 26 64 15195 1 345786 29523 2.3 56 25 1 16 12% 119 366678 31762 19%
c { 52.65 154 106 26 64 15195 10 345786 29523 2.2 25 11 1 8 7% 119 366678 31762 19%
c - 52.73 154 106 26 65 15250 10 346150 21785 2.2 25 12 1 8 7% 119 366678 31762 19%
c u 53.03 136 105 26 65 15398 10 347729 22589 2.2 25 12 1 8 7% 119 366678 31762 19%
c v 53.12 136 105 26 65 15398 10 347729 20302 2.2 25 12 1 8 7% 119 366678 31762 19%
c w 53.37 136 105 26 65 15398 10 347729 19388 2.2 25 12 1 8 7% 119 366678 31762 19%
c x 53.55 153 105 26 65 15398 10 347729 19388 2.2 25 12 1 8 7% 119 366607 31762 19%
c - 54.35 154 104 26 66 15450 9 354214 21757 2.4 28 11 1 7 7% 119 366607 31762 19%
c s 55.07 154 101 26 66 15450 9 360671 28118 2.7 30 11 1 7 8% 119 366473 31762 19%
c e 55.11 155 101 26 66 15450 9 360671 28118 2.7 30 11 1 7 8% 119 366544 31755 19%
c s 55.12 155 101 26 66 15450 9 360671 28118 2.7 30 11 1 7 8% 119 366498 31755 19%
c e 55.14 155 101 26 66 15450 9 360671 28118 2.7 30 11 1 7 8% 119 366530 31753 19%
c - 55.47 157 101 26 67 15737 9 362338 26663 2.7 30 11 1 7 8% 119 366530 31753 19%
c - 56.83 158 101 26 68 17024 9 370523 27508 2.6 30 11 1 7 8% 119 366530 31753 19%
c o 57.39 158 102 26 68 17538 9 374567 31112 2.6 30 12 1 7 8% 119 366530 31753 19%
c - 58.18 158 102 26 69 18155 10 378771 26229 2.6 30 12 1 7 8% 119 366530 31753 19%
c - 59.53 159 102 26 70 19271 10 387078 26635 2.5 30 12 1 7 8% 119 366530 31753 19%
c } 59.69 159 102 27 70 19436 10 388005 27524 2.5 30 12 1 7 8% 119 366530 31753 19%
c [ 59.69 159 64 27 70 19436 1 388005 27524 2.3 56 25 1 16 12% 119 366530 31753 19%
c I 59.69 159 64 27 70 19436 1 388005 27524 2.3 56 25 1 16 12% 119 366530 31753 19%
c
c seconds    switched     rate          size/glue  tier1    binary          remaining
c         MB   reductions   conflicts         size   tier2     irredundant
c          level    restarts       redundant     glue    trail         variables
c
c - 60.88 159 64 27 71 19441 1 395446 26819 2.3 56 25 1 16 12% 119 366530 31753 19%
c u 62.35 159 64 27 71 19444 1 402447 33025 2.3 57 25 1 16 12% 119 366530 31753 19%
c v 62.49 159 64 27 71 19444 1 402447 28863 2.3 57 25 1 16 12% 119 366530 31753 19%
c w 63.02 162 64 27 71 19444 1 402447 28761 2.3 57 25 1 16 12% 119 366530 31753 19%
c - 63.35 144 64 27 72 19445 1 403873 22033 2.3 57 25 1 16 12% 119 366530 31753 19%
c - 65.07 147 63 27 73 19449 1 412358 21572 2.3 58 25 1 16 12% 119 366530 31753 19%
c ] 66.66 148 62 28 73 19450 1 420157 29198 2.3 59 25 1 16 13% 119 366530 31753 19%
c { 66.66 148 102 28 73 19450 10 420157 29198 2.5 30 12 1 7 8% 119 366530 31753 19%
c - 66.77 150 101 28 74 19565 10 420902 22184 2.5 30 12 1 7 8% 119 366530 31753 19%
c - 67.94 153 101 28 75 20604 10 429505 24680 2.5 30 12 1 7 8% 119 366530 31753 19%
c - 69.11 154 102 28 76 21477 10 438165 26878 2.4 30 12 1 7 8% 119 366530 31753 19%
c - 70.16 155 103 28 77 22312 10 446882 28482 2.4 30 12 1 6 8% 119 366530 31753 19%
c - 71.27 155 103 28 78 23177 10 455657 29811 2.4 30 12 1 6 8% 119 366530 31753 19%
c u 72.38 155 102 28 78 23813 10 461551 34296 2.4 30 12 1 6 8% 119 366530 31753 19%
c v 72.52 155 102 28 78 23813 10 461551 29843 2.4 30 12 1 6 8% 119 366530 31753 19%
c w 73.15 156 102 28 78 23813 10 461551 29541 2.4 30 12 1 6 8% 119 366530 31753 19%
c - 73.61 156 103 28 79 24181 10 464490 26376 2.4 30 12 1 6 8% 119 366530 31753 19%
c o 73.63 156 103 28 79 24190 10 464583 26452 2.4 30 12 1 6 8% 119 366530 31753 19%
c } 74.14 156 102 29 79 24651 10 468295 29917 2.4 30 13 1 6 8% 119 366530 31753 19%
c [ 74.14 156 62 29 79 24651 1 468295 29917 2.3 59 25 1 16 13% 119 366530 31753 19%
c
c seconds    switched     rate          size/glue  tier1    binary          remaining
c         MB   reductions   conflicts         size   tier2     irredundant
c          level    restarts       redundant     glue    trail         variables
c
c B 74.14 156 62 29 79 24651 1 468295 29917 2.3 59 25 1 16 13% 119 366530 31753 19%
c - 75.06 156 62 29 80 24654 1 473379 27005 2.3 59 25 1 15 13% 119 366530 31753 19%
c - 76.49 156 63 29 81 24659 1 482325 26563 2.3 59 25 1 15 13% 119 366530 31753 19%
c - 77.98 156 64 29 82 24664 1 491325 25716 2.4 60 25 1 15 13% 119 366530 31753 19%
c s 78.57 156 64 29 82 24665 1 494790 29128 2.3 60 26 1 15 13% 119 366488 31753 19%
c e 78.60 157 64 29 82 24665 1 494790 29128 2.3 60 26 1 15 13% 119 366519 31751 19%
c s 78.60 157 64 29 82 24665 1 494790 29128 2.3 60 26 1 15 13% 119 366477 31751 19%
c e 78.62 157 64 29 82 24665 1 494790 29128 2.3 60 26 1 15 13% 119 366492 31750 19%
c - 79.74 158 64 29 83 24665 1 500381 25348 2.4 60 26 1 15 13% 119 366492 31750 19%
c - 81.00 158 64 29 84 24671 1 509492 25479 2.4 60 25 1 14 13% 119 366492 31750 19%
c ] 81.16 158 64 30 84 24672 1 510539 26511 2.4 60 25 1 14 13% 119 366492 31750 19%
c { 81.16 158 102 30 84 24672 10 510539 26511 2.4 30 13 1 6 8% 119 366492 31750 19%
c - 82.41 158 102 30 85 25476 10 518658 27897 2.4 30 13 1 6 8% 119 366492 31750 19%
c u 83.37 158 104 30 85 26187 10 525122 33076 2.4 30 13 1 6 8% 119 366492 31750 19%
c v 83.48 158 104 30 85 26187 10 525122 29713 2.4 30 13 1 6 8% 119 366492 31750 19%
c w 84.09 158 104 30 85 26187 10 525122 28806 2.4 30 13 1 6 8% 119 366492 31750 19%
c - 84.51 158 104 30 86 26439 10 527879 25889 2.4 30 13 1 6 8% 119 366492 31750 19%
c - 86.13 158 106 30 87 27350 10 537152 28153 2.3 30 13 1 6 8% 119 366492 31750 19%
c - 87.54 158 105 30 88 28414 10 546479 30154 2.3 30 13 1 6 8% 119 366492 31750 19%
c - 88.81 159 104 30 89 29370 10 555859 31532 2.3 31 13 1 6 8% 119 366492 31750 19%
c
c seconds     switched      rate          size/glue  tier1  binary          remaining
c         MB    reductions    conflicts         size   tier2   irredundant
c           level    restarts        redundant     glue  trail         variables
c
c o 90.05 159 106 30 89 30217 10 564604 39495 2.3 31 13 1 6 8% 119 366492 31750 19%
c } 90.10 159 105 31 89 30260 10 564974 39848 2.3 31 13 1 6 8% 119 366492 31750 19%
c [ 90.10 159 64 31 89 30260 1 564974 39848 2.4 60 25 1 14 13% 119 366492 31750 19%
c W 90.23 136 64 31 89 30260 1 564974 39848 2.4 60 25 1 14 13% 119 366492 31750 19%
c - 90.29 152 64 31 90 30260 1 565292 32600 2.4 60 25 1 14 13% 119 366492 31750 19%
c - 91.53 154 65 31 91 30266 1 574778 32032 2.4 59 25 1 14 14% 119 366492 31750 19%
c - 93.04 154 65 31 92 30272 1 584317 29763 2.4 60 25 1 14 14% 119 366492 31750 19%
c u 94.63 155 65 31 92 30274 1 593214 37621 2.4 60 25 1 14 14% 119 366492 31750 19%
c v 94.74 155 65 31 92 30274 1 593214 34619 2.4 60 25 1 14 14% 119 366492 31750 19%
c w 95.61 158 65 31 92 30274 1 593214 34555 2.4 60 25 1 14 14% 119 366492 31750 19%
c - 95.77 158 65 31 93 30274 1 593908 26160 2.4 60 25 1 14 14% 119 366492 31750 19%
c - 97.19 158 65 31 94 30279 1 603552 26728 2.4 60 25 1 14 14% 119 366492 31750 19%
c O 98.95 159 65 31 94 30284 1 613136 36153 2.4 60 25 1 14 14% 119 366492 31750 19%
c - 98.98 159 65 31 95 30284 1 613248 27421 2.4 60 25 1 14 14% 119 366492 31750 19%
c ] 99.37 159 65 32 95 30285 1 615614 29750 2.4 60 25 1 14 14% 119 366492 31750 19%
c { 99.37 159 105 32 95 30285 10 615614 29750 2.3 31 13 1 6 8% 119 366492 31750 19%
c - 100.40 160 106 32 96 30917 10 622996 29334 2.3 31 13 1 6 8% 119 366492 31750 19%
c - 101.83 160 105 32 97 31848 10 632793 31562 2.3 31 13 1 6 8% 119 366492 31750 19%
c - 103.27 161 105 32 98 32800 10 642641 33153 2.3 31 13 1 6 8% 119 366492 31750 19%
c - 104.75 153 106 32 99 33648 10 652540 34263 2.3 31 13 1 6 8% 119 366492 31750 19%
c
c seconds      switched      rate          size/glue  tier1  binary          remaining
c          MB    reductions    conflicts         size   tier2   irredundant
c            level    restarts        redundant     glue  trail         variables
c
c s 105.13 153 106 32 99 33826 10 654866 36403 2.3 31 13 1 6 8% 119 366470 31750 19%
c s 105.15 155 106 32 99 33826 10 654866 36403 2.3 31 13 1 6 8% 119 366469 31750 19%
c - 106.23 155 108 32 100 34570 10 662491 35113 2.3 31 13 1 6 8% 119 366469 31750 19%
c u 106.92 155 107 32 100 34970 10 665878 37199 2.3 31 14 1 6 8% 119 366469 31750 19%
c v 107.04 155 107 32 100 34970 10 665878 32742 2.3 31 14 1 6 8% 119 366469 31750 19%
c w 107.40 156 107 32 100 34970 10 665878 32343 2.3 31 14 1 6 8% 119 366469 31750 19%
c x 107.59 156 107 32 100 34970 10 665878 32336 2.3 31 14 1 6 8% 119 366328 31750 19%
c - 109.81 157 106 32 101 35523 10 672491 31456 2.3 31 14 1 6 8% 119 366328 31750 19%
c o 110.10 157 107 32 101 35625 9 674610 33425 2.3 32 14 1 6 8% 119 366328 31750 19%
c } 110.40 157 107 33 101 35902 9 676718 35375 2.3 32 14 1 6 8% 119 366328 31750 19%
c [ 110.40 157 65 33 101 35902 1 676718 35375 2.4 60 25 1 14 14% 119 366328 31750 19%
c B 110.40 157 65 33 101 35902 1 676718 35375 2.4 60 25 1 14 14% 119 366328 31750 19%
c - 111.54 157 65 33 102 35906 1 682540 32502 2.4 61 26 1 14 14% 119 366328 31750 19%
c - 113.29 157 64 33 103 35911 1 692641 31158 2.4 61 26 1 13 14% 119 366328 31750 19%
c - 115.24 157 64 33 104 35916 1 702790 29841 2.4 63 26 1 13 14% 119 366328 31750 19%
c - 117.21 158 64 33 105 35919 1 712988 29344 2.4 63 26 1 13 13% 119 366328 31750 19%
c - 119.30 158 64 33 106 35925 1 723234 29149 2.3 63 27 1 13 13% 119 366328 31750 19%
c ] 119.40 158 64 34 106 35925 1 723708 29614 2.3 63 27 1 13 13% 119 366328 31750 19%
c { 119.40 158 107 34 106 35925 9 723708 29614 2.3 32 14 1 6 8% 119 366328 31750 19%
c - 120.59 158 105 34 107 36226 9 733530 31997 2.4 32 14 1 6 8% 119 366328 31750 19%
c
c seconds      switched      rate          size/glue  tier1  binary          remaining
c          MB    reductions    conflicts         size   tier2   irredundant
c            level     restarts       redundant     glue  trail         variables
c
c u 122.31 136 104 34 107 36603 9 743165 39910 2.4 32 14 1 6 8% 119 366328 31750 19%
c v 122.49 152 104 34 107 36603 9 743165 36403 2.4 32 14 1 6 8% 119 366328 31750 19%
c w 123.50 154 104 34 107 36603 9 743165 35905 2.4 32 14 1 6 8% 119 366328 31750 19%
c - 123.67 154 105 34 108 36631 9 743874 31043 2.4 32 14 1 6 8% 119 366328 31750 19%
c - 125.01 156 103 34 109 37058 8 754268 33570 2.4 32 13 1 6 8% 119 366328 31750 19%
c - 126.63 156 103 34 110 37548 8 764710 35812 2.4 32 13 1 6 8% 119 366328 31750 19%
c - 128.22 157 102 34 111 37843 8 775198 37647 2.5 33 13 1 6 9% 119 366328 31750 19%
c - 129.71 158 101 34 112 38358 7 785733 38656 2.5 33 13 1 6 9% 119 366328 31750 19%
c } 130.53 158 101 35 112 38501 7 791856 44315 2.5 33 13 1 5 9% 119 366328 31750 19%
c [ 130.53 158 64 35 112 38501 1 791856 44315 2.3 63 27 1 13 13% 119 366328 31750 19%
c W 130.75 136 64 35 112 38501 1 791856 44315 2.3 63 27 1 13 13% 119 366328 31750 19%
c o 131.48 153 64 35 112 38504 1 795988 48400 2.4 63 27 1 13 13% 119 366328 31750 19%
c - 131.56 154 64 35 113 38504 1 796316 38954 2.4 63 27 1 13 13% 119 366328 31750 19%
c - 133.32 155 65 35 114 38510 1 806946 37944 2.4 62 26 1 13 14% 119 366328 31750 19%
c - 135.00 155 65 35 115 38515 1 817623 36426 2.4 62 26 1 13 14% 119 366328 31750 19%
c u 136.23 156 65 35 115 38516 1 825131 42480 2.4 62 25 1 13 14% 119 366328 31750 19%
c v 136.33 156 65 35 115 38516 1 825131 39484 2.4 62 25 1 13 14% 119 366328 31750 19%
c w 137.20 158 65 35 115 38516 1 825131 39319 2.4 62 25 1 13 14% 119 366328 31750 19%
c - 137.66 158 65 35 116 38518 1 828346 32061 2.4 62 25 1 12 14% 119 366328 31750 19%
c - 138.88 158 64 35 117 38524 1 839116 32436 2.4 61 25 1 12 13% 119 366328 31750 19%
c
c seconds     switched      rate          size/glue  tier1    binary          remaining
c          MB   reductions    conflicts         size   tier2     irredundant
c           level     restarts       redundant     glue    trail         variables
c
c s 139.40 158 64 35 117 38526 1 842271 35536 2.4 61 25 1 12 13% 119 366305 31750 19%
c e 139.49 159 64 35 117 38526 1 842271 35536 2.4 61 25 1 12 13% 119 366794 31663 18%
c s 139.50 159 64 35 117 38526 1 842271 35536 2.4 61 25 1 12 13% 119 366430 31663 18%
c e 139.55 159 64 35 117 38526 1 842271 35536 2.4 61 25 1 12 13% 119 366476 31659 18%
c - 140.76 159 64 35 118 38530 1 849932 32270 2.4 62 25 1 12 13% 119 366476 31659 18%
c I 141.32 159 64 35 118 38530 1 854407 36587 2.4 62 25 1 12 13% 119 366476 31659 18%
c ] 141.76 159 64 36 118 38530 1 857363 39479 2.4 61 25 1 12 13% 119 366476 31659 18%
c { 141.76 159 101 36 118 38530 7 857363 39479 2.5 33 13 1 5 9% 119 366476 31659 18%
c - 142.36 159 101 36 119 38955 7 860794 33147 2.5 33 13 1 5 9% 119 366476 31659 18%
c - 144.09 160 103 36 120 40244 8 871703 35826 2.5 33 13 1 5 9% 119 366476 31659 18%
c - 145.76 161 104 36 121 41210 8 882657 37386 2.5 33 14 1 5 9% 119 366476 31659 18%
c - 147.46 161 105 36 122 42410 8 893657 38522 2.4 33 14 1 5 9% 119 366476 31659 18%
c - 149.09 153 105 36 123 43485 8 904702 39842 2.4 34 14 1 5 9% 119 366476 31659 18%
c u 150.29 154 105 36 123 44141 8 911828 45289 2.4 34 14 1 5 9% 119 366476 31659 18%
c v 150.44 154 105 36 123 44141 8 911828 40837 2.4 34 14 1 5 9% 119 366476 31659 18%
c w 151.30 154 105 36 123 44141 8 911828 40245 2.4 34 14 1 5 9% 119 366476 31659 18%
c - 151.84 155 104 36 124 44453 8 915792 36060 2.4 34 14 1 5 9% 119 366476 31659 18%
c o 153.22 155 107 36 124 45173 8 925991 45527 2.4 34 14 1 5 9% 119 366476 31659 18%
c - 153.39 156 107 36 125 45259 8 926928 38021 2.4 34 14 1 5 9% 119 366476 31659 18%
c } 154.25 156 107 37 125 45740 8 932919 43699 2.4 34 14 1 5 9% 119 366476 31659 18%
c
c seconds     switched      rate          size/glue  tier1    binary          remaining
c          MB   reductions    conflicts         size   tier2     irredundant
c           level     restarts       redundant     glue    trail         variables
c
c [ 154.25 156 64 37 125 45740 1 932919 43699 2.4 61 25 1 12 13% 119 366476 31659 18%
c B 154.25 156 64 37 125 45740 1 932919 43699 2.4 61 25 1 12 13% 119 366476 31659 18%
c - 154.90 156 64 37 126 45744 1 938111 39331 2.4 61 25 1 12 13% 119 366476 31659 18%
c - 156.44 156 64 37 127 45749 1 949335 38027 2.4 61 25 1 12 13% 119 366476 31659 18%
c - 157.91 157 64 37 128 45754 1 960606 35651 2.4 61 25 1 12 13% 119 366476 31659 18%
c - 159.88 157 64 37 129 45759 1 971919 36617 2.5 61 25 1 12 13% 119 366475 31659 18%
c - 161.76 157 64 37 130 45765 1 983276 36338 2.4 62 25 1 12 13% 119 366475 31659 18%
c - 164.30 157 64 37 131 45769 1 994678 35588 2.4 62 25 1 12 13% 119 366475 31659 18%
c u 167.03 158 64 37 131 45770 1 1003311 43222 2.5 62 25 1 12 14% 119 366475 31659 18%
c v 167.16 158 64 37 131 45770 1 1003311 40973 2.5 62 25 1 12 14% 119 366475 31659 18%
c w 168.52 161 64 37 131 45770 1 1003311 40668 2.5 62 25 1 12 14% 119 366475 31659 18%
c W 169.42 136 64 37 131 45770 1 1005894 43187 2.5 63 25 1 12 14% 119 366475 31659 18%
c - 169.47 152 64 37 132 45770 1 1006123 33807 2.5 63 25 1 12 14% 119 366475 31659 18%
c ] 169.99 153 64 38 132 45770 1 1009547 37151 2.5 62 25 1 12 14% 119 366475 31659 18%
c { 169.99 153 107 38 132 45770 8 1009547 37151 2.4 34 14 1 5 9% 119 366475 31659 18%
c - 170.83 155 104 38 133 45919 8 1017613 36879 2.5 34 14 1 5 9% 119 366475 31659 18%
c - 171.78 156 101 38 134 46102 7 1029146 40172 2.5 34 14 1 5 9% 119 366475 31659 18%
c - 172.92 157 97 38 135 46280 7 1040722 42391 2.5 34 14 1 5 9% 119 366475 31659 18%
c - 174.16 158 95 38 136 46600 7 1052341 43420 2.5 34 13 1 6 9% 119 366475 31659 18%
c s 174.77 158 93 38 136 46730 7 1058382 49267 2.5 34 13 1 6 9% 119 366391 31659 18%
c
c seconds     switched      rate           size/glue  tier1  binary          remaining
c          MB   reductions     conflicts         size   tier2   irredundant
c           level     restarts        redundant     glue  trail         variables
c
c e 174.78 158 93 38 136 46730 7 1058382 49267 2.5 34 13 1 6 9% 119 366438 31656 18%
c s 174.79 158 93 38 136 46730 7 1058382 49267 2.5 34 13 1 6 9% 119 366398 31656 18%
c e 174.81 158 93 38 136 46730 7 1058382 49267 2.5 34 13 1 6 9% 119 366423 31654 18%
c - 175.48 158 92 38 137 46861 7 1064003 43984 2.5 34 13 1 6 9% 119 366423 31654 18%
c o 175.76 158 92 38 137 46927 7 1066066 45938 2.5 34 13 1 6 9% 119 366423 31654 18%
c - 176.89 159 90 38 138 47191 6 1075707 44649 2.5 34 13 1 6 9% 119 366423 31654 18%
c - 178.05 159 87 38 139 47474 6 1087455 45388 2.5 33 13 1 6 9% 119 366423 31654 18%
c } 178.58 159 86 39 139 47579 6 1092881 50550 2.5 33 13 1 6 9% 119 366423 31654 18%
c [ 178.58 159 64 39 139 47579 1 1092881 50550 2.5 62 25 1 12 14% 119 366423 31654 18%
c O 178.58 159 64 39 139 47579 1 1092881 50550 2.5 62 25 1 12 14% 119 366423 31654 18%
c - 179.21 159 64 39 140 47584 1 1099245 44851 2.5 62 25 1 12 13% 119 366423 31654 18%
c u 179.37 159 64 39 140 47584 1 1099632 44567 2.5 62 25 1 12 13% 119 366423 31654 18%
c v 179.57 159 64 39 140 47584 1 1099632 39935 2.5 62 25 1 12 13% 119 366423 31654 18%
c w 180.08 159 64 39 140 47584 1 1099632 38128 2.5 62 25 1 12 13% 119 366423 31654 18%
c - 182.47 160 64 39 141 47590 1 1111078 36769 2.5 62 25 1 12 13% 119 366423 31654 18%
c - 184.98 160 64 39 142 47593 1 1122953 34331 2.4 64 26 1 12 13% 119 366423 31654 18%
c - 187.68 160 64 39 143 47600 1 1134870 33193 2.4 64 27 1 12 13% 119 366423 31654 18%
c ] 188.15 160 64 40 143 47600 1 1137460 35764 2.4 64 27 1 12 13% 119 366423 31654 18%
c { 188.15 160 86 40 143 47600 6 1137460 35764 2.5 33 13 1 6 9% 119 366423 31654 18%
c - 189.74 161 88 40 144 48896 7 1146829 36430 2.5 33 13 1 6 9% 119 366423 31654 18%
c
c seconds     switched      rate           size/glue  tier1  binary          remaining
c          MB   reductions     conflicts         size   tier2   irredundant
c           level     restarts        redundant     glue  trail         variables
c
c - 191.66 161 90 40 145 50010 7 1158829 40183 2.5 33 13 1 6 9% 119 366423 31654 18%
c - 193.78 161 90 40 146 51256 7 1170870 42504 2.5 34 13 1 6 9% 119 366423 31654 18%
c - 196.11 161 90 40 147 53056 8 1182954 42918 2.5 34 14 1 6 9% 119 366423 31654 18%
c - 198.22 154 92 40 148 54417 8 1195079 43548 2.5 34 14 1 5 9% 119 366423 31654 18%
c u 199.34 155 92 40 148 55114 8 1200815 47681 2.4 34 14 1 5 9% 119 366423 31654 18%
c v 199.53 155 92 40 148 55114 8 1200815 43384 2.4 34 14 1 5 9% 119 366423 31654 18%
c w 200.34 155 92 40 148 55114 8 1200815 42650 2.4 34 14 1 5 9% 119 366423 31654 18%
c x 200.76 159 92 40 148 55114 8 1200815 42645 2.4 34 14 1 5 9% 119 366152 31654 18%
c - 202.09 159 93 40 149 55724 8 1207245 39962 2.4 34 14 1 5 9% 119 366152 31654 18%
c o 203.49 159 94 40 149 56527 8 1216066 48267 2.4 34 14 1 5 9% 119 366152 31654 18%
c - 204.09 159 95 40 150 56850 8 1219452 42329 2.4 34 14 1 5 9% 119 366152 31654 18%
c } 205.75 160 95 41 150 57683 8 1228933 51448 2.4 35 14 1 5 9% 119 366152 31654 18%
c [ 205.75 160 64 41 150 57683 1 1228933 51448 2.4 64 27 1 12 13% 119 366152 31654 18%
c B 205.75 160 64 41 150 57683 1 1228933 51448 2.4 64 27 1 12 13% 119 366152 31654 18%
c - 206.13 160 64 41 151 57685 1 1231699 43887 2.4 64 27 1 12 13% 119 366152 31654 18%
c - 207.95 160 64 41 152 57692 1 1243989 42962 2.4 63 26 1 12 13% 119 366152 31654 18%
c - 209.76 160 64 41 153 57697 1 1256322 40545 2.4 63 26 1 12 13% 119 366152 31654 18%
c - 211.87 161 64 41 154 57703 1 1268691 40043 2.4 63 26 1 12 13% 119 366152 31654 18%
c - 214.28 161 63 41 155 57710 1 1281101 40501 2.4 63 26 1 12 13% 119 366152 31654 18%
c - 216.70 161 63 41 156 57712 1 1293551 40369 2.4 64 26 1 12 13% 119 366152 31654 18%
c
c seconds     switched      rate           size/glue  tier1    binary          remaining
c          MB   reductions     conflicts         size   tier2     irredundant
c           level     restarts        redundant     glue    trail         variables
c
c s 218.77 147 63 41 156 57713 1 1304438 51144 2.4 64 26 1 12 13% 119 366117 31654 18%
c e 218.88 152 63 41 156 57713 1 1304438 51144 2.4 64 26 1 12 13% 119 366200 31594 18%
c s 218.89 152 63 41 156 57713 1 1304438 51144 2.4 64 26 1 12 13% 119 365969 31594 18%
c e 218.92 152 63 41 156 57713 1 1304438 51144 2.4 64 26 1 12 13% 118 366034 31589 18%
c - 219.21 152 62 41 157 57713 1 1306040 39719 2.4 64 26 1 12 13% 118 366034 31589 18%
c u 219.54 153 62 41 157 57713 1 1306908 39621 2.4 64 26 1 12 13% 118 366034 31589 18%
c v 219.63 153 62 41 157 57713 1 1306908 37578 2.4 64 26 1 12 13% 118 366034 31589 18%
c w 220.12 154 62 41 157 57713 1 1306908 35611 2.4 64 26 1 12 13% 118 366034 31589 18%
c - 224.16 154 63 41 158 57719 1 1318569 36268 2.5 64 26 1 11 14% 118 366034 31589 18%
c W 224.32 136 63 41 158 57719 1 1318733 36431 2.5 64 26 1 11 14% 118 366034 31589 18%
c ] 224.50 152 63 42 158 57719 1 1319599 37275 2.4 64 26 1 11 14% 118 366034 31589 18%
c { 224.50 152 95 42 158 57719 8 1319599 37275 2.4 35 14 1 5 9% 118 366034 31589 18%
c - 226.37 156 99 42 159 58459 8 1331139 40217 2.4 35 14 1 5 9% 118 366034 31589 18%
c - 228.22 157 98 42 160 59492 8 1343748 42877 2.4 35 14 1 5 9% 118 366034 31589 18%
c - 230.37 158 99 42 161 60252 8 1356397 43868 2.5 36 14 1 5 9% 118 366034 31589 18%
c - 232.40 158 101 42 162 61151 8 1369085 45234 2.5 36 14 1 5 9% 118 366034 31589 18%
c o 233.38 158 102 42 162 61626 8 1376086 51685 2.5 36 14 1 5 9% 118 366034 31589 18%
c - 234.30 159 102 42 163 62023 8 1381813 46376 2.5 36 14 1 5 9% 118 366034 31589 18%
c - 236.58 159 104 42 164 63082 8 1394582 47509 2.5 36 14 1 5 9% 118 366034 31589 18%
c - 238.60 159 106 42 165 63832 8 1407388 48555 2.5 36 14 1 5 9% 118 366034 31589 18%
c
c seconds      switched      rate           size/glue  tier1  binary          remaining
c          MB    reductions     conflicts         size   tier2   irredundant
c            level     restarts        redundant     glue  trail         variables
c
c u 240.54 153 107 42 165 64555 8 1417967 56631 2.5 36 14 1 5 9% 118 366034 31589 18%
c v 240.80 153 107 42 165 64555 8 1417967 50713 2.5 36 14 1 5 9% 118 366034 31589 18%
c w 241.88 155 107 42 165 64555 8 1417967 50060 2.5 36 14 1 5 9% 118 366034 31589 18%
c } 242.14 155 107 43 165 64641 8 1419572 51590 2.5 36 14 1 5 9% 118 366034 31589 18%
c [ 242.14 155 63 43 165 64641 1 1419572 51590 2.4 64 26 1 11 14% 118 366034 31589 18%
c I 242.14 155 63 43 165 64641 1 1419572 51590 2.4 64 26 1 11 14% 118 366034 31589 18%
c - 242.25 155 63 43 166 64641 1 1420233 42587 2.4 64 26 1 11 14% 118 366034 31589 18%
c - 244.27 156 63 43 167 64649 1 1433118 43176 2.5 64 25 1 11 14% 118 366034 31589 18%
c - 246.38 157 64 43 168 64655 1 1446041 42329 2.5 63 25 1 11 14% 118 366034 31589 18%
c - 248.54 157 64 43 169 64661 1 1459002 42046 2.5 63 25 1 11 14% 118 366034 31589 18%
c - 250.74 157 65 43 170 64668 1 1472003 42193 2.5 63 25 1 11 14% 118 366034 31589 18%
c - 252.97 158 65 43 171 64670 1 1485042 42492 2.5 63 25 1 11 14% 118 366034 31589 18%
c - 255.15 158 65 43 172 64671 1 1498118 42085 2.4 63 26 1 11 14% 118 366034 31589 18%
c - 257.37 158 65 43 173 64678 1 1511233 41657 2.4 63 26 1 11 14% 118 366034 31589 18%
c ] 258.21 158 65 44 173 64681 1 1517956 48287 2.4 63 26 1 11 14% 118 366034 31589 18%
c { 258.21 158 107 44 173 64681 8 1517956 48287 2.5 36 14 1 5 9% 118 366034 31589 18%
c - 259.13 159 106 44 174 65220 8 1524385 43551 2.5 36 15 1 5 9% 118 366034 31589 18%
c u 260.49 159 107 44 174 65580 7 1533994 51867 2.5 37 14 1 5 10% 118 366034 31589 18%
c v 260.63 159 107 44 174 65580 7 1533994 48814 2.5 37 14 1 5 10% 118 366034 31589 18%
c w 261.76 160 107 44 174 65580 7 1533994 47189 2.5 37 14 1 5 10% 118 366034 31589 18%
c
c seconds      switched      rate           size/glue  tier1   binary          remaining
c          MB    reductions     conflicts         size   tier2    irredundant
c            level     restarts        redundant     glue   trail         variables
c
c - 262.36 160 107 44 175 65906 7 1537576 42036 2.5 37 15 1 5 10% 118 366034 31589 18%
c o 263.72 160 107 44 175 66513 7 1546406 50393 2.5 37 15 1 5 10% 118 366034 31589 18%
c - 264.49 160 106 44 176 66858 7 1550805 45231 2.5 37 15 1 5 10% 118 366034 31589 18%
c - 266.51 160 107 44 177 67689 7 1564072 47483 2.5 37 15 1 5 10% 118 366034 31589 18%
c - 268.45 161 105 44 178 68651 7 1577376 48695 2.5 37 15 1 5 10% 118 366034 31589 18%
c s 269.04 161 105 44 178 68891 7 1581659 52789 2.5 37 15 1 5 10% 118 365971 31589 18%
c e 269.06 161 105 44 178 68891 7 1581659 52789 2.5 37 15 1 5 10% 118 365981 31588 18%
c s 269.07 161 105 44 178 68891 7 1581659 52789 2.5 37 15 1 5 10% 118 365962 31588 18%
c e 269.09 161 105 44 178 68891 7 1581659 52789 2.5 37 15 1 5 10% 118 365986 31586 18%
c - 270.47 161 107 44 179 69290 7 1590717 49749 2.5 37 15 1 5 10% 118 365986 31586 18%
c - 272.51 162 105 44 180 69699 7 1604096 50303 2.7 38 14 1 5 10% 118 365986 31586 18%
c - 274.59 154 104 44 181 70722 7 1617512 50840 2.6 38 14 1 5 10% 118 365986 31586 18%
c } 275.97 155 103 45 181 71521 7 1626787 59606 2.6 38 15 1 5 10% 118 365986 31586 18%
c [ 275.97 155 65 45 181 71521 1 1626787 59606 2.4 63 26 1 11 14% 118 365986 31586 18%
c B 275.97 155 65 45 181 71521 1 1626787 59606 2.4 63 26 1 11 14% 118 365986 31586 18%
c - 276.58 155 65 45 182 71524 1 1630966 50902 2.4 63 26 1 11 14% 118 365986 31586 18%
c - 279.21 155 65 45 183 71532 1 1644456 48551 2.4 63 26 1 11 14% 118 365986 31586 18%
c u 281.65 156 65 45 183 71535 1 1655069 57332 2.4 64 26 1 11 14% 118 365986 31586 18%
c v 281.79 156 65 45 183 71535 1 1655069 53004 2.4 64 26 1 11 14% 118 365986 31586 18%
c w 283.32 159 65 45 183 71535 1 1655069 52907 2.4 64 26 1 11 14% 118 365986 31586 18%
c
c seconds     switched      rate           size/glue  tier1    binary          remaining
c          MB   reductions     conflicts         size   tier2     irredundant
c           level     restarts        redundant     glue    trail         variables
c
c - 284.18 159 65 45 184 71535 1 1657983 42189 2.4 64 26 1 11 14% 118 365986 31586 18%
c - 286.97 159 65 45 185 71542 1 1671547 43082 2.4 64 26 1 11 14% 118 365986 31586 18%
c - 289.94 159 65 45 186 71550 1 1685149 43763 2.5 65 26 1 11 15% 118 365986 31586 18%
c - 292.96 160 65 45 187 71551 1 1698787 43652 2.5 66 27 1 11 14% 118 365986 31586 18%
c ] 295.08 160 65 46 187 71553 1 1711033 55711 2.5 66 26 1 11 14% 118 365986 31586 18%
c { 295.08 160 103 46 187 71553 7 1711033 55711 2.6 38 15 1 5 10% 118 365986 31586 18%
c - 295.33 160 102 46 188 71673 7 1712463 44287 2.6 38 15 1 5 10% 118 365986 31586 18%
c - 297.27 160 103 46 189 72696 7 1726174 47690 2.6 38 15 1 5 10% 118 365986 31586 18%
c o 297.34 160 103 46 189 72710 7 1726431 47936 2.6 38 15 1 5 10% 118 365986 31586 18%
c - 299.70 161 103 46 190 73609 7 1739921 50007 2.6 38 15 1 5 10% 118 365986 31586 18%
c - 301.70 161 101 46 191 74524 7 1753706 51784 2.6 39 15 1 5 10% 118 365986 31586 18%
c - 304.08 161 101 46 192 75383 7 1767527 53132 2.6 39 15 1 5 10% 118 365986 31586 18%
c u 306.82 161 102 46 192 76598 7 1781218 64531 2.6 39 15 1 5 10% 118 365986 31586 18%
c v 307.05 161 102 46 192 76598 7 1781218 59122 2.6 39 15 1 5 10% 118 365986 31586 18%
c w 308.54 162 102 46 192 76598 7 1781218 58537 2.6 39 15 1 5 10% 118 365986 31586 18%
c - 308.63 162 102 46 193 76601 7 1781384 47890 2.6 39 15 1 5 10% 118 365986 31586 18%
c - 310.74 154 101 46 194 77329 7 1795276 49825 2.6 39 15 1 5 10% 118 365986 31586 18%
c - 312.98 155 101 46 195 78422 7 1809204 51566 2.6 39 15 1 5 10% 118 365986 31586 18%
c - 315.07 156 99 46 196 79383 7 1823168 52459 2.6 39 15 1 5 10% 118 365986 31586 18%
c } 315.86 156 100 47 196 79631 7 1829079 58074 2.6 39 15 1 5 10% 118 365986 31586 18%
c
c seconds     switched      rate           size/glue  tier1    binary          remaining
c          MB   reductions     conflicts         size   tier2     irredundant
c           level     restarts        redundant     glue    trail         variables
c
c [ 315.86 156 65 47 196 79631 1 1829079 58074 2.5 66 26 1 11 14% 118 365986 31586 18%
c W 316.27 152 65 47 196 79631 1 1829079 58074 2.5 66 26 1 11 14% 118 365986 31586 18%
c - 317.68 155 65 47 197 79636 1 1837168 52741 2.5 66 26 1 11 14% 118 365986 31586 18%
c - 320.44 156 65 47 198 79644 1 1851203 50206 2.5 66 26 1 11 14% 118 365986 31586 18%
c - 322.84 156 65 47 199 79648 1 1865274 46900 2.5 66 27 1 11 14% 118 365986 31586 18%
c - 325.16 157 65 47 200 79656 1 1879380 46151 2.4 66 27 1 11 14% 118 365986 31586 18%
c s 327.43 157 65 47 200 79660 1 1891227 57796 2.4 65 27 1 11 14% 118 365950 31586 18%
c e 327.46 157 65 47 200 79660 1 1891227 57796 2.4 65 27 1 11 14% 118 365966 31585 18%
c - 327.84 157 64 47 201 79660 1 1893522 46934 2.4 65 27 1 11 14% 118 365966 31585 18%
c - 330.29 158 64 47 202 79661 1 1907700 48339 2.5 66 27 1 11 14% 118 365966 31585 18%
c u 331.33 158 64 47 202 79662 1 1912469 51955 2.5 66 27 1 11 14% 118 365966 31585 18%
c v 331.43 158 64 47 202 79662 1 1912469 49458 2.5 66 27 1 11 14% 118 365966 31585 18%
c w 333.07 159 64 47 202 79662 1 1912469 46861 2.5 66 27 1 11 14% 118 365966 31585 18%
c - 334.86 159 64 47 203 79668 1 1921913 44251 2.4 66 27 1 11 14% 118 365966 31585 18%
c o 335.95 159 64 47 203 79672 1 1928083 50322 2.4 66 27 1 11 14% 118 365966 31585 18%
c - 337.35 160 64 47 204 79675 1 1936160 46234 2.5 66 27 1 11 14% 118 365966 31585 18%
c ] 337.81 160 64 48 204 79676 1 1938907 48946 2.5 66 27 1 11 14% 118 365966 31585 18%
c { 337.81 160 100 48 204 79676 7 1938907 48946 2.6 39 15 1 5 10% 118 365966 31585 18%
c caught signal 15 (SIGTERM)
c
c ---- [ profiling ] ---------------------------------------------------------
c
c         298.51   88.29 %  search
c         151.95   44.94 %  stable
c         146.56   43.35 %  focused
c          38.43   11.37 %  simplify
c          34.41   10.18 %  probe
c          24.74    7.32 %  vivify
c           4.36    1.29 %  sweep
c           3.64    1.08 %  eliminate
c           1.97    0.58 %  reduce
c           1.88    0.56 %  substitute
c           1.67    0.49 %  congruence
c           1.40    0.42 %  factor
c           1.37    0.41 %  walking
c           1.02    0.30 %  preprocess
c           0.46    0.14 %  subsume
c           0.24    0.07 %  transitive
c           0.12    0.03 %  parse
c           0.12    0.03 %  backbone
c           0.03    0.01 %  lucky
c =============================================
c         338.10  100.00 %  total
c
c ---- [ statistics ] --------------------------------------------------------
c
c chronological:                         5402                0 %  conflicts
c conflicts:                          1941555             5742.42 per second
c congruent:                            50129               29 %  variables
c decisions:                          9109345                4.69 per conflict
c eliminated:                           77973               45 %  variables
c factored:                                 6                0 %  variables
c propagations:                    1350635572          3994690    per second
c reductions:                             204             9517    interval
c reordered:                               20            97078    interval
c rephased:                                29            66950    interval
c restarts:                             79788               24    interval
c strengthened:                         10069                0 %  checks
c substituted:                          50129               29 %  variables
c subsumed:                              6737                0 %  checks
c switched:                                48            40449    interval
c vivified:                            245253               16 %  checks
c walks:                                   10           194156    interval
c
c ---- [ glue usage ] --------------------------------------------------------
c
c focused glue 1 used 6384760 clauses 78.87% accumulated 78.87% tier1
c focused glue 2 used  529620 clauses  6.54% accumulated 85.41%
c focused glue 3 used  217883 clauses  2.69% accumulated 88.10%
c focused glue 4 used  131550 clauses  1.63% accumulated 89.73%
c focused glue 5 used   99925 clauses  1.23% accumulated 90.96% tier2
c
c stable glue 1   used 8666841 clauses 71.80% accumulated 71.80% tier1
c stable glue 2   used  779336 clauses  6.46% accumulated 78.26%
c stable glue 3-9 used 1293347 clauses 10.72% accumulated 88.97%
c stable glue 10  used  112763 clauses  0.93% accumulated 89.91%
c stable glue 11  used  100628 clauses  0.83% accumulated 90.74% tier2
c
c ---- [ resources ] ---------------------------------------------------------
c
c maximum-resident-set-size:        202330112 bytes        193 MB
c process-time:                         5m 38s             338.10 seconds
c raising signal 15 (SIGTERM)
