c ---- [ banner ] ------------------------------------------------------------
c
c Kissat SAT Solver
c 
c Copyright (c) 2021-2024 Armin Biere University of Freiburg
c Copyright (c) 2019-2021 Armin Biere Johannes Kepler University Linz
c 
c Version 4.0.4 8af8e56f174b778aef3aa45af9f739b2a5f492c2
c gcc (Ubuntu 13.3.0-6ubuntu2~24.04.1) 13.3.0 -W -Wall -O3 -DNDEBUG
c Sun Sep 27 15:50:37 +04 2026 Linux vm 6.18.44-fc-v37 x86_64
c
c ---- [ parsing ] -----------------------------------------------------------
c
c opened and reading DIMACS file:
c
c   cnf/d8_B1.cnf
c
c parsed 'p cnf 173892 624595' header
c closing input after reading 12492070 bytes (12 MB)
c finished parsing after 0.11 seconds
c
c ---- [ solving ] -----------------------------------------------------------
c
c seconds switched rate     size/glue tier1   binary            remaining
c        MB reductions conflicts size  tier2      irredundant
c         level restarts redundant glue  trail            variables
c
c *  0.11 47 0 0 0  0 0   0   0 0.0 0 0 0 0 0% 129204 469640 166041 96%
c (  0.13 48 0 0 0  0 0   0   0 0.0 0 0 0 0 0% 129204 469640 166041 96%
c .  0.15 47 0 0 0  0 0   0   0 0.0 0 0 0 0 0% 137182 452071 166041 96%
c c  1.15 152 0 0 0  0 0   0   0 0.0 0 0 0 0 0% 216094 297109 116260 67%
c d  1.18 152 0 0 0  0 0   0   0 0.0 0 0 0 0 0% 116122 297109 116260 67%
c )  1.24 152 0 0 0  0 0   0   0 0.0 0 0 0 0 0% 113310 297109 116260 67%
c {  1.25 152 0 0 0  0 0   0   0 0.0 0 0 2 6 0% 113310 297109 116260 67%
c -  1.38 149 104 0 1 26 5 1002 596 2.2 20 9 5 14 8% 113310 297109 116260 67%
c }  1.38 149 104 1 1 26 5 1002 596 2.2 20 9 5 14 8% 113310 297109 116260 67%
c [  1.38 149 0 1 1 26 0 1002 596 0.0 0 0 2 6 0% 113310 297109 116260 67%
c B  1.38 149 0 1 1 26 0 1002 596 0.0 0 0 2 6 0% 113310 297109 116260 67%
c -  1.40 149 127 1 2 26 1 2004 955 2.5 12 5 4 6 4% 113310 297109 116260 67%
c W  1.46 149 127 1 2 26 1 2004 955 2.5 12 5 4 6 4% 113310 297109 116260 67%
c ]  1.55 149 126 2 2 26 1 2485 1420 2.3 27 12 4 9 8% 113310 297109 116260 67%
c {  1.55 149 104 2 2 26 5 2485 1420 2.2 20 9 5 14 8% 113310 297109 116260 67%
c u  1.86 149 101 2 2 46 6 2671 1441 2.2 21 9 5 14 8% 113311 297109 116260 67%
c v  1.88 149 101 2 2 46 6 2671 1395 2.2 21 9 5 14 8% 113311 297109 116260 67%
c w  1.90 149 101 2 2 46 6 2671 1395 2.2 21 9 5 14 8% 113311 297109 116260 67%
c x  1.91 149 101 2 2 46 6 2671 1394 2.2 21 9 5 14 8% 113311 297109 116260 67%
c -  2.13 149 88 2 3 98 7 3420 1538 2.3 21 9 5 15 8% 113311 297109 116260 67%
c
c seconds   switched  rate       size/glue tier1     binary            remaining
c         MB reductions conflicts      size  tier2       irredundant
c          level restarts   redundant    glue   trail            variables
c
c }  2.14 149 87 3 3 101 7 3485 1571 2.3 21 9 5 15 8% 113311 297109 116260 67%
c [  2.14 149 126 3 3 101 1 3485 1571 2.3 27 12 4 9 8% 113311 297109 116260 67%
c ]  2.32 149 100 4 3 101 1 4240 2267 2.8 43 16 4 9 10% 113311 297109 116260 67%
c {  2.32 149 87 4 3 101 7 4240 2267 2.3 21 9 5 15 8% 113311 297109 116260 67%
c -  2.50 149 102 4 4 200 10 5153 2183 2.2 21 9 4 15 8% 113313 297109 116260 67%
c }  2.81 149 122 5 4 342 13 6592 3246 2.2 21 9 4 15 8% 113313 297109 116260 67%
c [  2.81 149 100 5 4 342 1 6592 3246 2.8 43 16 4 9 10% 113313 297109 116260 67%
c I  2.81 149 100 5 4 342 1 6592 3246 2.8 43 16 4 9 10% 113313 297109 116260 67%
c -  2.92 149 107 5 5 342 1 7154 3290 2.9 46 16 6 27 12% 113313 297109 116260 67%
c u  3.32 149 107 5 5 343 1 8224 3762 3.0 51 17 6 27 16% 113313 297109 116260 67%
c v  3.41 149 107 5 5 343 1 8224 3223 3.0 51 17 6 27 16% 113313 297109 116260 67%
c w  3.44 149 107 5 5 343 1 8224 3221 3.0 51 17 6 27 16% 113313 297109 116260 67%
c ]  3.68 149 106 6 5 343 1 8425 3411 3.0 52 17 6 27 16% 113313 297109 116260 67%
c {  3.68 149 122 6 5 343 13 8425 3411 2.2 21 9 4 15 8% 113313 297109 116260 67%
c -  3.87 149 128 6 6 353 15 9390 3627 2.2 20 9 4 12 8% 113326 297109 116260 67%
c i  3.92 149 120 6 6 371 14 9823 3932 2.1 19 9 4 12 8% 113329 297109 116259 67%
c o  4.01 149 144 6 6 380 14 10036 4091 2.1 19 9 4 12 9% 113334 297109 116259 67%
c -  4.32 149 153 6 7 708 17 11840 4982 2.1 19 9 4 13 8% 113332 297109 116259 67%
c }  4.43 149 149 7 7 810 18 12494 5504 2.1 19 9 4 13 8% 113332 297109 116259 67%
c [  4.43 149 106 7 7 810 1 12494 5504 3.0 52 17 6 27 16% 113332 297109 116259 67%
c
c seconds    switched  rate        size/glue  tier1      binary            remaining
c         MB  reductions conflicts       size   tier2        irredundant
c           level restarts    redundant     glue    trail            variables
c
c B  4.43 149 106 7 7 810 1 12494 5504 3.0 52 17 6 27 16% 113332 297109 116259 67%
c s  4.65 149 102 7 7 810 1 13347 6298 3.1 57 19 6 27 16% 113333 297106 116259 67%
c e  5.14 177 102 7 7 810 1 13347 6298 3.1 57 19 6 27 16% 4619 355762 54083 31%
c 2  5.14 177 102 7 7 810 1 13347 6298 3.1 57 19 6 27 16% 4615 355762 54083 31%
c s  5.22 177 102 7 7 810 1 13347 6298 3.1 57 19 6 27 16% 4617 354874 54083 31%
c e  5.25 177 102 7 7 810 1 13347 6298 3.1 57 19 6 27 16% 4562 354841 54010 31%
c ^  5.25 177 102 7 7 810 1 13347 6298 3.1 57 19 6 27 16% 4562 354841 54010 31%
c -  5.48 173 98 7 8 811 1 14485 2861 2.8 57 20 6 30 16% 4562 354841 54010 31%
c ]  5.80 173 94 8 8 812 1 15999 4350 2.7 58 21 6 30 17% 4562 354841 54010 31%
c {  5.80 173 149 8 8 812 18 15999 4350 2.1 19 9 4 13 8% 4562 354841 54010 31%
c c  6.05 153 149 8 8 920 18 16846 4944 2.1 19 9 4 13 8% 4557 354831 54006 31%
c d  6.06 153 149 8 8 920 18 16846 4944 2.1 19 9 4 13 8% 4553 354829 54006 31%
c b  6.07 153 149 8 8 920 18 16846 4944 2.1 19 9 4 13 8% 4553 354829 54003 31%
c u  6.10 153 149 8 8 920 18 16846 4571 2.1 19 9 4 13 8% 4549 354829 54003 31%
c v  6.16 153 149 8 8 920 18 16846 3963 2.1 19 9 4 13 8% 4550 354829 54003 31%
c w  6.22 153 149 8 8 920 18 16846 3957 2.1 19 9 4 13 8% 4550 354829 54003 31%
c x  6.27 153 149 8 8 920 18 16846 3957 2.1 19 9 4 13 8% 4550 354828 54003 31%
c t  6.30 153 149 8 8 920 18 16846 3957 2.1 19 9 4 13 8% 4527 354828 54003 31%
c f  6.55 150 149 8 8 920 18 16846 3957 2.1 19 9 4 13 8% 4421 354816 54026 31%
c u  6.60 150 149 8 8 920 18 16846 3894 2.1 19 9 4 13 8% 4423 354816 54026 31%
c
c seconds    switched   rate        size/glue tier1    binary          remaining
c         MB  reductions  conflicts       size  tier2     irredundant
c           level restarts     redundant    glue   trail          variables
c
c v  6.65 150 149 8 8 920 18 16846 3698 2.1 19 9 4 13 8% 4423 354816 54026 31%
c w  6.77 150 149 8 8 920 18 16846 3694 2.1 19 9 4 13 8% 4423 354816 54026 31%
c -  6.97 150 145 8 9 1001 18 17313 3575 2.1 19 9 4 13 8% 4409 354816 54026 31%
c o  7.27 150 153 8 9 1312 18 20105 5603 2.0 19 9 4 13 7% 4409 354816 54026 31%
c -  7.30 150 157 8 10 1329 18 20313 5229 2.0 19 9 4 13 7% 4409 354816 54026 31%
c }  7.48 150 152 9 10 1519 18 22158 6599 2.0 19 10 4 13 7% 4409 354816 54026 31%
c [  7.48 150 94 9 10 1519 1 22158 6599 2.7 58 21 6 30 17% 4409 354816 54026 31%
c W  7.55 150 94 9 10 1519 1 22158 6599 2.7 58 21 6 30 17% 4409 354816 54026 31%
c -  7.80 150 91 9 11 1520 1 23476 6714 2.7 59 22 7 33 17% 4409 354816 54026 31%
c s  8.30 150 88 9 11 1522 1 26543 9624 2.4 61 26 7 33 15% 4409 354603 54026 31%
c e  8.59 150 88 9 11 1522 1 26543 9624 2.4 61 26 7 33 15% 2792 356736 53058 31%
c s  8.60 150 88 9 11 1522 1 26543 9624 2.4 61 26 7 33 15% 2792 356253 53058 31%
c e  8.65 150 88 9 11 1522 1 26543 9624 2.4 61 26 7 33 15% 2770 356252 53029 31%
c ^  8.65 150 88 9 11 1522 1 26543 9624 2.4 61 26 7 33 15% 2770 356252 53029 31%
c -  8.70 150 88 9 12 1522 1 26792 4900 2.4 61 26 7 36 15% 2770 356252 53029 31%
c ]  8.73 150 87 10 12 1522 1 27043 5139 2.4 61 26 7 36 15% 2770 356252 53029 31%
c {  8.73 150 152 10 12 1522 18 27043 5139 2.0 19 10 4 13 7% 2770 356252 53029 31%
c u  8.95 150 151 10 12 1710 18 28589 5471 2.0 19 10 4 13 7% 2770 356252 53029 31%
c v  9.00 150 151 10 12 1710 18 28589 4742 2.0 19 10 4 13 7% 2770 356252 53029 31%
c w  9.09 150 151 10 12 1710 18 28589 4701 2.0 19 10 4 13 7% 2770 356252 53029 31%
c
c seconds     switched     rate        size/glue  tier1    binary          remaining
c         MB    reductions   conflicts       size   tier2     irredundant
c           level    restarts     redundant     glue   trail          variables
c
c f  9.38 150 151 10 12 1710 18 28589 4701 2.0 19 10 4 13 7% 2767 356252 53030 31%
c u  9.54 150 151 10 12 1710 18 28589 4624 2.0 19 10 4 13 7% 2767 356252 53030 31%
c v  9.65 150 151 10 12 1710 18 28589 4433 2.0 19 10 4 13 7% 2767 356252 53030 31%
c w  9.73 150 151 10 12 1710 18 28589 4368 2.0 19 10 4 13 7% 2767 356252 53030 31%
c x  9.78 150 151 10 12 1710 18 28589 4368 2.0 19 10 4 13 7% 2767 356202 53030 31%
c - 10.05 150 153 10 13 1873 18 30258 4939 2.0 19 10 3 13 7% 2767 356202 53030 31%
c - 10.46 150 148 10 14 2415 18 33864 7148 2.0 20 10 3 13 6% 2767 356202 53030 31%
c } 10.65 150 146 11 14 2604 18 35670 8559 2.0 20 10 3 13 6% 2767 356202 53030 31%
c [ 10.65 150 87 11 14 2604 1 35670 8559 2.4 61 26 7 36 15% 2767 356202 53030 31%
c O 10.65 150 87 11 14 2604 1 35670 8559 2.4 61 26 7 36 15% 2767 356202 53030 31%
c - 10.91 150 85 11 15 2605 1 37605 8969 2.4 60 25 7 35 15% 2767 356202 53030 31%
c o 11.43 150 83 11 15 2608 1 40984 12229 2.4 59 25 7 35 14% 2767 356202 53030 31%
c - 11.51 150 83 11 16 2608 1 41478 10392 2.4 60 25 4 31 14% 2767 356202 53030 31%
c ] 11.66 150 83 12 16 2609 1 42635 11525 2.4 60 25 4 31 14% 2767 356202 53030 31%
c { 11.66 150 146 12 16 2609 18 42635 11525 2.0 20 10 3 13 6% 2767 356202 53030 31%
c u 11.86 150 149 12 16 2715 18 43709 11564 2.0 20 10 3 13 6% 2767 356202 53030 31%
c v 11.97 150 149 12 16 2715 18 43709 9633 2.0 20 10 3 13 6% 2767 356202 53030 31%
c w 12.07 166 149 12 16 2715 18 43709 9625 2.0 20 10 3 13 6% 2767 356202 53030 31%
c - 12.36 166 151 12 17 2927 17 45479 9184 2.0 20 10 3 13 6% 2767 356202 53030 31%
c - 12.81 167 150 12 18 3312 17 49603 10264 2.0 20 10 3 13 6% 2767 356202 53030 31%
c
c seconds     switched     rate         size/glue  tier1    binary          remaining
c         MB    reductions   conflicts        size   tier2     irredundant
c           level    restarts      redundant     glue   trail          variables
c
c - 13.24 167 148 12 19 3607 16 53846 11502 2.0 20 10 3 12 6% 2767 356202 53030 31%
c } 13.25 167 151 13 19 3613 16 54114 11675 2.0 20 10 3 12 6% 2767 356202 53030 31%
c [ 13.25 167 83 13 19 3613 1 54114 11675 2.4 60 25 4 31 14% 2767 356202 53030 31%
c B 13.26 167 83 13 19 3613 1 54114 11675 2.4 60 25 4 31 14% 2767 356202 53030 31%
c s 13.44 167 82 13 19 3613 1 55146 12693 2.4 59 24 4 31 14% 2767 356187 53030 31%
c e 13.74 167 82 13 19 3613 1 55146 12693 2.4 59 24 4 31 14% 2694 356965 52562 30%
c s 13.75 167 82 13 19 3613 1 55146 12693 2.4 59 24 4 31 14% 2694 356237 52562 30%
c e 13.77 167 82 13 19 3613 1 55146 12693 2.4 59 24 4 31 14% 2680 356248 52552 30%
c ^ 13.77 167 82 13 19 3613 1 55146 12693 2.4 59 24 4 31 14% 2680 356248 52552 30%
c - 14.36 167 81 13 20 3615 1 58204 12657 2.4 59 25 3 29 14% 2680 356248 52552 30%
c ] 14.87 167 79 14 20 3618 1 60706 15116 2.4 61 25 3 29 14% 2680 356248 52552 30%
c { 14.87 167 151 14 20 3618 16 60706 15116 2.0 20 10 3 12 6% 2680 356248 52552 30%
c u 15.19 168 148 14 20 3802 16 62312 15150 2.0 20 10 3 12 6% 2680 356248 52552 30%
c v 15.30 168 148 14 20 3802 16 62312 13599 2.0 20 10 3 12 6% 2680 356248 52552 30%
c w 15.37 169 148 14 20 3802 16 62312 13591 2.0 20 10 3 12 6% 2680 356248 52552 30%
c x 15.46 169 148 14 20 3802 16 62312 13590 2.0 20 10 3 12 6% 2680 356127 52552 30%
c - 15.63 169 148 14 21 3822 16 62677 11112 2.0 20 10 3 12 6% 2680 356127 52552 30%
c - 16.18 169 142 14 22 4352 17 67260 12164 2.0 20 10 3 12 6% 2680 356127 52552 30%
c o 16.70 169 145 14 22 4683 16 70985 15044 2.0 20 10 3 12 6% 2680 356127 52552 30%
c - 16.82 169 144 14 23 4823 16 71950 12904 2.0 20 10 2 12 6% 2680 356127 52552 30%
c
c seconds     switched     rate         size/glue  tier1    binary          remaining
c         MB    reductions   conflicts        size   tier2     irredundant
c           level    restarts      redundant     glue   trail          variables
c
c } 17.34 169 141 15 23 5264 16 75421 15656 2.0 21 10 2 12 6% 2680 356127 52552 30%
c [ 17.34 169 79 15 23 5264 1 75421 15656 2.4 61 25 3 29 14% 2680 356127 52552 30%
c W 17.44 150 79 15 23 5264 1 75421 15656 2.4 61 25 3 29 14% 2680 356127 52552 30%
c - 17.73 150 79 15 24 5265 1 76745 13635 2.4 61 25 2 27 14% 2680 356127 52552 30%
c - 18.88 150 77 15 25 5269 1 81643 13820 2.4 63 26 2 25 14% 2680 356127 52552 30%
c ] 19.37 150 77 16 25 5269 1 83550 15701 2.4 63 26 2 25 14% 2680 356127 52552 30%
c { 19.37 150 141 16 25 5269 16 83550 15701 2.0 21 10 2 12 6% 2680 356127 52552 30%
c u 19.60 150 140 16 25 5369 16 84529 15708 2.0 21 10 2 12 6% 2680 356127 52552 30%
c v 19.70 150 140 16 25 5369 16 84529 13146 2.0 21 10 2 12 6% 2680 356127 52552 30%
c w 19.81 150 140 16 25 5369 16 84529 13138 2.0 21 10 2 12 6% 2680 356127 52552 30%
c = 20.28 150 140 16 25 5369 16 84529 13138 2.0 21 10 2 12 6% 2728 356127 52528 30%
c d 20.30 150 140 16 25 5369 16 84529 13136 2.0 21 10 2 12 6% 2677 356127 52528 30%
c u 20.51 150 140 16 25 5369 16 84529 13041 2.0 21 10 2 12 6% 2677 356127 52528 30%
c v 20.58 150 140 16 25 5369 16 84529 12348 2.0 21 10 2 12 6% 2677 356127 52528 30%
c w 20.82 150 140 16 25 5369 16 84529 12327 2.0 21 10 2 12 6% 2677 356127 52528 30%
c - 21.08 150 143 16 26 5514 16 86643 11302 2.0 21 10 2 12 6% 2677 356127 52528 30%
c - 21.60 150 142 16 27 6017 16 91742 13030 2.0 21 10 2 12 6% 2677 356127 52528 30%
c - 22.20 166 140 16 28 6554 16 96938 14820 2.0 21 10 2 11 5% 2677 356127 52528 30%
c s 22.77 167 141 16 28 6931 16 101216 18225 2.0 21 10 2 11 5% 2677 356120 52528 30%
c e 23.16 168 141 16 28 6931 16 101216 18225 2.0 21 10 2 11 5% 1537 365539 50197 29%
c
c seconds     switched     rate          size/glue  tier1    binary          remaining
c         MB    reductions   conflicts         size   tier2     irredundant
c           level    restarts       redundant     glue   trail          variables
c
c s 23.20 168 141 16 28 6931 16 101216 18225 2.0 21 10 2 11 5% 1537 364885 50197 29%
c e 23.24 168 141 16 28 6931 16 101216 18225 2.0 21 10 2 11 5% 1529 364957 50167 29%
c ^ 23.24 168 141 16 28 6931 16 101216 18225 2.0 21 10 2 11 5% 1529 364957 50167 29%
c } 23.33 168 141 17 28 6966 16 101888 16552 2.0 21 10 2 11 5% 1529 364957 50167 29%
c [ 23.33 168 77 17 28 6966 1 101888 16552 2.4 63 26 2 25 14% 1529 364957 50167 29%
c I 23.33 168 77 17 28 6966 1 101888 16552 2.4 63 26 2 25 14% 1529 364957 50167 29%
c - 23.40 168 77 17 29 6966 1 102229 14450 2.4 63 26 2 25 14% 1529 364957 50167 29%
c - 24.23 169 76 17 30 6970 1 107615 15835 2.4 63 26 2 24 14% 1529 364957 50167 29%
c u 24.81 169 75 17 30 6972 1 110493 17838 2.5 63 26 2 24 13% 1529 364957 50167 29%
c v 24.93 169 75 17 30 6972 1 110493 15402 2.5 63 26 2 24 13% 1529 364957 50167 29%
c w 25.02 170 75 17 30 6972 1 110493 15402 2.5 63 26 2 24 13% 1529 364957 50167 29%
c - 26.07 170 75 17 31 6972 1 113093 14459 2.5 63 26 2 23 13% 1529 364957 50167 29%
c ] 26.31 170 75 18 31 6972 1 114217 15530 2.4 63 26 2 23 13% 1529 364957 50167 29%
c { 26.31 170 141 18 31 6972 16 114217 15530 2.0 21 10 2 11 5% 1529 364957 50167 29%
c o 26.34 170 141 18 31 6979 16 114241 15550 2.0 21 10 2 11 5% 1529 364957 50167 29%
c - 26.68 170 138 18 32 7159 15 118661 15879 2.0 21 10 2 11 5% 1531 364957 50167 29%
c - 27.24 170 136 18 33 7393 15 124320 17174 2.0 21 10 2 11 5% 1531 364957 50167 29%
c - 27.78 170 134 18 34 7629 14 130065 18244 2.0 21 10 2 11 5% 1531 364957 50167 29%
c - 28.32 171 131 18 35 7917 14 135896 19607 2.0 21 10 2 11 5% 1531 364957 50167 29%
c } 28.37 171 131 19 35 7975 14 136562 20129 2.0 21 10 2 11 5% 1531 364957 50167 29%
c
c seconds    switched    rate          size/glue  tier1     binary          remaining
c         MB   reductions  conflicts         size   tier2      irredundant
c          level    restarts      redundant     glue    trail          variables
c
c [ 28.37 171 75 19 35 7975 1 136562 20129 2.4 63 26 2 23 13% 1531 364957 50167 29%
c B 28.38 171 75 19 35 7975 1 136562 20129 2.4 63 26 2 23 13% 1531 364957 50167 29%
c u 29.07 171 74 19 35 7977 1 140335 22591 2.4 63 26 2 23 13% 1531 364957 50167 29%
c v 29.24 171 74 19 35 7977 1 140335 19287 2.4 63 26 2 23 13% 1531 364957 50167 29%
c w 29.41 171 74 19 35 7977 1 140335 19265 2.4 63 26 2 23 13% 1531 364957 50167 29%
c - 29.77 171 74 19 36 7979 1 141813 16558 2.4 63 26 2 22 13% 1531 364957 50167 29%
c - 30.71 171 74 19 37 7981 1 147815 17115 2.4 65 26 2 21 13% 1531 364957 50167 29%
c ] 31.08 171 74 20 37 7983 1 151059 20169 2.4 64 26 2 21 13% 1531 364957 50167 29%
c { 31.08 171 131 20 37 7983 14 151059 20169 2.0 21 10 2 11 5% 1531 364957 50167 29%
c - 31.51 171 130 20 38 8310 14 153898 18238 2.0 21 10 2 10 5% 1531 364957 50167 29%
c - 32.27 171 130 20 39 8970 14 160063 19761 2.0 21 10 2 10 5% 1531 364957 50167 29%
c o 32.87 172 129 20 39 9535 14 164317 23230 2.0 21 10 2 10 5% 1531 364957 50167 29%
c - 33.13 172 130 20 40 9721 14 166307 21149 2.0 21 10 2 10 5% 1531 364957 50167 29%
c s 33.17 172 129 20 40 9798 14 166793 21564 2.0 21 10 2 10 5% 1531 364641 50167 29%
c e 33.74 176 129 20 40 9798 14 166793 21564 2.0 21 10 2 10 5% 1127 421755 40475 23%
c s 33.85 176 129 20 40 9798 14 166793 21564 2.0 21 10 2 10 5% 1127 421182 40475 23%
c e 33.90 176 129 20 40 9798 14 166793 21564 2.0 21 10 2 10 5% 1116 421235 40450 23%
c ^ 33.90 176 129 20 40 9798 14 166793 21564 2.0 21 10 2 10 5% 1116 421235 40450 23%
c - 34.60 177 128 20 41 10308 14 172631 21039 2.0 21 11 2 10 5% 1116 421235 40450 23%
c u 34.86 163 128 20 41 10490 14 174115 20924 2.0 21 11 2 10 5% 1116 421235 40450 23%
c
c seconds     switched      rate          size/glue  tier1    binary          remaining
c         MB    reductions    conflicts         size   tier2     irredundant
c           level    restarts        redundant     glue   trail          variables
c
c v 34.96 164 128 20 41 10490 14 174115 18002 2.0 21 11 2 10 5% 1116 421235 40450 23%
c w 35.20 164 128 20 41 10490 14 174115 17734 2.0 21 11 2 10 5% 1116 421235 40450 23%
c } 35.76 167 127 21 41 10829 14 177800 20782 2.0 21 11 2 10 5% 1116 421235 40450 23%
c [ 35.76 167 74 21 41 10829 1 177800 20782 2.4 64 26 2 21 13% 1116 421235 40450 23%
c W 35.84 167 74 21 41 10829 1 177800 20782 2.4 64 26 2 21 13% 1116 421235 40450 23%
c - 36.00 167 74 21 42 10830 1 179035 19206 2.4 64 26 2 21 13% 1116 421235 40450 23%
c - 37.22 168 74 21 43 10834 1 185515 21202 2.5 64 26 2 20 13% 1116 421235 40450 23%
c - 38.13 169 73 21 44 10837 1 192073 22115 2.4 63 26 2 20 13% 1116 421235 40450 23%
c - 39.11 169 73 21 45 10842 1 198709 22427 2.4 63 26 1 19 13% 1116 421235 40450 23%
c ] 39.35 169 73 22 45 10842 1 200381 24082 2.4 63 26 1 19 13% 1116 421235 40450 23%
c { 39.35 169 127 22 45 10842 14 200381 24082 2.0 21 11 2 10 5% 1116 421235 40450 23%
c - 40.02 170 125 22 46 11198 14 205418 23656 2.0 22 11 2 10 5% 1116 421235 40450 23%
c - 40.90 171 122 22 47 11623 13 212201 25146 2.0 22 11 2 9 6% 1119 421235 40450 23%
c u 41.05 171 121 22 47 11644 13 212411 24242 2.0 22 11 2 9 6% 1121 421235 40450 23%
c v 41.20 171 121 22 47 11644 13 212411 21610 2.0 22 11 2 9 6% 1121 421235 40450 23%
c w 41.40 171 121 22 47 11644 13 212411 21552 2.0 22 11 2 9 6% 1121 421235 40450 23%
c x 41.55 172 121 22 47 11644 13 212411 21552 2.0 22 11 2 9 6% 1121 421141 40450 23%
c - 43.33 172 119 22 48 12245 13 219056 23666 2.1 22 11 2 9 6% 1125 421141 40450 23%
c o 44.04 172 119 22 48 12718 13 224408 28290 2.1 22 11 2 9 6% 1127 421141 40450 23%
c - 44.23 172 118 22 49 12841 13 225985 25877 2.1 22 11 2 9 6% 1128 421141 40450 23%
c
c seconds     switched      rate          size/glue  tier1   binary          remaining
c         MB    reductions    conflicts         size   tier2    irredundant
c           level    restarts        redundant     glue  trail          variables
c
c } 44.97 173 117 23 49 13263 13 231897 31069 2.1 22 11 2 9 6% 1132 421141 40450 23%
c [ 44.97 173 73 23 49 13263 1 231897 31069 2.4 63 26 1 19 13% 1132 421141 40450 23%
c O 44.97 173 73 23 49 13263 1 231897 31069 2.4 63 26 1 19 13% 1132 421141 40450 23%
c - 45.15 173 73 23 50 13264 1 232986 27462 2.4 63 26 1 19 13% 1132 421141 40450 23%
c - 46.25 173 72 23 51 13268 1 240057 26992 2.4 63 26 1 18 13% 1132 421141 40450 23%
c - 47.62 173 72 23 52 13272 1 247199 25005 2.4 63 26 1 18 13% 1132 421141 40450 23%
c - 49.10 173 72 23 53 13276 1 254412 24281 2.4 64 27 1 18 13% 1132 421141 40450 23%
c s 49.16 173 72 23 53 13276 1 254679 24541 2.4 64 27 1 18 13% 1132 421050 40450 23%
c e 49.79 176 72 23 53 13276 1 254679 24541 2.4 64 27 1 18 13% 825 459645 37274 21%
c s 49.91 176 72 23 53 13276 1 254679 24541 2.4 64 27 1 18 13% 825 455319 37274 21%
c e 50.03 176 72 23 53 13276 1 254679 24541 2.4 64 27 1 18 13% 802 455894 37226 21%
c ! 50.03 176 72 23 53 13276 1 254679 24541 2.4 64 27 1 18 13% 802 455894 37226 21%
c u 50.32 168 72 23 53 13276 1 254855 22431 2.4 64 27 1 18 13% 805 455894 37226 21%
c v 50.41 168 72 23 53 13276 1 254855 20454 2.4 64 27 1 18 13% 806 455894 37226 21%
c w 50.68 169 72 23 53 13276 1 254855 19834 2.4 64 27 1 18 13% 806 455894 37226 21%
c ] 51.07 169 72 24 53 13276 1 255671 20633 2.4 64 27 1 18 13% 806 455894 37226 21%
c { 51.07 169 117 24 53 13276 13 255671 20633 2.1 22 11 2 9 6% 806 455894 37226 21%
c - 51.81 171 116 24 54 13848 13 261693 20562 2.1 22 11 1 9 6% 806 455894 37226 21%
c - 52.61 172 115 24 55 14528 13 269041 23174 2.1 23 11 1 9 6% 806 455894 37226 21%
c - 53.50 173 116 24 56 15064 13 276460 24678 2.1 23 11 1 9 6% 806 455894 37226 21%
c
c seconds     switched      rate          size/glue  tier1  binary          remaining
c         MB    reductions    conflicts         size   tier2   irredundant
c           level    restarts        redundant     glue  trail         variables
c
c - 54.38 173 116 24 57 15686 13 283944 25941 2.1 23 11 1 9 6% 806 455894 37226 21%
c - 55.31 173 116 24 58 16418 13 291494 26882 2.1 23 11 1 8 6% 806 455894 37226 21%
c } 55.39 173 115 25 58 16512 13 292349 27628 2.1 23 11 1 8 6% 806 455894 37226 21%
c [ 55.39 173 72 25 58 16512 1 292349 27628 2.4 64 27 1 18 13% 806 455894 37226 21%
c B 55.39 173 72 25 58 16512 1 292349 27628 2.4 64 27 1 18 13% 806 455894 37226 21%
c o 56.70 174 73 25 58 16516 1 297521 32732 2.4 64 27 1 18 13% 806 455894 37226 21%
c - 57.00 174 73 25 59 16517 1 299110 26730 2.4 65 27 1 17 13% 806 455894 37226 21%
c u 57.77 174 73 25 59 16518 1 301899 28609 2.4 65 26 1 17 14% 806 455894 37226 21%
c v 57.90 174 73 25 59 16518 1 301899 24679 2.4 65 26 1 17 14% 806 455894 37226 21%
c w 58.46 175 73 25 59 16518 1 301899 24663 2.4 65 26 1 17 14% 806 455894 37226 21%
c - 59.54 175 73 25 60 16520 1 306791 22438 2.4 65 26 1 16 14% 806 455894 37226 21%
c - 60.76 175 73 25 61 16525 1 314536 22801 2.5 65 26 1 16 14% 806 455894 37226 21%
c ] 61.39 175 73 26 61 16526 1 319768 27909 2.5 65 26 1 16 13% 806 455894 37226 21%
c { 61.39 175 115 26 61 16526 13 319768 27909 2.1 23 11 1 8 6% 806 455894 37226 21%
c - 61.74 175 115 26 62 16821 13 322347 23338 2.1 23 11 1 8 6% 806 455894 37226 21%
c - 62.63 175 116 26 63 17379 12 330221 25445 2.1 23 11 1 8 6% 806 455894 37226 21%
c - 63.67 175 116 26 64 18028 12 338159 27383 2.1 23 11 1 8 6% 806 455894 37226 21%
c - 64.77 176 115 26 65 18716 12 346162 28786 2.1 23 11 1 8 6% 806 455894 37226 21%
c u 65.77 176 115 26 65 19427 12 353282 34126 2.1 23 11 1 8 6% 806 455894 37226 21%
c v 65.92 176 115 26 65 19427 12 353282 28735 2.1 23 11 1 8 6% 806 455894 37226 21%
c
c seconds     switched      rate          size/glue  tier1  binary          remaining
c         MB    reductions    conflicts         size   tier2   irredundant
c           level    restarts        redundant     glue  trail         variables
c
c w 66.32 176 115 26 65 19427 12 353282 28455 2.1 23 11 1 8 6% 806 455894 37226 21%
c - 66.54 176 115 26 66 19540 12 354225 24656 2.1 23 11 1 8 6% 806 455894 37226 21%
c } 67.48 176 116 27 66 20111 12 361987 31264 2.1 23 11 1 8 6% 806 455894 37226 21%
c [ 67.48 176 73 27 66 20111 1 361987 31264 2.5 65 26 1 16 13% 806 455894 37226 21%
c W 67.68 169 73 27 66 20111 1 361987 31264 2.5 65 26 1 16 13% 806 455894 37226 21%
c - 67.73 170 73 27 67 20111 1 362351 26956 2.5 65 26 1 16 13% 806 455894 37226 21%
c s 68.29 170 73 27 67 20114 1 366527 31055 2.5 65 26 1 16 13% 806 455403 37226 21%
c e 68.34 170 73 27 67 20114 1 366527 31055 2.5 65 26 1 16 13% 785 455621 37211 21%
c s 68.36 170 73 27 67 20114 1 366527 31055 2.5 65 26 1 16 13% 785 455525 37211 21%
c e 68.39 170 73 27 67 20114 1 366527 31055 2.5 65 26 1 16 13% 785 455536 37210 21%
c - 69.03 171 72 27 68 20117 1 370538 27651 2.5 65 26 1 15 13% 785 455536 37210 21%
c o 70.68 172 73 27 68 20121 1 378553 35524 2.5 66 26 1 15 13% 785 455536 37210 21%
c - 70.74 172 73 27 69 20121 1 378787 26509 2.5 66 26 1 15 13% 785 455536 37210 21%
c - 72.48 173 73 27 70 20125 1 387094 26113 2.5 66 27 1 15 13% 785 455536 37210 21%
c ] 73.91 173 73 28 70 20125 1 393497 32430 2.5 67 27 1 15 13% 785 455536 37210 21%
c { 73.91 173 116 28 70 20125 12 393497 32430 2.1 23 11 1 8 6% 785 455536 37210 21%
c - 74.21 174 115 28 71 20306 12 395461 26460 2.1 23 11 1 8 6% 785 455536 37210 21%
c - 75.25 174 114 28 72 21108 12 403888 28649 2.1 24 11 1 8 6% 785 455536 37210 21%
c u 76.12 175 113 28 72 21528 12 409086 32423 2.1 24 11 1 8 6% 785 455536 37210 21%
c v 76.27 175 113 28 72 21528 12 409086 28461 2.1 24 11 1 8 6% 785 455536 37210 21%
c
c seconds     switched      rate          size/glue  tier1  binary          remaining
c         MB    reductions    conflicts         size   tier2   irredundant
c           level    restarts        redundant     glue  trail         variables
c
c w 76.66 175 113 28 72 21528 12 409086 28113 2.1 24 11 1 8 6% 785 455536 37210 21%
c x 76.87 176 113 28 72 21528 12 409086 28105 2.1 24 11 1 8 6% 793 455237 37210 21%
c t 77.86 176 113 28 72 21528 12 409086 28105 2.1 24 11 1 8 6% 789 455237 37210 21%
c - 78.49 176 114 28 73 21827 12 412373 26521 2.1 24 11 1 7 6% 789 455237 37210 21%
c - 79.61 176 115 28 74 22479 12 420917 29298 2.1 24 11 1 7 6% 789 455237 37210 21%
c - 80.85 177 114 28 75 23306 12 429519 31551 2.1 24 11 1 7 6% 789 455237 37210 21%
c - 82.18 177 114 28 76 23945 12 438179 32985 2.1 24 12 1 7 6% 789 455237 37210 21%
c } 82.59 177 114 29 76 24226 12 441636 35932 2.1 24 12 1 7 6% 789 455237 37210 21%
c [ 82.59 177 73 29 76 24226 1 441636 35932 2.5 67 27 1 15 13% 789 455237 37210 21%
c I 82.59 177 73 29 76 24226 1 441636 35932 2.5 67 27 1 15 13% 789 455237 37210 21%
c - 83.47 177 72 29 77 24230 1 446896 32889 2.5 67 26 1 14 13% 789 455237 37210 21%
c - 84.89 177 72 29 78 24234 1 455670 30744 2.5 67 26 1 13 13% 789 455237 37210 21%
c - 86.98 177 72 29 79 24239 1 464501 29923 2.5 67 26 1 13 14% 789 455237 37210 21%
c u 88.38 177 72 29 79 24240 1 469356 33687 2.5 68 27 1 13 13% 789 455237 37210 21%
c v 88.50 177 72 29 79 24240 1 469356 30879 2.5 68 27 1 13 13% 789 455237 37210 21%
c w 89.32 179 72 29 79 24240 1 469356 30814 2.5 68 27 1 13 13% 789 455237 37210 21%
c o 89.40 179 72 29 79 24240 1 469356 30814 2.5 68 27 1 13 13% 789 455237 37210 21%
c - 90.04 179 72 29 80 24240 1 473389 26769 2.5 68 27 1 13 14% 789 455237 37210 21%
c ] 91.16 179 72 30 80 24245 1 480392 33616 2.5 68 27 1 13 13% 789 455237 37210 21%
c { 91.16 179 114 30 80 24245 12 480392 33616 2.1 24 12 1 7 6% 789 455237 37210 21%
c
c seconds     switched      rate          size/glue  tier1  binary          remaining
c         MB    reductions    conflicts         size   tier2   irredundant
c           level    restarts        redundant     glue  trail         variables
c
c - 91.55 179 115 30 81 24393 12 482333 27560 2.1 24 12 1 7 6% 789 455237 37210 21%
c - 92.84 179 114 30 82 25066 12 491334 30224 2.1 24 12 1 7 6% 789 455237 37210 21%
c - 94.06 179 115 30 83 25767 12 500389 32707 2.1 24 12 1 7 6% 789 455237 37210 21%
c s 94.51 179 115 30 83 26094 12 503303 35246 2.1 24 12 1 7 6% 789 455181 37210 21%
c e 94.64 179 115 30 83 26094 12 503303 35246 2.1 24 12 1 7 6% 708 455294 37081 21%
c s 94.65 179 115 30 83 26094 12 503303 35246 2.1 24 12 1 7 6% 708 454944 37081 21%
c e 94.70 179 115 30 83 26094 12 503303 35246 2.1 24 12 1 7 6% 707 454987 37077 21%
c - 95.66 179 115 30 84 26513 12 509499 34450 2.1 25 12 1 7 6% 707 454987 37077 21%
c - 96.89 180 115 30 85 27291 12 518664 35563 2.1 25 12 1 7 6% 707 454987 37077 21%
c - 98.18 180 114 30 86 28114 12 527886 36561 2.1 25 12 1 6 6% 707 454987 37077 21%
c u 99.18 180 113 30 86 28790 12 534184 40702 2.1 25 12 1 6 6% 707 454987 37077 21%
c v 99.31 180 113 30 86 28790 12 534184 35510 2.1 25 12 1 6 6% 707 454987 37077 21%
c w 99.67 180 113 30 86 28790 12 534184 35233 2.1 25 12 1 6 6% 707 454987 37077 21%
c x 99.93 163 113 30 86 28790 12 534184 35232 2.1 25 12 1 6 6% 711 454851 37077 21%
c t 99.98 163 113 30 86 28790 12 534184 35232 2.1 25 12 1 6 6% 709 454851 37077 21%
c } 100.16 168 113 31 86 28830 12 534826 35766 2.1 25 12 1 6 6% 709 454851 37077 21%
c [ 100.16 168 72 31 86 28830 1 534826 35766 2.5 68 27 1 13 13% 709 454851 37077 21%
c B 100.16 168 72 31 86 28830 1 534826 35766 2.5 68 27 1 13 13% 709 454851 37077 21%
c - 100.87 169 72 31 87 28832 1 537161 31815 2.5 68 27 1 13 14% 709 454851 37077 21%
c - 102.36 170 72 31 88 28836 1 546488 32153 2.5 68 27 1 13 13% 709 454851 37077 21%
c
c seconds     switched     rate          size/glue  tier1    binary          remaining
c          MB   reductions   conflicts         size   tier2     irredundant
c           level    restarts       redundant     glue    trail         variables
c
c - 103.88 170 72 31 89 28843 1 555869 31149 2.5 67 27 1 13 13% 709 454851 37077 21%
c - 105.27 171 72 31 90 28844 1 565303 30597 2.4 68 28 1 13 13% 709 454851 37077 21%
c o 106.43 171 72 31 90 28849 1 573268 38428 2.4 68 28 1 13 13% 709 454851 37077 21%
c - 106.64 171 72 31 91 28850 1 574789 30478 2.4 68 28 1 13 13% 709 454851 37077 21%
c W 107.20 169 72 31 91 28851 1 578538 34094 2.4 67 28 1 13 13% 709 454851 37077 21%
c - 108.19 171 72 31 92 28854 1 584329 31980 2.4 67 28 1 13 13% 709 454851 37077 21%
c ] 108.39 171 72 32 92 28855 1 585519 33155 2.4 67 28 1 13 13% 709 454851 37077 21%
c { 108.39 171 113 32 92 28855 12 585519 33155 2.1 25 12 1 6 6% 709 454851 37077 21%
c - 109.53 173 112 32 93 29615 12 593921 33790 2.1 25 12 1 6 6% 709 454851 37077 21%
c - 110.95 174 112 32 94 30444 12 603564 35941 2.1 25 12 1 6 6% 709 454851 37077 21%
c u 111.18 168 112 32 94 30451 12 603612 35323 2.1 25 12 1 6 6% 709 454851 37077 21%
c v 111.33 168 112 32 94 30451 12 603612 32020 2.1 25 12 1 6 6% 709 454851 37077 21%
c w 111.57 169 112 32 94 30451 12 603612 30559 2.1 25 12 1 6 6% 709 454851 37077 21%
c - 112.98 171 112 32 95 31197 12 613259 33577 2.1 25 12 1 6 7% 709 454851 37077 21%
c - 114.45 172 112 32 96 32105 12 623006 36873 2.1 26 12 1 6 7% 709 454851 37077 21%
c - 115.91 173 111 32 97 33102 12 632805 38565 2.1 26 12 1 6 7% 709 454851 37077 21%
c - 117.42 173 111 32 98 33967 12 642655 39774 2.1 26 12 1 6 7% 709 454851 37077 21%
c } 118.04 173 111 33 98 34230 12 646624 43325 2.1 26 12 1 6 7% 709 454851 37077 21%
c [ 118.04 173 72 33 98 34230 1 646624 43325 2.4 67 28 1 13 13% 709 454851 37077 21%
c O 118.04 173 72 33 98 34230 1 646624 43325 2.4 67 28 1 13 13% 709 454851 37077 21%
c
c seconds     switched     rate          size/glue  tier1    binary          remaining
c          MB   reductions   conflicts         size   tier2     irredundant
c           level    restarts       redundant     glue    trail         variables
c
c - 119.46 174 72 33 99 34234 1 652554 39559 2.4 67 28 1 12 13% 709 454851 37077 21%
c - 121.09 174 72 33 100 34239 1 662505 37284 2.4 68 28 1 12 13% 709 454851 37077 21%
c s 121.64 174 72 33 100 34242 1 666528 41183 2.4 68 28 1 12 13% 709 454785 37077 21%
c e 121.70 175 72 33 100 34242 1 666528 41183 2.4 68 28 1 12 13% 671 455299 37027 21%
c s 121.71 175 72 33 100 34242 1 666528 41183 2.4 68 28 1 12 13% 671 454903 37027 21%
c e 121.75 175 72 33 100 34242 1 666528 41183 2.4 68 28 1 12 13% 648 455021 37010 21%
c - 122.60 176 72 33 101 34244 1 672505 35079 2.4 68 28 1 12 13% 648 455021 37010 21%
c u 123.63 176 72 33 101 34244 1 677703 38941 2.4 67 28 1 12 13% 648 455021 37010 21%
c v 123.71 176 72 33 101 34244 1 677703 36666 2.4 67 28 1 12 13% 648 455021 37010 21%
c w 124.60 177 72 33 101 34244 1 677703 36275 2.4 67 28 1 12 13% 648 455021 37010 21%
c - 125.54 177 72 33 102 34247 1 682554 32286 2.4 67 28 1 12 13% 648 455021 37010 21%
c o 126.32 177 72 33 102 34250 1 686078 35763 2.4 67 28 1 12 13% 648 455021 37010 21%
c - 127.71 177 72 33 103 34252 1 692653 33283 2.4 68 28 1 12 13% 648 455021 37010 21%
c B 128.89 178 72 33 103 34257 1 699413 39922 2.4 68 28 1 12 13% 648 455021 37010 21%
c ] 129.53 178 72 34 103 34258 1 702581 43049 2.4 68 28 1 12 13% 648 455021 37010 21%
c { 129.53 178 111 34 103 34258 12 702581 43049 2.1 26 12 1 6 7% 648 455021 37010 21%
c - 129.58 178 111 34 104 34286 12 702801 33850 2.1 26 12 1 6 7% 648 455021 37010 21%
c - 130.83 178 109 34 105 34681 11 712999 36186 2.1 26 12 1 6 6% 648 455021 37010 21%
c - 132.04 178 108 34 106 35105 11 723246 39218 2.1 26 12 1 6 6% 648 455021 37010 21%
c - 133.20 178 107 34 107 35494 10 733542 40944 2.1 26 12 1 6 6% 648 455021 37010 21%
c
c seconds      switched       rate          size/glue  tier1  binary          remaining
c          MB    reductions     conflicts         size   tier2   irredundant
c            level     restarts        redundant     glue  trail         variables
c
c - 134.55 179 106 34 108 35927 10 743886 42174 2.1 26 12 1 6 6% 648 455021 37010 21%
c - 135.79 179 105 34 109 36489 10 754278 43619 2.1 26 12 1 6 6% 648 455021 37010 21%
c u 136.36 179 105 34 109 36645 10 756512 43942 2.1 26 12 1 6 6% 648 455021 37010 21%
c v 136.51 179 105 34 109 36645 10 756512 38854 2.1 26 12 1 6 6% 648 455021 37010 21%
c w 136.92 179 105 34 109 36645 10 756512 36989 2.1 26 12 1 6 6% 648 455021 37010 21%
c x 137.20 179 105 34 109 36645 10 756512 36986 2.1 26 12 1 6 6% 648 454705 37010 21%
c - 139.70 179 106 34 110 37201 10 764720 38249 2.1 26 12 1 6 6% 648 454705 37010 21%
c } 140.72 179 105 35 110 37742 10 770728 43450 2.1 26 12 1 6 6% 648 454705 37010 21%
c [ 140.72 179 72 35 110 37742 1 770728 43450 2.4 68 28 1 12 13% 648 454705 37010 21%
c W 140.93 169 72 35 110 37742 1 770728 43450 2.4 68 28 1 12 13% 648 454705 37010 21%
c - 141.90 170 72 35 111 37745 1 775209 40656 2.4 68 28 1 12 13% 648 454705 37010 21%
c - 143.89 171 72 35 112 37751 1 785745 39560 2.4 68 28 1 12 13% 648 454705 37010 21%
c - 146.63 171 71 35 113 37756 1 796328 36671 2.4 70 29 1 11 13% 648 454705 37010 21%
c - 149.35 173 72 35 114 37759 1 806958 36297 2.5 71 29 1 11 13% 648 454705 37010 21%
c ] 151.16 173 72 36 114 37763 1 814238 43470 2.5 71 29 1 11 13% 648 454705 37010 21%
c { 151.16 173 105 36 114 37763 10 814238 43470 2.1 26 12 1 6 6% 648 454705 37010 21%
c o 151.20 173 105 36 114 37769 10 814266 43498 2.1 26 12 1 6 6% 648 454705 37010 21%
c - 151.79 174 105 36 115 38213 10 817636 37600 2.1 26 12 1 6 6% 648 454705 37010 21%
c - 153.32 175 106 36 116 38997 10 828361 40881 2.1 26 12 1 6 6% 648 454705 37010 21%
c - 155.08 176 105 36 117 40075 10 839131 43490 2.1 26 12 1 6 6% 648 454705 37010 21%
c
c seconds      switched       rate          size/glue  tier1  binary          remaining
c          MB    reductions     conflicts         size   tier2   irredundant
c            level     restarts        redundant     glue  trail         variables
c
c u 155.34 176 105 36 117 40121 10 840087 43146 2.1 26 12 1 6 6% 648 454705 37010 21%
c v 155.46 176 105 36 117 40121 10 840087 38687 2.1 26 12 1 6 6% 648 454705 37010 21%
c w 155.66 176 105 36 117 40121 10 840087 37166 2.1 26 12 1 6 6% 648 454705 37010 21%
c - 157.26 176 105 36 118 41015 10 849947 39739 2.1 26 12 1 5 6% 648 454705 37010 21%
c s 158.60 176 105 36 118 41709 10 857619 46607 2.1 27 12 1 5 6% 648 454665 37010 21%
c e 158.65 176 105 36 118 41709 10 857619 46607 2.1 27 12 1 5 6% 622 454847 36987 21%
c s 158.67 176 105 36 118 41709 10 857619 46607 2.1 27 12 1 5 6% 622 454650 36987 21%
c e 158.70 176 105 36 118 41709 10 857619 46607 2.1 27 12 1 5 6% 616 454656 36986 21%
c - 159.27 176 105 36 119 42010 10 860809 43143 2.2 27 12 1 5 6% 616 454656 36986 21%
c - 160.72 176 105 36 120 42888 10 871718 45235 2.2 27 12 1 5 6% 616 454656 36986 21%
c - 162.42 177 105 36 121 43932 11 882672 46541 2.2 27 13 1 5 6% 616 454656 36986 21%
c } 163.40 177 104 37 121 44509 10 889795 52920 2.2 27 13 1 5 6% 616 454656 36986 21%
c [ 163.40 177 72 37 121 44509 1 889795 52920 2.5 71 29 1 11 13% 616 454656 36986 21%
c I 163.40 177 72 37 121 44509 1 889795 52920 2.5 71 29 1 11 13% 616 454656 36986 21%
c - 164.17 177 72 37 122 44511 1 893672 47033 2.5 71 29 1 11 13% 616 454656 36986 21%
c - 166.15 177 72 37 123 44518 1 904718 44893 2.5 72 29 1 11 13% 616 454656 36986 21%
c - 169.06 177 72 37 124 44523 1 915809 42497 2.5 72 29 1 11 13% 616 454656 36986 21%
c - 172.35 177 73 37 125 44526 1 926944 42323 2.5 73 29 1 11 13% 616 454656 36986 21%
c u 172.80 177 73 37 125 44528 1 928485 42361 2.5 73 29 1 11 13% 616 454656 36986 21%
c v 172.93 177 73 37 125 44528 1 928485 39827 2.5 73 29 1 11 13% 616 454656 36986 21%
c
c seconds     switched      rate          size/glue  tier1    binary          remaining
c          MB   reductions    conflicts         size   tier2     irredundant
c           level     restarts       redundant     glue    trail         variables
c
c w 173.53 178 73 37 125 44528 1 928485 38188 2.5 73 29 1 11 13% 616 454656 36986 21%
c - 175.64 178 73 37 126 44533 1 938126 37639 2.5 73 29 1 10 13% 616 454656 36986 21%
c ] 177.32 178 72 38 126 44537 1 947166 46537 2.5 73 29 1 10 13% 616 454656 36986 21%
c { 177.32 178 104 38 126 44537 10 947166 46537 2.2 27 13 1 5 6% 616 454656 36986 21%
c o 177.35 178 104 38 126 44542 10 947196 46560 2.2 27 13 1 5 6% 616 454656 36986 21%
c - 177.62 178 104 38 127 44611 10 949351 38953 2.2 27 13 1 5 7% 616 454656 36986 21%
c - 179.09 178 103 38 128 45225 10 960620 42239 2.2 28 13 1 5 7% 618 454656 36986 21%
c - 180.69 178 102 38 129 45714 10 971933 45347 2.2 28 13 1 5 7% 623 454656 36986 21%
c - 182.29 178 101 38 130 46364 10 983293 47451 2.2 28 13 1 6 7% 624 454655 36986 21%
c - 183.90 179 100 38 131 47077 9 994694 48651 2.2 28 12 1 6 7% 626 454655 36986 21%
c - 185.45 179 99 38 132 47927 9 1006140 49363 2.3 28 12 1 6 8% 628 454654 36986 21%
c - 187.00 179 106 38 133 48308 9 1017630 50170 2.3 28 12 1 6 8% 637 454654 36986 21%
c u 187.54 179 108 38 133 48308 9 1021761 52886 2.3 27 12 1 6 7% 645 454654 36986 21%
c v 187.78 180 108 38 133 48308 9 1021761 47923 2.3 27 12 1 6 7% 650 454654 36986 21%
c w 188.06 180 108 38 133 48308 9 1021761 42711 2.3 27 12 1 6 7% 652 454654 36986 21%
c d 188.09 180 108 38 133 48308 9 1021761 42710 2.3 27 12 1 6 7% 650 454654 36985 21%
c t 188.12 180 108 38 133 48308 9 1021761 42710 2.3 27 12 1 6 7% 641 454654 36985 21%
c u 188.34 180 108 38 133 48308 9 1021761 42602 2.3 27 12 1 6 7% 642 454654 36985 21%
c v 188.48 180 108 38 133 48308 9 1021761 40797 2.3 27 12 1 6 7% 646 454654 36985 21%
c w 188.68 180 108 38 133 48308 9 1021761 39601 2.3 27 12 1 6 7% 646 454654 36985 21%
c
c seconds      switched      rate           size/glue  tier1  binary          remaining
c          MB    reductions     conflicts         size   tier2   irredundant
c            level     restarts        redundant     glue  trail         variables
c
c x 189.38 181 108 38 133 48308 9 1021761 39589 2.3 27 12 1 6 7% 647 454345 36985 21%
c t 189.43 181 108 38 133 48308 9 1021761 39589 2.3 27 12 1 6 7% 642 454345 36985 21%
c - 190.55 170 106 38 134 48900 8 1029162 40313 2.3 28 12 1 6 8% 642 454345 36985 21%
c } 190.70 170 106 39 134 48969 8 1030499 41361 2.3 28 12 1 6 8% 644 454345 36985 21%
c [ 190.70 170 72 39 134 48969 1 1030499 41361 2.5 73 29 1 10 13% 644 454345 36985 21%
c B 190.70 170 72 39 134 48969 1 1030499 41361 2.5 73 29 1 10 13% 644 454345 36985 21%
c - 192.71 170 72 39 135 48975 1 1040738 41888 2.5 73 29 1 10 13% 644 454345 36985 21%
c - 194.85 171 72 39 136 48982 1 1052356 40712 2.4 72 30 1 10 13% 644 454345 36985 21%
c - 197.44 172 72 39 137 48984 1 1064018 40602 2.4 73 30 1 10 13% 644 454345 36985 21%
c - 199.44 172 72 39 138 48990 1 1075722 40921 2.4 73 30 1 10 13% 644 454345 36985 21%
c s 200.08 172 72 39 138 48992 1 1077963 43134 2.4 72 30 1 10 13% 644 454320 36985 21%
c e 200.15 174 72 39 138 48992 1 1077963 43134 2.4 72 30 1 10 13% 638 454483 36962 21%
c s 200.16 174 72 39 138 48992 1 1077963 43134 2.4 72 30 1 10 13% 638 454411 36962 21%
c e 200.19 174 72 39 138 48992 1 1077963 43134 2.4 72 30 1 10 13% 638 454453 36958 21%
c - 201.98 174 72 39 139 48997 1 1087470 41124 2.4 72 30 1 10 12% 638 454453 36958 21%
c o 202.27 174 72 39 139 48998 1 1088588 42235 2.4 72 30 1 10 12% 638 454453 36958 21%
c ] 203.69 174 72 40 139 48998 1 1095968 49546 2.4 74 30 1 10 13% 638 454453 36958 21%
c { 203.69 174 106 40 139 48998 8 1095968 49546 2.3 28 12 1 6 8% 638 454453 36958 21%
c caught signal 15 (SIGTERM)
c
c ---- [ profiling ] ---------------------------------------------------------
c
c         174.50   85.62 %  search
c          91.42   44.85 %  stable
c          83.08   40.76 %  focused
c          28.06   13.77 %  simplify
c          24.13   11.84 %  probe
c          14.20    6.97 %  vivify
c           4.31    2.11 %  eliminate
c           4.02    1.97 %  sweep
c           1.98    0.97 %  factor
c           1.80    0.88 %  substitute
c           1.74    0.86 %  congruence
c           1.35    0.66 %  reduce
c           1.11    0.55 %  preprocess
c           0.71    0.35 %  walking
c           0.62    0.30 %  subsume
c           0.26    0.13 %  transitive
c           0.13    0.06 %  backbone
c           0.11    0.05 %  parse
c           0.03    0.02 %  lucky
c =============================================
c         203.81  100.00 %  total
c
c ---- [ statistics ] --------------------------------------------------------
c
c chronological:                         3960                0 %  conflicts
c conflicts:                          1096512             5379.88 per second
c congruent:                            49784               29 %  variables
c decisions:                          6807767                6.21 per conflict
c eliminated:                           79293               46 %  variables
c factored:                                24                0 %  variables
c iterations:                               1                0 %  variables
c propagations:                     834270506          4093230    per second
c reductions:                             139             7889    interval
c reordered:                               15            73101    interval
c rephased:                                22            49841    interval
c restarts:                             49078               22    interval
c strengthened:                         10574                0 %  checks
c substituted:                          49809               29 %  variables
c subsumed:                             10083                0 %  checks
c switched:                                40            27413    interval
c vivified:                            174669               10 %  checks
c walks:                                    7           156645    interval
c
c ---- [ glue usage ] --------------------------------------------------------
c
c focused glue 1   used 2047804 clauses 71.46% accumulated 71.46% tier1
c focused glue 2   used  250795 clauses  8.75% accumulated 80.21%
c focused glue 3-4 used  204352 clauses  7.13% accumulated 87.34%
c focused glue 5   used   53776 clauses  1.88% accumulated 89.22%
c focused glue 6   used   42050 clauses  1.47% accumulated 90.69% tier2
c
c stable glue 1   used 4937052 clauses 73.57% accumulated 73.57% tier1
c stable glue 2   used  473963 clauses  7.06% accumulated 80.63%
c stable glue 3-8 used  545031 clauses  8.12% accumulated 88.75%
c stable glue 9   used   58705 clauses  0.87% accumulated 89.62%
c stable glue 10  used   52668 clauses  0.78% accumulated 90.41% tier2
c
c ---- [ resources ] ---------------------------------------------------------
c
c maximum-resident-set-size:        218271744 bytes        208 MB
c process-time:                         3m 24s             203.81 seconds
c raising signal 15 (SIGTERM)
