c ---- [ banner ] ------------------------------------------------------------
c
c Kissat SAT Solver
c 
c Copyright (c) 2021-2024 Armin Biere University of Freiburg
c Copyright (c) 2019-2021 Armin Biere Johannes Kepler University Linz
c 
c Version 4.0.4 8af8e56f174b778aef3aa45af9f739b2a5f492c2
c gcc (Ubuntu 13.3.0-6ubuntu2~24.04.1) 13.3.0 -W -Wall -O3 -DNDEBUG
c Sun Sep 27 15:50:37 +04 2026 Linux vm 6.18.44-fc-v37 x86_64
c
c ---- [ parsing ] -----------------------------------------------------------
c
c opened and reading DIMACS file:
c
c   cnf/d8_closed.cnf
c
c parsed 'p cnf 171648 614251' header
c closing input after reading 12285301 bytes (12 MB)
c finished parsing after 0.10 seconds
c
c ---- [ solving ] -----------------------------------------------------------
c
c seconds switched rate     size/glue tier1   binary            remaining
c        MB reductions conflicts size  tier2      irredundant
c         level restarts redundant glue  trail            variables
c
c *  0.10 41 0 0 0  0 0   0   0 0.0 0 0 0 0 0% 128116 438793 159681 93%
c (  0.12 43 0 0 0  0 0   0   0 0.0 0 0 0 0 0% 128116 438793 159681 93%
c .  0.14 42 0 0 0  0 0   0   0 0.0 0 0 0 0 0% 135498 421935 159681 93%
c c  1.04 138 0 0 0  0 0   0   0 0.0 0 0 0 0 0% 208978 281955 109552 64%
c d  1.06 138 0 0 0  0 0   0   0 0.0 0 0 0 0 0% 105824 281955 109552 64%
c )  1.12 138 0 0 0  0 0   0   0 0.0 0 0 0 0 0% 104928 281955 109552 64%
c {  1.13 138 0 0 0  0 0   0   0 0.0 0 0 2 6 0% 104928 281955 109552 64%
c -  1.27 135 108 0 1 25 3 1002 638 2.5 22 9 5 14 8% 104928 281955 109552 64%
c }  1.27 135 108 1 1 25 3 1002 638 2.5 22 9 5 14 8% 104928 281955 109552 64%
c [  1.27 135 0 1 1 25 0 1002 638 0.0 0 0 2 6 0% 104928 281955 109552 64%
c B  1.27 135 0 1 1 25 0 1002 638 0.0 0 0 2 6 0% 104928 281955 109552 64%
c -  1.35 135 136 1 2 25 1 2004 1386 2.2 35 16 6 26 12% 104928 281955 109552 64%
c W  1.44 135 136 1 2 25 1 2004 1386 2.2 35 16 6 26 12% 104928 281955 109552 64%
c ]  1.45 135 128 2 2 25 1 2105 1479 2.2 36 16 6 26 12% 104928 281955 109552 64%
c {  1.45 135 108 2 2 25 3 2105 1479 2.5 22 9 5 14 8% 104928 281955 109552 64%
c u  1.76 135 87 2 2 114 6 2656 1756 2.4 22 9 5 14 7% 104928 281955 109552 64%
c v  1.78 135 87 2 2 114 6 2656 1751 2.4 22 9 5 14 7% 104928 281955 109552 64%
c w  1.79 135 87 2 2 114 6 2656 1748 2.4 22 9 5 14 7% 104928 281955 109552 64%
c x  1.81 135 87 2 2 114 6 2656 1748 2.4 22 9 5 14 7% 104928 281955 109552 64%
c }  1.88 135 78 3 2 128 6 3105 2118 2.5 22 9 5 14 7% 104928 281955 109552 64%
c
c seconds    switched  rate       size/glue  tier1      binary            remaining
c         MB  reductions conflicts      size   tier2        irredundant
c           level restarts   redundant     glue    trail            variables
c
c [  1.88 135 128 3 2 128 1 3105 2118 2.2 36 16 6 26 12% 104928 281955 109552 64%
c -  1.93 135 110 3 3 128 1 3418 2180 2.2 38 17 7 27 11% 104928 281955 109552 64%
c ]  2.00 135 94 4 3 128 1 3852 2604 2.2 40 18 7 27 10% 104928 281955 109552 64%
c {  2.00 135 78 4 3 128 6 3852 2604 2.5 22 9 5 14 7% 104928 281955 109552 64%
c -  2.22 135 102 4 4 424 12 5151 3109 2.3 22 10 4 14 7% 104928 281955 109552 64%
c }  2.36 135 95 5 4 560 12 6204 3974 2.3 23 10 4 14 7% 104928 281955 109552 64%
c [  2.36 135 94 5 4 560 1 6204 3974 2.2 40 18 7 27 10% 104928 281955 109552 64%
c I  2.36 135 94 5 4 560 1 6204 3974 2.2 40 18 7 27 10% 104928 281955 109552 64%
c -  2.43 135 79 5 5 560 1 7151 4142 2.2 38 17 7 25 10% 104928 281955 109552 64%
c u  2.54 135 69 5 5 561 1 8181 4599 2.1 36 17 7 25 9% 104928 281955 109552 64%
c v  2.59 135 69 5 5 561 1 8181 4312 2.1 36 17 7 25 9% 104928 281955 109552 64%
c w  2.61 135 69 5 5 561 1 8181 4285 2.1 36 17 7 25 9% 104928 281955 109552 64%
c -  2.94 135 64 5 6 562 1 9388 4351 2.2 39 18 6 24 10% 104928 281955 109552 64%
c ]  3.00 135 63 6 6 562 1 9655 4606 2.2 40 18 6 24 10% 104928 281955 109552 64%
c {  3.00 135 95 6 6 562 12 9655 4606 2.3 23 10 4 14 7% 104928 281955 109552 64%
c o  3.07 135 92 6 6 603 12 10007 4899 2.3 23 10 4 14 7% 104928 281955 109552 64%
c -  3.34 135 104 6 7 771 17 11837 5360 2.3 23 10 4 13 7% 104928 281955 109552 64%
c s  3.57 135 108 6 7 922 17 13276 6544 2.3 23 10 4 13 7% 104929 281952 109552 64%
c e  3.97 162 108 6 7 922 17 13276 6544 2.3 23 10 4 13 7% 2236 338196 50912 30%
c s  4.04 162 108 6 7 922 17 13276 6544 2.3 23 10 4 13 7% 2236 337688 50912 30%
c
c seconds    switched   rate        size/glue  tier1    binary          remaining
c         MB  reductions  conflicts       size   tier2     irredundant
c           level restarts     redundant     glue   trail          variables
c
c ^  4.07 162 108 6 7 922 17 13276 6544 2.3 23 10 4 13 7% 2236 337688 50912 30%
c }  4.14 162 111 7 7 959 17 13724 1801 2.3 23 10 4 13 7% 2236 337688 50912 30%
c [  4.14 162 63 7 7 959 1 13724 1801 2.2 40 18 6 24 10% 2236 337688 50912 30%
c B  4.14 162 63 7 7 959 1 13724 1801 2.2 40 18 6 24 10% 2236 337688 50912 30%
c -  4.26 158 61 7 8 959 1 14482 2218 2.2 40 18 5 24 9% 2236 337688 50912 30%
c u  4.55 139 65 7 8 961 1 16760 3850 2.2 39 18 6 23 9% 2236 337688 50912 30%
c v  4.59 139 65 7 8 961 1 16760 3277 2.2 39 18 6 23 9% 2236 337688 50912 30%
c w  4.63 139 65 7 8 961 1 16760 3265 2.2 39 18 6 23 9% 2236 337688 50912 30%
c x  4.67 139 65 7 8 961 1 16760 3265 2.2 39 18 6 23 9% 2236 337688 50912 30%
c f  4.92 137 65 7 8 961 1 16760 3265 2.2 39 18 6 23 9% 2240 337680 50914 30%
c u  4.96 137 65 7 8 961 1 16760 3227 2.2 39 18 6 23 9% 2240 337680 50914 30%
c v  4.99 137 65 7 8 961 1 16760 3015 2.2 39 18 6 23 9% 2240 337680 50914 30%
c w  5.06 137 65 7 8 961 1 16760 2962 2.2 39 18 6 23 9% 2240 337680 50914 30%
c -  5.14 137 65 7 9 961 1 17311 3103 2.2 39 18 6 23 9% 2240 337680 50914 30%
c W  5.33 137 69 7 9 962 1 19254 4926 2.1 38 18 6 23 9% 2240 337680 50914 30%
c -  5.41 137 71 7 10 963 1 20311 5085 2.1 38 18 5 23 9% 2240 337680 50914 30%
c o  5.43 137 71 7 10 964 1 20415 5189 2.1 38 18 5 23 8% 2240 337680 50914 30%
c ]  5.55 137 71 8 10 964 1 21391 6149 2.2 40 18 5 23 9% 2240 337680 50914 30%
c {  5.55 137 111 8 10 964 17 21391 6149 2.3 23 10 4 13 7% 2240 337680 50914 30%
c -  5.74 137 113 8 11 1181 16 23473 6282 2.3 23 10 4 14 7% 2240 337680 50914 30%
c
c seconds    switched     rate        size/glue  tier1    binary          remaining
c         MB   reductions   conflicts       size   tier2     irredundant
c           level   restarts     redundant     glue   trail          variables
c
c s  5.99 137 114 8 11 1520 16 26411 8647 2.2 23 10 4 14 6% 2240 337372 50914 30%
c e  6.32 137 114 8 11 1520 16 26411 8647 2.2 23 10 4 14 6% 969 338574 50050 29%
c s  6.33 137 114 8 11 1520 16 26411 8647 2.2 23 10 4 14 6% 969 337538 50050 29%
c e  6.38 137 114 8 11 1520 16 26411 8647 2.2 23 10 4 14 6% 963 337495 50007 29%
c ^  6.38 137 114 8 11 1520 16 26411 8647 2.2 23 10 4 14 6% 963 337495 50007 29%
c -  6.42 137 119 8 12 1539 16 26790 5014 2.2 23 10 3 13 6% 963 337495 50007 29%
c }  6.49 137 128 9 12 1585 16 27552 5634 2.2 23 10 3 13 6% 963 337495 50007 29%
c [  6.49 137 71 9 12 1585 1 27552 5634 2.2 40 18 5 23 9% 963 337495 50007 29%
c O  6.49 137 71 9 12 1585 1 27552 5634 2.2 40 18 5 23 9% 963 337495 50007 29%
c u  6.68 137 70 9 12 1585 1 28452 6020 2.2 41 19 5 23 9% 963 337495 50007 29%
c v  6.79 137 70 9 12 1585 1 28452 4803 2.2 41 19 5 23 9% 963 337495 50007 29%
c w  6.83 137 70 9 12 1585 1 28452 4792 2.2 41 19 5 23 9% 963 337495 50007 29%
c -  7.28 137 70 9 13 1587 1 30255 5194 2.2 43 19 6 26 9% 963 337495 50007 29%
c ]  7.51 137 69 10 13 1588 1 31995 6898 2.2 44 20 6 26 9% 963 337495 50007 29%
c {  7.51 137 128 10 13 1588 16 31995 6898 2.2 23 10 3 13 6% 963 337495 50007 29%
c -  7.71 137 134 10 14 1755 15 33863 6818 2.2 22 10 3 13 6% 963 337495 50007 29%
c -  8.06 137 140 10 15 2125 15 37604 8243 2.2 23 11 3 13 6% 963 337495 50007 29%
c o  8.40 153 143 10 15 2433 15 40531 10614 2.2 23 11 3 13 6% 963 337495 50007 29%
c }  8.43 153 143 11 15 2449 15 40623 10686 2.2 23 11 3 13 6% 963 337495 50007 29%
c [  8.43 153 69 11 15 2449 1 40623 10686 2.2 44 20 6 26 9% 963 337495 50007 29%
c
c seconds    switched    rate         size/glue  tier1   binary          remaining
c         MB   reductions  conflicts        size   tier2    irredundant
c          level    restarts     redundant     glue   trail         variables
c
c B  8.43 153 69 11 15 2449 1 40623 10686 2.2 44 20 6 26 9% 963 337495 50007 29%
c -  8.60 153 68 11 16 2449 1 41477 9334 2.2 45 21 5 26 9% 963 337495 50007 29%
c u  9.05 137 68 11 16 2451 1 43501 10526 2.2 46 21 5 26 9% 963 337495 50007 29%
c v  9.12 137 68 11 16 2451 1 43501 9947 2.2 46 21 5 26 9% 963 337495 50007 29%
c w  9.16 137 68 11 16 2451 1 43501 9942 2.2 46 21 5 26 9% 963 337495 50007 29%
c x  9.20 137 68 11 16 2451 1 43501 9942 2.2 46 21 5 26 9% 963 337429 50007 29%
c -  9.53 137 67 11 17 2452 1 45477 8888 2.2 47 21 5 26 9% 963 337429 50007 29%
c ]  9.66 137 67 12 17 2453 1 46281 9685 2.2 48 21 5 26 9% 963 337429 50007 29%
c {  9.66 137 143 12 17 2453 15 46281 9685 2.2 23 11 3 13 6% 963 337429 50007 29%
c -  9.97 137 141 12 18 2754 14 49601 9469 2.1 23 11 2 13 6% 963 337429 50007 29%
c - 10.34 137 148 12 19 3070 14 53844 10272 2.1 23 11 2 13 6% 963 337429 50007 29%
c e 10.71 137 149 12 19 3148 14 54878 11107 2.1 23 11 2 13 6% 943 338593 49371 29%
c s 10.72 137 149 12 19 3148 14 54878 11107 2.1 23 11 2 13 6% 943 337893 49371 29%
c e 10.74 137 149 12 19 3148 14 54878 11107 2.1 23 11 2 13 6% 943 337891 49369 29%
c ^ 10.74 137 149 12 19 3148 14 54878 11107 2.1 23 11 2 13 6% 943 337891 49369 29%
c } 10.99 137 150 13 19 3438 14 57762 12948 2.1 23 11 2 13 6% 943 337891 49369 29%
c [ 10.99 137 67 13 19 3438 1 57762 12948 2.2 48 21 5 26 9% 943 337891 49369 29%
c W 11.04 137 67 13 19 3438 1 57762 12948 2.2 48 21 5 26 9% 943 337891 49369 29%
c - 11.12 137 67 13 20 3438 1 58202 10795 2.2 48 22 4 26 9% 943 337891 49369 29%
c u 11.80 137 66 13 20 3441 1 62016 13837 2.3 50 22 4 26 10% 943 337891 49369 29%
c
c seconds    switched    rate         size/glue  tier1    binary          remaining
c         MB   reductions  conflicts        size   tier2     irredundant
c          level    restarts     redundant     glue    trail         variables
c
c v 11.94 137 66 13 20 3441 1 62016 12083 2.3 50 22 4 26 10% 943 337891 49369 29%
c w 11.99 137 66 13 20 3441 1 62016 12080 2.3 50 22 4 26 10% 943 337891 49369 29%
c - 12.17 137 66 13 21 3441 1 62674 9795 2.3 50 22 3 25 10% 943 337891 49369 29%
c ] 12.54 137 66 14 21 3443 1 64943 12005 2.3 50 22 3 25 10% 943 337891 49369 29%
c { 12.54 137 150 14 21 3443 14 64943 12005 2.1 23 11 2 13 6% 943 337891 49369 29%
c - 12.81 137 148 14 22 3585 13 67256 10814 2.1 23 11 2 12 6% 943 337891 49369 29%
c o 13.16 137 148 14 22 3835 13 70554 13511 2.1 23 11 2 12 6% 943 337891 49369 29%
c - 13.38 137 147 14 23 3964 13 71946 12078 2.1 23 11 2 12 6% 943 337891 49369 29%
c - 13.90 137 147 14 24 4449 13 76742 13154 2.1 23 11 2 11 6% 943 337891 49369 29%
c } 14.19 137 143 15 24 4705 13 79658 15619 2.1 23 11 2 11 6% 943 337891 49369 29%
c [ 14.19 137 66 15 24 4705 1 79658 15619 2.3 50 22 3 25 10% 943 337891 49369 29%
c I 14.19 137 66 15 24 4705 1 79658 15619 2.3 50 22 3 25 10% 943 337891 49369 29%
c - 14.58 137 66 15 25 4706 1 81640 13964 2.3 51 22 2 23 10% 943 337891 49369 29%
c u 15.11 153 66 15 25 4708 1 84132 15450 2.3 51 22 2 23 10% 943 337891 49369 29%
c v 15.22 153 66 15 25 4708 1 84132 13407 2.3 51 22 2 23 10% 943 337891 49369 29%
c w 15.28 153 66 15 25 4708 1 84132 13404 2.3 51 22 2 23 10% 943 337891 49369 29%
c x 15.36 153 66 15 25 4708 1 84132 13402 2.3 51 22 2 23 10% 943 337830 49369 29%
c - 15.81 153 66 15 26 4710 1 86640 12136 2.3 52 22 2 22 11% 943 337830 49369 29%
c ] 16.25 153 67 16 26 4711 1 89351 14787 2.3 52 22 2 22 11% 943 337830 49369 29%
c { 16.25 153 143 16 26 4711 13 89351 14787 2.1 23 11 2 11 6% 943 337830 49369 29%
c
c seconds     switched     rate         size/glue  tier1   binary          remaining
c         MB    reductions   conflicts        size   tier2    irredundant
c           level    restarts      redundant     glue   trail         variables
c
c - 16.54 153 141 16 27 4939 13 91739 13068 2.1 23 11 2 11 6% 943 337830 49369 29%
c - 17.21 154 139 16 28 5486 13 96935 14462 2.1 23 11 2 11 6% 943 337830 49369 29%
c s 17.59 154 141 16 28 5776 12 100737 17623 2.1 23 11 2 11 5% 943 337829 49369 29%
c e 17.96 155 141 16 28 5776 12 100737 17623 2.1 23 11 2 11 5% 268 344927 47423 28%
c s 17.99 155 141 16 28 5776 12 100737 17623 2.1 23 11 2 11 5% 268 343818 47423 28%
c e 18.05 155 141 16 28 5776 12 100737 17623 2.1 23 11 2 11 5% 268 343791 47386 28%
c ^ 18.05 155 141 16 28 5776 12 100737 17623 2.1 23 11 2 11 5% 268 343791 47386 28%
c - 18.26 155 141 16 29 5870 12 102227 14078 2.1 23 11 2 10 5% 268 343791 47386 28%
c - 18.87 155 139 16 30 6438 12 107612 14898 2.1 23 11 1 10 5% 268 343791 47386 28%
c } 18.88 155 139 17 30 6453 12 107688 14963 2.1 23 11 1 10 5% 268 343791 47386 28%
c [ 18.88 155 67 17 30 6453 1 107688 14963 2.3 52 22 2 22 11% 268 343791 47386 28%
c B 18.88 155 67 17 30 6453 1 107688 14963 2.3 52 22 2 22 11% 268 343791 47386 28%
c u 19.19 155 67 17 30 6455 1 109977 16697 2.3 52 22 2 22 11% 268 343791 47386 28%
c v 19.31 155 67 17 30 6455 1 109977 13343 2.3 52 22 2 22 11% 268 343791 47386 28%
c w 19.46 156 67 17 30 6455 1 109977 13316 2.3 52 22 2 22 11% 268 343791 47386 28%
c - 20.37 156 66 17 31 6457 1 113089 12612 2.3 52 22 2 22 11% 268 343791 47386 28%
c - 21.37 156 66 17 32 6459 1 118656 12451 2.3 54 23 2 22 11% 268 343791 47386 28%
c ] 21.80 156 65 18 32 6460 1 121235 14977 2.3 54 24 2 22 11% 268 343791 47386 28%
c { 21.80 156 139 18 32 6460 12 121235 14977 2.1 23 11 1 10 5% 268 343791 47386 28%
c o 21.83 156 139 18 32 6466 12 121257 14997 2.1 23 11 1 10 5% 268 343791 47386 28%
c
c seconds     switched     rate          size/glue  tier1   binary          remaining
c         MB    reductions   conflicts         size   tier2    irredundant
c           level    restarts       redundant     glue   trail         variables
c
c - 22.14 156 136 18 33 6553 12 124312 12577 2.1 23 11 1 10 5% 268 343791 47386 28%
c - 22.69 156 133 18 34 6764 11 130056 14777 2.1 23 11 1 10 5% 268 343791 47386 28%
c - 23.31 156 132 18 35 7035 11 135886 16366 2.1 23 11 1 9 5% 268 343791 47386 28%
c u 23.83 137 129 18 35 7235 11 139666 19168 2.1 23 11 1 9 5% 268 343791 47386 28%
c v 23.96 137 129 18 35 7235 11 139666 15419 2.1 23 11 1 9 5% 268 343791 47386 28%
c w 24.13 137 129 18 35 7235 11 139666 15366 2.1 23 11 1 9 5% 268 343791 47386 28%
c - 24.42 137 128 18 36 7352 11 141802 14275 2.1 23 11 1 9 5% 268 343791 47386 28%
c } 24.57 137 128 19 36 7463 11 143581 15766 2.1 23 11 1 9 5% 268 343791 47386 28%
c [ 24.57 137 65 19 36 7463 1 143581 15766 2.3 54 24 2 22 11% 268 343791 47386 28%
c W 24.67 137 65 19 36 7463 1 143581 15766 2.3 54 24 2 22 11% 268 343791 47386 28%
c - 25.38 137 66 19 37 7466 1 147804 15539 2.3 55 24 2 22 11% 268 343791 47386 28%
c - 26.45 137 66 19 38 7469 1 153887 15502 2.3 55 25 2 22 11% 268 343791 47386 28%
c ] 26.97 137 65 20 38 7471 1 157289 18812 2.3 56 25 2 22 10% 268 343791 47386 28%
c { 26.97 137 128 20 38 7471 11 157289 18812 2.1 23 11 1 9 5% 268 343791 47386 28%
c - 27.29 137 127 20 39 7720 11 160052 16183 2.1 23 11 1 9 5% 268 343791 47386 28%
c s 27.90 137 129 20 39 8325 11 165977 21092 2.1 23 11 1 9 5% 268 343587 47386 28%
c e 28.42 157 129 20 39 8325 11 165977 21092 2.1 23 11 1 9 5% 165 399590 37904 22%
c s 28.52 157 129 20 39 8325 11 165977 21092 2.1 23 11 1 9 5% 165 398704 37904 22%
c e 28.58 157 129 20 39 8325 11 165977 21092 2.1 23 11 1 9 5% 165 398610 37887 22%
c ^ 28.58 157 129 20 39 8325 11 165977 21092 2.1 23 11 1 9 5% 165 398610 37887 22%
c
c seconds     switched     rate          size/glue  tier1  binary          remaining
c         MB    reductions   conflicts         size   tier2   irredundant
c           level    restarts       redundant     glue  trail         variables
c
c - 28.65 158 128 20 40 8363 11 166296 15646 2.1 23 11 1 9 5% 165 398610 37887 22%
c o 29.21 159 127 20 40 8989 11 171261 19948 2.1 23 11 1 9 5% 165 398610 37887 22%
c - 29.37 159 126 20 41 9206 11 172621 17879 2.1 23 11 1 8 5% 165 398610 37887 22%
c u 29.50 159 125 20 41 9269 11 173274 17979 2.1 23 11 1 8 5% 165 398610 37887 22%
c v 29.58 159 125 20 41 9269 11 173274 15057 2.1 23 11 1 8 5% 165 398610 37887 22%
c w 29.75 159 125 20 41 9269 11 173274 14948 2.1 23 11 1 8 5% 165 398610 37887 22%
c - 30.60 159 125 20 42 9821 11 179024 16964 2.1 23 11 1 8 5% 165 398610 37887 22%
c } 31.18 159 124 21 42 10409 11 184030 21402 2.1 24 11 1 8 5% 165 398610 37887 22%
c [ 31.18 159 65 21 42 10409 1 184030 21402 2.3 56 25 2 22 10% 165 398610 37887 22%
c O 31.18 159 65 21 42 10409 1 184030 21402 2.3 56 25 2 22 10% 165 398610 37887 22%
c - 31.38 159 66 21 43 10410 1 185505 19183 2.3 56 25 2 22 10% 165 398610 37887 22%
c - 32.28 160 66 21 44 10414 1 192062 19299 2.3 56 25 2 21 11% 165 398610 37887 22%
c - 33.27 160 66 21 45 10418 1 198695 17993 2.3 57 25 2 20 11% 165 398610 37887 22%
c ] 34.26 160 66 22 45 10422 1 204969 24111 2.3 58 26 2 20 11% 165 398610 37887 22%
c { 34.26 160 124 22 45 10422 11 204969 24111 2.1 24 11 1 8 5% 165 398610 37887 22%
c - 34.32 160 123 22 46 10450 11 205403 17866 2.1 24 11 1 8 5% 165 398610 37887 22%
c u 34.98 160 120 22 46 10713 11 211373 22742 2.1 24 11 1 8 5% 165 398610 37887 22%
c v 35.10 160 120 22 46 10713 11 211373 19948 2.1 24 11 1 8 5% 165 398610 37887 22%
c w 35.41 161 120 22 46 10713 11 211373 19587 2.1 24 11 1 8 5% 165 398610 37887 22%
c - 35.69 161 119 22 47 10756 11 212185 16897 2.1 24 11 1 8 5% 165 398610 37887 22%
c
c seconds     switched      rate          size/glue  tier1  binary          remaining
c         MB    reductions    conflicts         size   tier2   irredundant
c           level    restarts        redundant     glue  trail         variables
c
c - 36.28 161 117 22 48 11123 11 219041 19793 2.1 24 11 1 8 6% 165 398610 37887 22%
c - 36.92 161 113 22 49 11520 11 225969 22024 2.2 24 11 1 8 6% 165 398610 37887 22%
c o 37.54 161 112 22 49 11850 10 231283 26752 2.2 24 11 1 8 6% 165 398610 37887 22%
c - 37.73 161 111 22 50 11941 10 232970 23410 2.2 24 11 1 8 6% 165 398610 37887 22%
c } 38.15 161 110 23 50 12145 10 236485 26536 2.2 24 11 1 8 6% 165 398610 37887 22%
c [ 38.15 161 66 23 50 12145 1 236485 26536 2.3 58 26 2 20 11% 165 398610 37887 22%
c B 38.15 161 66 23 50 12145 1 236485 26536 2.3 58 26 2 20 11% 165 398610 37887 22%
c - 38.75 161 66 23 51 12147 1 240041 23576 2.3 58 26 1 20 11% 165 398610 37887 22%
c - 40.15 161 66 23 52 12151 1 247183 21524 2.3 59 26 1 19 11% 165 398610 37887 22%
c s 41.34 161 65 23 52 12155 1 253410 27632 2.2 59 26 1 19 11% 165 398516 37887 22%
c e 41.91 165 65 23 52 12155 1 253410 27632 2.2 59 26 1 19 11% 122 428022 35250 21%
c s 42.00 165 65 23 52 12155 1 253410 27632 2.2 59 26 1 19 11% 122 423810 35250 21%
c e 42.10 165 65 23 52 12155 1 253410 27632 2.2 59 26 1 19 11% 122 424300 35210 21%
c ! 42.10 165 65 23 52 12155 1 253410 27632 2.2 59 26 1 19 11% 122 424300 35210 21%
c u 42.24 148 65 23 52 12155 1 253600 25764 2.2 59 26 1 19 11% 122 424300 35210 21%
c v 42.35 149 65 23 52 12155 1 253600 22711 2.2 59 26 1 19 11% 122 424300 35210 21%
c w 42.77 152 65 23 52 12155 1 253600 22527 2.2 59 26 1 19 11% 122 424300 35210 21%
c - 43.10 154 65 23 53 12156 1 254395 16410 2.2 59 26 1 18 11% 122 424300 35210 21%
c ] 43.59 154 66 24 53 12158 1 257945 19854 2.3 59 26 1 18 11% 122 424300 35210 21%
c { 43.59 154 110 24 53 12158 10 257945 19854 2.2 24 11 1 8 6% 122 424300 35210 21%
c
c seconds     switched      rate          size/glue  tier1  binary          remaining
c         MB    reductions    conflicts         size   tier2   irredundant
c           level    restarts        redundant     glue  trail         variables
c
c - 43.96 156 110 24 54 12476 10 261675 18335 2.2 24 11 1 8 6% 122 424300 35210 21%
c - 44.83 157 111 24 55 13033 10 269024 20963 2.2 24 11 1 8 6% 122 424300 35210 21%
c - 45.68 158 112 24 56 13625 10 276441 22718 2.2 24 11 1 8 6% 122 424300 35210 21%
c - 46.66 158 113 24 57 14252 10 283924 24088 2.2 25 11 1 8 6% 122 424300 35210 21%
c - 47.57 159 111 24 58 14832 10 291473 25164 2.2 25 11 1 8 6% 122 424300 35210 21%
c } 47.93 159 113 25 58 15079 10 294623 27902 2.2 25 11 1 8 6% 122 424300 35210 21%
c [ 47.93 159 66 25 58 15079 1 294623 27902 2.3 59 26 1 18 11% 122 424300 35210 21%
c W 48.03 155 66 25 58 15079 1 294623 27902 2.3 59 26 1 18 11% 122 424300 35210 21%
c - 48.76 155 65 25 59 15082 1 299088 24923 2.3 59 26 1 18 11% 122 424300 35210 21%
c u 49.04 156 65 25 59 15083 1 300322 25304 2.3 59 26 1 18 11% 122 424300 35210 21%
c v 49.15 156 65 25 59 15083 1 300322 21383 2.3 59 26 1 18 11% 122 424300 35210 21%
c w 49.50 157 65 25 59 15083 1 300322 21064 2.3 59 26 1 18 11% 122 424300 35210 21%
c - 51.19 157 65 25 60 15085 1 306770 19981 2.3 59 26 1 17 11% 122 424300 35210 21%
c o 51.80 157 65 25 60 15089 1 311230 24377 2.3 59 26 1 17 11% 122 424300 35210 21%
c - 52.21 157 66 25 61 15091 1 314516 21226 2.3 59 26 1 17 11% 122 424300 35210 21%
c - 53.02 158 65 25 62 15093 1 322328 22333 2.3 58 25 1 16 11% 122 424300 35210 21%
c ] 53.62 158 65 26 62 15093 1 327742 27616 2.3 58 25 1 16 11% 122 424300 35210 21%
c { 53.62 158 113 26 62 15093 10 327742 27616 2.2 25 11 1 8 6% 122 424300 35210 21%
c - 53.96 158 112 26 63 15360 10 330202 22610 2.2 25 11 1 8 6% 122 424300 35210 21%
c - 54.88 159 115 26 64 15947 10 338139 24348 2.2 25 12 1 7 6% 122 424300 35210 21%
c
c seconds     switched      rate          size/glue  tier1  binary          remaining
c         MB    reductions    conflicts         size   tier2   irredundant
c           level    restarts        redundant     glue  trail         variables
c
c - 55.79 159 117 26 65 16462 10 346139 25802 2.2 25 12 1 7 6% 122 424300 35210 21%
c u 56.70 153 116 26 65 16966 10 351354 29705 2.2 25 12 1 7 6% 122 424300 35210 21%
c v 56.86 154 116 26 65 16966 10 351354 25558 2.2 25 12 1 7 6% 122 424300 35210 21%
c w 57.07 154 116 26 65 16966 10 351354 25448 2.2 25 12 1 7 6% 122 424300 35210 21%
c x 57.27 156 116 26 65 16966 10 351354 25448 2.2 25 12 1 7 6% 122 424089 35210 21%
c - 57.75 157 117 26 66 17239 10 354203 23116 2.2 25 12 1 7 6% 122 424089 35210 21%
c - 58.79 157 116 26 67 18100 10 362328 25184 2.2 25 12 1 7 6% 122 424089 35210 21%
c s 59.09 158 116 26 67 18367 10 364495 27143 2.2 25 12 1 7 6% 122 423851 35210 21%
c e 59.18 159 116 26 67 18367 10 364495 27143 2.2 25 12 1 7 6% 122 423999 35188 21%
c s 59.19 159 116 26 67 18367 10 364495 27143 2.2 25 12 1 7 6% 122 423843 35188 21%
c e 59.23 159 116 26 67 18367 10 364495 27143 2.2 25 12 1 7 6% 122 423868 35186 21%
c } 60.05 159 115 27 67 18916 10 369960 31986 2.2 26 12 1 7 6% 122 423868 35186 21%
c [ 60.05 159 65 27 67 18916 1 369960 31986 2.3 58 25 1 16 11% 122 423868 35186 21%
c I 60.05 159 65 27 67 18916 1 369960 31986 2.3 58 25 1 16 11% 122 423868 35186 21%
c - 60.12 159 65 27 68 18916 1 370513 26883 2.3 58 25 1 16 11% 122 423868 35186 21%
c - 61.12 159 63 27 69 18922 1 378761 26764 2.3 57 25 1 16 11% 122 423868 35186 21%
c - 61.94 159 61 27 70 18926 1 387067 25013 2.3 56 24 1 15 10% 122 423868 35186 21%
c - 63.56 160 61 27 71 18930 1 395434 25457 2.3 56 24 1 15 11% 122 423868 35186 21%
c - 64.92 160 62 27 72 18931 1 403860 25256 2.3 57 24 1 15 11% 122 423868 35186 21%
c u 65.33 160 62 27 72 18933 1 406773 27338 2.3 57 24 1 15 11% 122 423868 35186 21%
c
c seconds    switched     rate          size/glue  tier1    binary          remaining
c         MB   reductions   conflicts         size   tier2     irredundant
c          level    restarts       redundant     glue    trail         variables
c
c v 65.42 160 62 27 72 18933 1 406773 24948 2.3 57 24 1 15 11% 122 423868 35186 21%
c w 65.89 161 62 27 72 18933 1 406773 24593 2.3 57 24 1 15 11% 122 423868 35186 21%
c o 66.00 161 62 27 72 18933 1 406773 24593 2.3 57 24 1 15 11% 122 423868 35186 21%
c B 66.29 161 62 27 72 18936 1 409401 27175 2.3 57 24 1 15 11% 122 423868 35186 21%
c - 66.70 161 62 27 73 18937 1 412345 22723 2.4 57 24 1 15 11% 122 423868 35186 21%
c ] 66.77 161 62 28 73 18937 1 412699 23071 2.4 57 24 1 15 11% 122 423868 35186 21%
c { 66.77 161 115 28 73 18937 10 412699 23071 2.2 26 12 1 7 6% 122 423868 35186 21%
c - 67.76 161 114 28 74 19587 10 420889 25433 2.2 26 12 1 7 6% 122 423868 35186 21%
c - 68.77 162 113 28 75 20431 10 429491 27856 2.2 26 12 1 7 6% 122 423868 35186 21%
c - 69.84 162 114 28 76 21373 10 438151 29227 2.2 26 12 1 7 6% 122 423868 35186 21%
c - 71.12 162 114 28 77 22215 10 446868 30363 2.2 27 12 1 6 6% 122 423868 35186 21%
c - 72.47 162 114 28 78 23175 10 455642 31684 2.2 27 12 1 6 6% 122 423868 35186 21%
c } 73.13 162 114 29 78 23687 10 460839 36376 2.2 27 12 1 6 6% 122 423868 35186 21%
c [ 73.13 162 62 29 78 23687 1 460839 36376 2.4 57 24 1 15 11% 122 423868 35186 21%
c W 73.28 155 62 29 78 23687 1 460839 36376 2.4 57 24 1 15 11% 122 423868 35186 21%
c - 73.76 155 62 29 79 23689 1 464473 31850 2.4 58 25 1 15 11% 122 423868 35186 21%
c u 74.10 156 62 29 79 23691 1 466634 32769 2.4 58 25 1 15 11% 122 423868 35186 21%
c v 74.23 156 62 29 79 23691 1 466634 28584 2.4 58 25 1 15 11% 122 423868 35186 21%
c w 74.56 157 62 29 79 23691 1 466634 28452 2.4 58 25 1 15 11% 122 423868 35186 21%
c x 74.77 159 62 29 79 23691 1 466634 28449 2.4 58 25 1 15 11% 122 423682 35186 21%
c
c seconds    switched     rate          size/glue  tier1    binary          remaining
c         MB   reductions   conflicts         size   tier2     irredundant
c          level    restarts       redundant     glue    trail         variables
c
c - 75.92 159 62 29 80 23694 1 473362 26119 2.4 58 25 1 14 11% 122 423682 35186 21%
c - 77.29 159 62 29 81 23700 1 482306 25238 2.3 59 25 1 14 11% 122 423682 35186 21%
c - 78.79 160 62 29 82 23701 1 491308 25043 2.3 59 25 1 14 11% 122 423682 35186 21%
c s 80.45 160 62 29 82 23707 1 500331 33915 2.4 60 25 1 14 11% 122 423660 35186 21%
c e 80.57 160 62 29 82 23707 1 500331 33915 2.4 60 25 1 14 11% 122 423625 35038 20%
c s 80.58 160 62 29 82 23707 1 500331 33915 2.4 60 25 1 14 11% 122 423398 35038 20%
c e 80.61 160 62 29 82 23707 1 500331 33915 2.4 60 25 1 14 11% 122 423456 35034 20%
c o 80.64 160 62 29 82 23707 1 500331 33853 2.4 60 25 1 14 11% 122 423456 35034 20%
c - 80.66 160 62 29 83 23707 1 500364 25641 2.4 60 25 1 14 11% 122 423456 35034 20%
c ] 81.18 160 63 30 83 23708 1 503859 29080 2.4 60 25 1 14 11% 122 423456 35034 20%
c { 81.18 160 114 30 83 23708 10 503859 29080 2.2 27 12 1 6 6% 122 423456 35034 20%
c - 82.02 161 113 30 84 24303 10 509476 27984 2.2 27 12 1 6 6% 122 423456 35034 20%
c - 83.27 161 113 30 85 25133 10 518641 30359 2.2 27 13 1 6 6% 122 423456 35034 20%
c - 84.67 162 111 30 86 26050 10 527860 32025 2.2 28 13 1 6 6% 122 423456 35034 20%
c u 85.42 162 113 30 86 26338 10 531018 34099 2.2 28 13 1 6 7% 122 423456 35034 20%
c v 85.57 162 113 30 86 26338 10 531018 30120 2.2 28 13 1 6 7% 122 423456 35034 20%
c w 85.95 162 113 30 86 26338 10 531018 29718 2.2 28 13 1 6 7% 122 423456 35034 20%
c x 86.17 162 113 30 86 26338 10 531018 29717 2.2 28 13 1 6 7% 122 423368 35034 20%
c - 87.23 162 114 30 87 26897 10 537133 29091 2.2 28 13 1 6 7% 122 423368 35034 20%
c - 88.63 163 113 30 88 27860 10 546460 31271 2.2 28 13 1 6 7% 122 423368 35034 20%
c
c seconds     switched      rate          size/glue  tier1  binary          remaining
c         MB    reductions    conflicts         size   tier2   irredundant
c           level    restarts        redundant     glue  trail         variables
c
c - 90.02 163 112 30 89 28990 10 555841 32764 2.2 29 13 1 6 7% 122 423368 35034 20%
c } 90.43 163 113 31 89 29216 10 558294 35016 2.2 29 13 1 6 7% 122 423368 35034 20%
c [ 90.43 163 63 31 89 29216 1 558294 35016 2.4 60 25 1 14 11% 122 423368 35034 20%
c O 90.43 163 63 31 89 29216 1 558294 35016 2.4 60 25 1 14 11% 122 423368 35034 20%
c - 91.64 163 63 31 90 29221 1 565275 32595 2.3 60 26 1 14 11% 122 423368 35034 20%
c - 93.17 163 63 31 91 29225 1 574761 30426 2.4 61 26 1 13 11% 122 423368 35034 20%
c - 94.64 163 63 31 92 29230 1 584301 29623 2.4 61 26 1 13 11% 122 423368 35034 20%
c - 96.54 164 63 31 93 29233 1 593892 29142 2.4 61 26 1 13 11% 122 423368 35034 20%
c u 97.59 164 63 31 93 29237 1 599974 34342 2.4 62 26 1 13 11% 122 423368 35034 20%
c v 97.68 164 63 31 93 29237 1 599974 32278 2.4 62 26 1 13 11% 122 423368 35034 20%
c w 98.55 165 63 31 93 29237 1 599974 32187 2.4 62 26 1 13 11% 122 423368 35034 20%
c - 99.18 146 63 31 94 29237 1 603536 26517 2.4 62 26 1 13 11% 122 423368 35034 20%
c ] 100.10 147 63 32 94 29242 1 609688 32562 2.4 62 26 1 13 11% 122 423368 35034 20%
c { 100.10 147 113 32 94 29242 10 609688 32562 2.2 29 13 1 6 7% 122 423368 35034 20%
c o 100.14 150 113 32 94 29246 10 609715 32588 2.2 29 13 1 6 7% 122 423368 35034 20%
c - 100.59 154 112 32 95 29495 10 613232 28276 2.2 29 13 1 6 7% 122 423368 35034 20%
c - 101.89 156 114 32 96 30442 10 622978 31382 2.2 29 13 1 6 7% 122 423368 35034 20%
c - 103.30 157 115 32 97 31421 10 632775 33186 2.2 29 13 1 6 7% 122 423368 35034 20%
c - 104.83 158 116 32 98 32371 10 642625 34630 2.2 30 13 1 6 7% 122 423368 35034 20%
c - 106.31 158 115 32 99 33456 10 652524 35645 2.2 30 13 1 6 7% 122 423368 35034 20%
c
c seconds      switched      rate          size/glue  tier1  binary          remaining
c          MB    reductions    conflicts         size   tier2   irredundant
c            level    restarts        redundant     glue  trail         variables
c
c s 107.82 158 114 32 99 34448 10 662443 44921 2.2 30 14 1 6 7% 122 423310 35034 20%
c e 107.86 159 114 32 99 34448 10 662443 44921 2.2 30 14 1 6 7% 122 423363 35029 20%
c s 107.87 159 114 32 99 34448 10 662443 44921 2.2 30 14 1 6 7% 122 423326 35029 20%
c e 107.89 159 114 32 99 34448 10 662443 44921 2.2 30 14 1 6 7% 122 423348 35027 20%
c - 107.92 159 114 32 100 34448 10 662473 36267 2.2 30 14 1 6 7% 122 423348 35027 20%
c } 109.26 160 115 33 100 35315 10 670793 43920 2.2 30 14 1 6 7% 122 423348 35027 20%
c [ 109.26 160 63 33 100 35315 1 670793 43920 2.4 62 26 1 13 11% 122 423348 35027 20%
c B 109.26 160 63 33 100 35315 1 670793 43920 2.4 62 26 1 13 11% 122 423348 35027 20%
c - 109.53 160 63 33 101 35316 1 672473 36884 2.4 62 26 1 13 11% 122 423348 35027 20%
c u 109.85 160 63 33 101 35317 1 673560 36814 2.4 62 26 1 13 11% 122 423348 35027 20%
c v 109.98 160 63 33 101 35317 1 673560 32459 2.4 62 26 1 13 11% 122 423348 35027 20%
c w 110.39 160 63 33 101 35317 1 673560 31484 2.4 62 26 1 13 11% 122 423348 35027 20%
c x 110.61 160 63 33 101 35317 1 673560 31483 2.4 62 26 1 13 11% 122 423179 35027 20%
c - 113.45 161 64 33 102 35321 1 682523 31419 2.4 62 26 1 13 11% 122 423179 35027 20%
c - 115.39 161 64 33 103 35328 1 692623 30625 2.4 63 26 1 13 11% 122 423179 35027 20%
c - 117.23 161 63 33 104 35329 1 702772 30332 2.4 63 26 1 13 12% 122 423179 35027 20%
c - 118.98 161 64 33 105 35336 1 712971 30553 2.4 63 26 1 12 12% 122 423179 35027 20%
c - 120.86 161 64 33 106 35342 1 723217 30371 2.4 63 26 1 12 12% 122 423179 35027 20%
c ] 121.07 161 63 34 106 35342 1 723959 31109 2.4 64 26 1 12 12% 122 423179 35027 20%
c { 121.07 161 115 34 106 35342 10 723959 31109 2.2 30 14 1 6 7% 122 423179 35027 20%
c
c seconds      switched       rate          size/glue  tier1  binary          remaining
c          MB    reductions     conflicts         size   tier2   irredundant
c            level     restarts        redundant     glue  trail         variables
c
c o 121.10 161 115 34 106 35346 10 723985 31135 2.2 30 14 1 6 7% 122 423179 35027 20%
c - 122.44 162 114 34 107 35642 9 733512 32812 2.3 31 14 1 5 7% 122 423179 35027 20%
c - 123.99 162 114 34 108 36011 9 743858 35704 2.3 31 13 1 5 7% 122 423179 35027 20%
c u 125.37 153 112 34 108 36416 9 751828 42056 2.3 31 13 1 5 7% 122 423179 35027 20%
c v 125.52 154 112 34 108 36416 9 751828 38538 2.3 31 13 1 5 7% 122 423179 35027 20%
c w 126.36 156 112 34 108 36416 9 751828 37954 2.3 31 13 1 5 7% 122 423179 35027 20%
c - 126.75 156 111 34 109 36522 9 754251 33030 2.3 31 13 1 5 7% 122 423179 35027 20%
c - 128.20 158 109 34 110 36829 8 764692 35380 2.4 32 13 1 5 7% 122 423179 35027 20%
c - 129.63 158 107 34 111 37332 8 775180 37276 2.4 32 13 1 5 7% 122 423179 35027 20%
c - 131.04 159 105 34 112 37805 8 785716 38294 2.4 32 13 1 5 7% 122 423179 35027 20%
c } 131.95 159 104 35 112 38137 8 792106 44155 2.4 32 13 1 5 7% 122 423179 35027 20%
c [ 131.95 159 63 35 112 38137 1 792106 44155 2.4 64 26 1 12 12% 122 423179 35027 20%
c W 132.15 155 63 35 112 38137 1 792106 44155 2.4 64 26 1 12 12% 122 423179 35027 20%
c - 132.86 156 64 35 113 38140 1 796300 38424 2.4 63 26 1 12 12% 122 423179 35027 20%
c - 134.59 157 64 35 114 38146 1 806930 36949 2.4 63 27 1 12 12% 122 423179 35027 20%
c - 136.42 157 64 35 115 38151 1 817608 34860 2.4 63 26 1 12 12% 122 423179 35027 20%
c - 138.46 158 65 35 116 38154 1 828332 35331 2.4 63 26 1 12 12% 122 423179 35027 20%
c u 139.54 158 65 35 116 38158 1 834834 40709 2.4 62 26 1 12 12% 122 423179 35027 20%
c v 139.62 158 65 35 116 38158 1 834834 38460 2.4 62 26 1 12 12% 122 423179 35027 20%
c w 140.56 160 65 35 116 38158 1 834834 38202 2.4 62 26 1 12 12% 122 423179 35027 20%
c
c seconds     switched      rate          size/glue  tier1    binary          remaining
c          MB   reductions    conflicts         size   tier2     irredundant
c           level     restarts       redundant     glue    trail         variables
c
c - 141.38 160 64 35 117 38160 1 839104 33323 2.4 62 26 1 12 12% 122 423179 35027 20%
c o 142.34 160 64 35 117 38165 1 846121 40199 2.4 62 26 1 12 12% 122 423179 35027 20%
c - 142.98 160 64 35 118 38165 1 849920 33105 2.4 63 26 1 12 12% 122 423179 35027 20%
c ] 143.12 160 64 36 118 38166 1 850628 33809 2.4 63 26 1 12 12% 122 423179 35027 20%
c { 143.12 160 104 36 118 38166 8 850628 33809 2.4 32 13 1 5 7% 122 423179 35027 20%
c s 143.36 161 104 36 118 38328 8 852229 35312 2.4 32 13 1 5 7% 122 423150 35027 20%
c e 143.42 161 104 36 118 38328 8 852229 35312 2.4 32 13 1 5 7% 122 423226 35019 20%
c s 143.43 161 104 36 118 38328 8 852229 35312 2.4 32 13 1 5 7% 122 423150 35019 20%
c e 143.45 161 104 36 118 38328 8 852229 35312 2.4 32 13 1 5 7% 122 423180 35017 20%
c - 144.71 162 103 36 119 39174 8 860784 35470 2.4 32 13 1 5 7% 122 423180 35017 20%
c - 146.42 162 105 36 120 40134 8 871692 37864 2.4 33 14 1 5 7% 122 423180 35017 20%
c - 148.13 163 107 36 121 41240 8 882648 39219 2.4 33 14 1 5 7% 122 423180 35017 20%
c - 149.80 163 107 36 122 42409 8 893648 40068 2.4 33 14 1 5 7% 122 423180 35017 20%
c - 151.63 163 110 36 123 43399 8 904694 41038 2.4 33 14 1 5 7% 122 423180 35017 20%
c - 153.31 163 108 36 124 44479 8 915784 42076 2.4 33 14 1 5 8% 122 423180 35017 20%
c u 154.61 163 109 36 124 45078 8 922631 47010 2.4 33 14 1 5 8% 122 423180 35017 20%
c v 154.78 163 109 36 124 45078 8 922631 42100 2.4 33 14 1 5 8% 122 423180 35017 20%
c w 155.34 163 109 36 124 45078 8 922631 41805 2.4 33 14 1 5 8% 122 423180 35017 20%
c x 155.65 165 109 36 124 45078 8 922631 41803 2.4 33 14 1 5 8% 122 422997 35017 20%
c } 156.34 165 109 37 124 45306 8 926184 45110 2.4 33 14 1 5 8% 122 422997 35017 20%
c
c seconds     switched      rate          size/glue  tier1    binary          remaining
c          MB   reductions    conflicts         size   tier2     irredundant
c           level     restarts       redundant     glue    trail         variables
c
c [ 156.34 165 64 37 124 45306 1 926184 45110 2.4 63 26 1 12 12% 122 422997 35017 20%
c I 156.34 165 64 37 124 45306 1 926184 45110 2.4 63 26 1 12 12% 122 422997 35017 20%
c - 156.52 165 64 37 125 45306 1 926919 37898 2.4 63 26 1 12 12% 122 422997 35017 20%
c - 158.63 150 64 37 126 45312 1 938100 38104 2.4 63 26 1 12 12% 122 422997 35017 20%
c - 160.41 151 64 37 127 45319 1 949324 36929 2.5 63 26 1 12 12% 122 422997 35017 20%
c - 162.52 151 64 37 128 45322 1 960594 36604 2.5 64 26 1 12 12% 122 422997 35017 20%
c - 165.26 152 65 37 129 45328 1 971908 37003 2.5 65 26 1 12 13% 122 422997 35017 20%
c o 166.72 152 65 37 129 45333 1 977848 42873 2.5 64 26 1 12 13% 122 422997 35017 20%
c - 168.37 153 65 37 130 45334 1 983265 37421 2.5 65 26 1 11 13% 122 422997 35017 20%
c ] 169.99 153 65 38 130 45336 1 993129 47153 2.5 65 26 1 11 13% 122 422997 35017 20%
c { 169.99 153 109 38 130 45336 8 993129 47153 2.4 33 14 1 5 8% 122 422997 35017 20%
c - 170.23 155 109 38 131 45368 8 994667 37648 2.4 33 14 1 5 8% 122 422997 35017 20%
c - 171.49 157 105 38 132 45617 8 1006112 40103 2.4 34 14 1 5 8% 122 422997 35017 20%
c u 172.51 158 103 38 132 45823 8 1015270 48240 2.4 34 14 1 5 8% 122 422997 35017 20%
c v 172.66 158 103 38 132 45823 8 1015270 45168 2.4 34 14 1 5 8% 122 422997 35017 20%
c w 173.71 159 103 38 132 45823 8 1015270 44026 2.4 34 14 1 5 8% 122 422997 35017 20%
c - 173.98 159 102 38 133 45863 8 1017601 38324 2.4 34 14 1 5 8% 122 422997 35017 20%
c - 175.09 160 100 38 134 46094 7 1029133 40428 2.5 34 14 1 5 8% 122 422997 35017 20%
c - 176.31 160 97 38 135 46365 7 1040708 42249 2.5 34 14 1 5 8% 122 422997 35017 20%
c - 177.68 161 94 38 136 46631 7 1052326 43305 2.5 34 13 1 5 8% 122 422997 35017 20%
c
c seconds     switched      rate           size/glue  tier1  binary          remaining
c          MB   reductions     conflicts         size   tier2   irredundant
c           level     restarts        redundant     glue  trail         variables
c
c - 179.05 161 92 38 137 46908 7 1063987 44138 2.5 34 13 1 5 9% 122 422997 35017 20%
c s 179.95 161 92 38 137 47156 7 1071080 50872 2.5 34 13 1 5 9% 122 422981 35017 20%
c e 180.01 162 92 38 137 47156 7 1071080 50872 2.5 34 13 1 5 9% 122 423121 35007 20%
c s 180.02 162 92 38 137 47156 7 1071080 50872 2.5 34 13 1 5 9% 122 423035 35007 20%
c e 180.04 162 92 38 137 47156 7 1071080 50872 2.5 34 13 1 5 9% 122 423056 35005 20%
c - 180.71 162 91 38 138 47362 7 1075691 44343 2.5 34 13 1 6 9% 122 423056 35005 20%
c } 180.79 162 91 39 138 47378 7 1076462 45097 2.5 33 13 1 6 9% 122 423056 35005 20%
c [ 180.79 162 65 39 138 47378 1 1076462 45097 2.5 65 26 1 11 13% 122 423056 35005 20%
c B 180.80 162 65 39 138 47378 1 1076462 45097 2.5 65 26 1 11 13% 122 423056 35005 20%
c - 183.03 162 65 39 139 47384 1 1087439 42430 2.5 65 26 1 11 13% 122 423056 35005 20%
c - 185.15 162 65 39 140 47391 1 1099228 38545 2.5 65 27 1 11 13% 122 423056 35005 20%
c - 187.47 162 65 39 141 47394 1 1111060 36333 2.4 66 27 1 11 13% 122 423056 35005 20%
c u 187.93 163 65 39 141 47395 1 1112807 37538 2.4 66 27 1 11 13% 122 423056 35005 20%
c v 188.01 163 65 39 141 47395 1 1112807 35107 2.4 66 27 1 11 13% 122 423056 35005 20%
c w 188.49 163 65 39 141 47395 1 1112807 33928 2.4 66 27 1 11 13% 122 423056 35005 20%
c - 190.56 163 65 39 142 47401 1 1122934 33318 2.4 66 27 1 11 13% 122 423056 35005 20%
c o 191.21 163 65 39 142 47403 1 1126003 36318 2.4 66 27 1 11 13% 122 423056 35005 20%
c ] 191.35 163 65 40 142 47403 1 1126790 37100 2.4 66 27 1 11 13% 122 423056 35005 20%
c { 191.35 163 91 40 142 47403 7 1126790 37100 2.5 33 13 1 6 9% 122 423056 35005 20%
c - 192.53 163 91 40 143 48420 7 1134850 36174 2.5 33 14 1 6 9% 122 423056 35005 20%
c
c seconds     switched      rate           size/glue  tier1  binary          remaining
c          MB   reductions     conflicts         size   tier2   irredundant
c           level     restarts        redundant     glue  trail         variables
c
c - 194.21 163 92 40 144 49570 7 1146808 39574 2.5 34 14 1 5 9% 122 423056 35005 20%
c - 196.31 163 95 40 145 50717 7 1158810 41715 2.5 34 14 1 5 8% 122 423056 35005 20%
c - 198.30 163 95 40 146 51848 8 1170852 43227 2.4 34 14 1 5 8% 122 423056 35005 20%
c - 200.22 164 97 40 147 52870 8 1182937 44339 2.5 34 14 1 5 8% 122 423056 35005 20%
c - 202.05 164 97 40 148 53730 8 1195061 45489 2.5 35 14 1 5 9% 122 423056 35005 20%
c - 203.94 164 98 40 149 54767 8 1207227 46218 2.5 35 14 1 5 9% 122 423056 35005 20%
c u 205.54 164 99 40 149 55608 8 1215270 52251 2.5 35 14 1 5 8% 122 423056 35005 20%
c v 205.69 164 99 40 149 55608 8 1215270 47160 2.5 35 14 1 5 8% 122 423056 35005 20%
c w 206.78 164 99 40 149 55608 8 1215270 46206 2.5 35 14 1 5 8% 122 423056 35005 20%
c } 207.26 164 100 41 149 55857 8 1218264 48978 2.5 35 14 1 5 8% 122 423056 35005 20%
c [ 207.26 164 65 41 149 55857 1 1218264 48978 2.4 66 27 1 11 13% 122 423056 35005 20%
c W 207.53 155 65 41 149 55857 1 1218264 48978 2.4 66 27 1 11 13% 122 423056 35005 20%
c - 207.68 155 65 41 150 55858 1 1219434 40774 2.4 66 27 1 11 13% 122 423056 35005 20%
c - 209.59 157 65 41 151 55865 1 1231682 41014 2.4 65 27 1 11 13% 122 423056 35005 20%
c - 211.05 158 65 41 152 55871 1 1243972 40638 2.5 65 26 1 11 13% 122 423056 35005 20%
c - 212.80 158 65 41 153 55875 1 1256300 40419 2.5 65 26 1 11 13% 122 423056 35005 20%
c - 214.33 158 65 41 154 55882 1 1268669 39998 2.5 64 26 1 11 13% 122 423056 35005 20%
c - 215.96 159 64 41 155 55886 1 1281078 40180 2.5 64 25 1 11 12% 122 423056 35005 20%
c - 217.37 159 64 41 156 55887 1 1293527 40336 2.6 64 25 1 11 12% 122 423056 35005 20%
c O 217.84 159 63 41 156 55887 1 1296694 43458 2.6 64 25 1 11 12% 122 423056 35005 20%
c
c seconds     switched      rate           size/glue  tier1    binary          remaining
c          MB   reductions     conflicts         size   tier2     irredundant
c           level     restarts        redundant     glue    trail         variables
c
c o 217.86 159 63 41 156 55887 1 1296694 43458 2.6 64 25 1 11 12% 122 423056 35005 20%
c - 219.23 160 63 41 157 55891 1 1306017 40885 2.6 63 25 1 11 12% 122 423056 35005 20%
c - 220.78 161 63 41 158 55899 1 1318547 40028 2.5 63 25 1 11 12% 122 423056 35005 20%
c s 221.04 161 63 41 158 55900 1 1320249 41706 2.5 63 25 1 11 12% 122 423036 35005 20%
c e 221.06 161 63 41 158 55900 1 1320249 41706 2.5 63 25 1 11 12% 122 423050 35004 20%
c s 221.07 161 63 41 158 55900 1 1320249 41706 2.5 63 25 1 11 12% 122 423031 35004 20%
c u 221.55 161 63 41 158 55901 1 1322712 43466 2.5 63 25 1 11 12% 122 423031 35004 20%
c v 221.66 161 63 41 158 55901 1 1322712 41541 2.5 63 25 1 11 12% 122 423031 35004 20%
c w 222.32 162 63 41 158 55901 1 1322712 41020 2.5 63 25 1 11 12% 122 423031 35004 20%
c x 222.57 163 63 41 158 55901 1 1322712 41019 2.5 63 25 1 11 12% 122 422921 35004 20%
c ] 225.23 163 63 42 158 55902 1 1330551 48664 2.5 62 25 1 11 12% 122 422921 35004 20%
c { 225.23 163 100 42 158 55902 8 1330551 48664 2.5 35 14 1 5 8% 122 422921 35004 20%
c - 225.33 164 99 42 159 55964 8 1331117 37451 2.5 35 14 1 5 8% 122 422921 35004 20%
c - 227.37 164 100 42 160 56889 8 1343726 41209 2.5 35 14 1 5 8% 122 422921 35004 20%
c - 229.50 164 103 42 161 57933 8 1356376 44095 2.5 36 14 1 5 9% 122 422921 35004 20%
c - 231.22 165 104 42 162 58780 8 1369065 45776 2.5 36 14 1 5 9% 122 422921 35004 20%
c - 233.45 165 104 42 163 59671 8 1381794 46917 2.5 36 14 1 5 9% 122 422921 35004 20%
c - 235.66 165 102 42 164 60701 8 1394563 47361 2.5 37 15 1 5 9% 122 422921 35004 20%
c - 237.94 155 102 42 165 61894 8 1407371 48007 2.5 37 15 1 5 8% 122 422921 35004 20%
c - 240.04 157 101 42 166 63020 8 1420216 48724 2.5 37 15 1 5 8% 122 422921 35004 20%
c
c seconds      switched      rate           size/glue  tier1  binary          remaining
c          MB    reductions     conflicts         size   tier2   irredundant
c            level     restarts        redundant     glue  trail         variables
c
c } 241.90 157 101 43 166 63748 8 1430525 58553 2.5 37 15 1 5 9% 122 422921 35004 20%
c [ 241.90 157 63 43 166 63748 1 1430525 58553 2.5 62 25 1 11 12% 122 422921 35004 20%
c B 241.90 157 63 43 166 63748 1 1430525 58553 2.5 62 25 1 11 12% 122 422921 35004 20%
c - 242.30 157 63 43 167 63750 1 1433100 49620 2.5 62 25 1 11 12% 122 422921 35004 20%
c u 242.76 154 63 43 167 63751 1 1435184 49989 2.5 62 25 1 11 12% 122 422921 35004 20%
c v 242.90 155 63 43 167 63751 1 1435184 45330 2.5 62 25 1 11 12% 122 422921 35004 20%
c w 243.54 156 63 43 167 63751 1 1435184 42348 2.5 62 25 1 11 12% 122 422921 35004 20%
c - 245.00 156 63 43 168 63757 1 1446023 41999 2.5 61 24 1 11 12% 122 422921 35004 20%
c - 247.03 157 64 43 169 63762 1 1458985 42136 2.5 61 24 1 11 12% 122 422921 35004 20%
c o 248.52 157 64 43 169 63766 1 1467788 50796 2.5 61 24 1 11 12% 122 422921 35004 20%
c - 249.21 158 64 43 170 63769 1 1471985 43050 2.6 61 24 1 11 12% 122 422921 35004 20%
c - 250.85 158 65 43 171 63776 1 1485026 43193 2.6 61 24 1 11 12% 122 422921 35004 20%
c - 252.76 158 64 43 172 63778 1 1498102 43184 2.6 61 23 1 11 12% 122 422921 35004 20%
c - 254.40 159 64 43 173 63778 1 1511217 43404 2.7 61 23 1 11 13% 122 422921 35004 20%
c W 255.84 155 64 43 173 63784 1 1520326 52395 2.7 61 22 1 11 13% 122 422921 35004 20%
c - 256.24 156 64 43 174 63785 1 1524370 43422 2.7 61 22 1 11 13% 122 422921 35004 20%
c - 258.01 157 65 43 175 63792 1 1537560 44199 2.7 61 22 1 11 13% 122 422921 35004 20%
c - 259.92 158 65 43 176 63797 1 1550789 44131 2.7 61 22 1 11 13% 122 422921 35004 20%
c u 260.32 158 65 43 176 63799 1 1552686 45407 2.7 61 22 1 11 13% 122 422921 35004 20%
c v 260.41 158 65 43 176 63799 1 1552686 43534 2.7 61 22 1 11 13% 122 422921 35004 20%
c
c seconds     switched      rate           size/glue  tier1    binary          remaining
c          MB   reductions     conflicts         size   tier2     irredundant
c           level     restarts        redundant     glue    trail         variables
c
c w 261.03 159 65 43 176 63799 1 1552686 41295 2.7 61 22 1 11 13% 122 422921 35004 20%
c ] 261.41 159 65 44 176 63800 1 1555718 44259 2.7 61 22 1 11 13% 122 422921 35004 20%
c { 261.41 159 101 44 176 63800 8 1555718 44259 2.5 37 15 1 5 9% 122 422921 35004 20%
c - 262.64 160 103 44 177 64308 8 1564056 42086 2.5 37 15 1 5 9% 122 422921 35004 20%
c - 264.87 161 105 44 178 65040 7 1577360 45489 2.5 38 15 1 5 9% 122 422921 35004 20%
c - 267.05 161 104 44 179 66000 7 1590701 47813 2.6 38 15 1 5 9% 122 422921 35004 20%
c s 268.71 162 103 44 179 66757 7 1601002 57630 2.6 38 15 1 5 9% 122 422908 35004 20%
c e 268.75 162 103 44 179 66757 7 1601002 57630 2.6 38 15 1 5 9% 122 423020 34992 20%
c s 268.76 162 103 44 179 66757 7 1601002 57630 2.6 38 15 1 5 9% 122 422871 34992 20%
c e 268.79 162 103 44 179 66757 7 1601002 57630 2.6 38 15 1 5 9% 122 422883 34990 20%
c - 269.30 162 102 44 180 66947 7 1604080 48904 2.6 38 15 1 5 9% 122 422883 34990 20%
c - 271.61 162 102 44 181 67803 7 1617498 49727 2.6 38 15 1 5 9% 122 422883 34990 20%
c - 273.71 163 101 44 182 68864 7 1630951 50737 2.6 38 15 1 5 9% 122 422883 34990 20%
c o 274.80 163 101 44 182 69303 7 1637794 57320 2.6 39 15 1 5 9% 122 422880 34990 20%
c - 276.12 163 101 44 183 69483 7 1644442 52095 2.7 40 15 1 5 9% 122 422880 34990 20%
c - 278.31 163 100 44 184 70496 7 1657970 52957 2.7 40 15 1 5 9% 122 422880 34990 20%
c } 279.47 163 100 45 184 70888 7 1664550 59205 2.7 40 15 1 5 9% 122 422880 34990 20%
c [ 279.47 163 65 45 184 70888 1 1664550 59205 2.7 61 22 1 11 13% 122 422880 34990 20%
c I 279.47 163 65 45 184 70888 1 1664550 59205 2.7 61 22 1 11 13% 122 422880 34990 20%
c - 280.35 163 65 45 185 70893 1 1671535 51645 2.7 61 22 1 10 12% 122 422880 34990 20%
c
c seconds     switched      rate           size/glue  tier1    binary          remaining
c          MB   reductions     conflicts         size   tier2     irredundant
c           level     restarts        redundant     glue    trail         variables
c
c u 281.10 163 65 45 185 70894 1 1675300 53642 2.7 61 22 1 10 13% 122 422880 34990 20%
c v 281.26 163 65 45 185 70894 1 1675300 48702 2.7 61 22 1 10 13% 122 422880 34990 20%
c w 282.44 164 65 45 185 70894 1 1675300 45869 2.7 61 22 1 10 13% 122 422880 34990 20%
c - 284.15 164 65 45 186 70900 1 1685136 43738 2.7 60 22 1 10 12% 122 422880 34990 20%
c - 286.64 164 65 45 187 70904 1 1698775 43835 2.7 61 23 1 10 12% 122 422880 34990 20%
c - 289.10 164 65 45 188 70912 1 1712452 43402 2.7 62 23 1 10 12% 122 422880 34990 20%
c - 290.65 164 65 45 189 70917 1 1726164 43941 2.7 62 23 1 10 12% 122 422880 34990 20%
c - 292.76 164 66 45 190 70918 1 1739911 44753 2.7 62 23 1 10 12% 122 422880 34990 20%
c - 294.40 165 66 45 191 70924 1 1753697 46222 2.7 61 23 1 10 12% 122 422880 34990 20%
c B 296.29 165 67 45 191 70931 1 1766329 58677 2.7 62 23 1 10 12% 122 422880 34990 20%
c - 296.57 165 67 45 192 70931 1 1767517 46381 2.7 62 23 1 10 12% 122 422880 34990 20%
c - 298.90 165 67 45 193 70934 1 1781373 45904 2.7 62 23 1 10 13% 122 422880 34990 20%
c ] 300.26 165 67 46 193 70940 1 1789358 53801 2.7 63 23 1 10 13% 122 422880 34990 20%
c { 300.26 165 100 46 193 70940 7 1789358 53801 2.7 40 15 1 5 9% 122 422880 34990 20%
c - 301.01 165 99 46 194 71207 7 1795266 46100 2.7 40 15 1 5 9% 122 422880 34990 20%
c u 302.49 165 101 46 194 71560 7 1803052 52743 2.7 40 15 1 5 9% 122 422880 34990 20%
c v 302.63 165 101 46 194 71560 7 1803052 49971 2.7 40 15 1 5 9% 122 422880 34990 20%
c w 303.87 165 101 46 194 71560 7 1803052 48873 2.7 40 15 1 5 9% 122 422880 34990 20%
c - 305.00 165 99 46 195 72096 7 1809194 44655 2.7 40 15 1 5 9% 122 422880 34990 20%
c o 306.31 154 101 46 195 72557 7 1818051 53041 2.6 40 15 1 5 9% 122 422880 34990 20%
c
c seconds      switched      rate           size/glue  tier1  binary          remaining
c          MB    reductions     conflicts         size   tier2   irredundant
c            level     restarts        redundant     glue  trail         variables
c
c - 307.19 155 102 46 196 72919 7 1823159 47562 2.6 40 15 1 4 9% 122 422880 34990 20%
c - 309.22 157 103 46 197 73577 7 1837161 49808 2.7 40 15 1 4 9% 122 422880 34990 20%
c - 311.64 157 103 46 198 74649 7 1851196 50994 2.6 40 15 1 4 9% 122 422880 34990 20%
c - 314.10 158 102 46 199 75552 7 1865268 51989 2.6 40 15 1 4 9% 122 422878 34990 20%
c - 316.59 158 103 46 200 76594 7 1879374 52725 2.6 40 15 1 4 9% 122 422878 34990 20%
c - 319.14 159 103 46 201 77565 7 1893518 53585 2.6 40 15 1 4 9% 122 422878 34990 20%
c } 321.50 159 103 47 201 78149 7 1907402 67096 2.7 41 15 1 4 10% 122 422878 34990 20%
c [ 321.50 159 67 47 201 78149 1 1907402 67096 2.7 63 23 1 10 13% 122 422878 34990 20%
c W 321.97 155 67 47 201 78149 1 1907402 67096 2.7 63 23 1 10 13% 122 422878 34990 20%
c - 322.03 156 67 47 202 78149 1 1907696 54438 2.7 63 23 1 10 13% 122 422878 34990 20%
c s 323.14 157 67 47 202 78154 1 1914505 61149 2.7 63 23 1 10 13% 122 422844 34990 20%
c e 323.16 157 67 47 202 78154 1 1914505 61149 2.7 63 23 1 10 13% 122 422858 34989 20%
c s 323.17 157 67 47 202 78154 1 1914505 61149 2.7 63 23 1 10 13% 122 422846 34989 20%
c - 324.32 158 67 47 203 78158 1 1921908 53390 2.7 62 23 1 10 13% 122 422846 34989 20%
c u 327.45 159 67 47 203 78163 1 1935970 65603 2.7 63 23 1 10 13% 122 422846 34989 20%
c v 327.60 159 67 47 203 78163 1 1935970 61692 2.7 63 23 1 10 13% 122 422846 34989 20%
c w 328.74 163 67 47 203 78163 1 1935970 61431 2.7 63 23 1 10 13% 122 422846 34989 20%
c x 329.22 166 67 47 203 78163 1 1935970 61430 2.7 63 23 1 10 13% 122 422734 34989 20%
c - 329.41 166 67 47 204 78163 1 1936155 46520 2.7 63 23 1 10 13% 122 422734 34989 20%
c - 331.52 152 67 47 205 78170 1 1950437 46002 2.7 63 23 1 10 13% 122 422734 34989 20%
c
c seconds     switched      rate           size/glue  tier1    binary          remaining
c          MB   reductions     conflicts         size   tier2     irredundant
c           level     restarts        redundant     glue    trail         variables
c
c - 333.70 153 67 47 206 78177 1 1964754 46935 2.7 63 23 1 10 13% 122 422734 34989 20%
c - 335.98 154 67 47 207 78179 1 1979106 47952 2.7 62 23 1 10 13% 122 422734 34989 20%
c - 337.92 154 67 47 208 78182 1 1993494 47908 2.8 63 23 1 10 13% 122 422734 34989 20%
c caught signal 15 (SIGTERM)
c
c ---- [ profiling ] ---------------------------------------------------------
c
c         299.81   88.49 %  search
c         151.20   44.63 %  stable
c         148.61   43.86 %  focused
c          37.87   11.18 %  simplify
c          33.11    9.77 %  probe
c          23.17    6.84 %  vivify
c           4.17    1.23 %  eliminate
c           4.12    1.22 %  sweep
c           2.13    0.63 %  reduce
c           2.07    0.61 %  substitute
c           1.67    0.49 %  congruence
c           1.66    0.49 %  factor
c           1.57    0.46 %  walking
c           1.00    0.29 %  preprocess
c           0.58    0.17 %  subsume
c           0.27    0.08 %  transitive
c           0.14    0.04 %  backbone
c           0.10    0.03 %  parse
c           0.03    0.01 %  lucky
c =============================================
c         338.81  100.00 %  total
c
c ---- [ statistics ] --------------------------------------------------------
c
c chronological:                         6129                0 %  conflicts
c conflicts:                          1998483             5898.51 per second
c congruent:                            50129               29 %  variables
c decisions:                          9266647                4.64 per conflict
c eliminated:                           74565               43 %  variables
c factored:                                 2                0 %  variables
c propagations:                    1348470854          3980006    per second
c reductions:                             208             9608    interval
c reordered:                               19           105183    interval
c rephased:                                29            68913    interval
c restarts:                             78186               26    interval
c strengthened:                          8876                0 %  checks
c substituted:                          50129               29 %  variables
c subsumed:                             10252                0 %  checks
c switched:                                47            42521    interval
c vivified:                            243755               11 %  checks
c walks:                                   10           199848    interval
c
c ---- [ glue usage ] --------------------------------------------------------
c
c focused glue 1 used 6527993 clauses 79.83% accumulated 79.83% tier1
c focused glue 2 used  523566 clauses  6.40% accumulated 86.24%
c focused glue 3 used  198431 clauses  2.43% accumulated 88.66%
c focused glue 4 used  120819 clauses  1.48% accumulated 90.14% tier2
c
c stable glue 1   used 9406081 clauses 73.49% accumulated 73.49% tier1
c stable glue 2   used  741609 clauses  5.79% accumulated 79.28%
c stable glue 3-8 used 1187066 clauses  9.27% accumulated 88.56%
c stable glue 9   used  130503 clauses  1.02% accumulated 89.58%
c stable glue 10  used  115716 clauses  0.90% accumulated 90.48% tier2
c
c ---- [ resources ] ---------------------------------------------------------
c
c maximum-resident-set-size:        202387456 bytes        193 MB
c process-time:                         5m 39s             338.81 seconds
c raising signal 15 (SIGTERM)
