c ---- [ banner ] ------------------------------------------------------------
c
c Kissat SAT Solver
c 
c Copyright (c) 2021-2024 Armin Biere University of Freiburg
c Copyright (c) 2019-2021 Armin Biere Johannes Kepler University Linz
c 
c Version 4.0.4 8af8e56f174b778aef3aa45af9f739b2a5f492c2
c gcc (Ubuntu 13.3.0-6ubuntu2~24.04.1) 13.3.0 -W -Wall -O3 -DNDEBUG
c Sun Sep 27 15:50:37 +04 2026 Linux vm 6.18.44-fc-v37 x86_64
c
c ---- [ parsing ] -----------------------------------------------------------
c
c opened and reading DIMACS file:
c
c   cnf/d8_desarg.cnf
c
c parsed 'p cnf 171888 615371' header
c closing input after reading 12306624 bytes (12 MB)
c finished parsing after 0.09 seconds
c
c ---- [ solving ] -----------------------------------------------------------
c
c seconds switched rate     size/glue tier1   binary            remaining
c        MB reductions conflicts size  tier2      irredundant
c         level restarts redundant glue  trail            variables
c
c *  0.09 38 0 0 0  0 0   0   0 0.0 0 0 0 0 0% 133842 340208 139294 81%
c (  0.10 38 0 0 0  0 0   0   0 0.0 0 0 0 0 0% 133842 340208 139294 81%
c .  0.12 35 0 0 0  0 0   0   0 0.0 0 0 0 0 0% 135106 323702 139294 81%
c c  0.77 85 0 0 0  0 0   0   0 0.0 0 0 0 0 0% 222678 201980 74145 43%
c d  0.80 85 0 0 0  0 0   0   0 0.0 0 0 0 0 0% 68788 201980 74145 43%
c =  0.86 85 0 0 0  0 0   0   0 0.0 0 0 0 0 0% 64126 201954 73982 43%
c d  0.88 85 0 0 0  0 0   0   0 0.0 0 0 0 0 0% 63802 201952 73982 43%
c d  0.89 85 0 0 0  0 0   0   0 0.0 0 0 0 0 0% 63798 201952 73980 43%
c )  1.07 86 0 0 0  0 0   0   0 0.0 0 0 0 0 0% 63798 201952 73980 43%
c {  1.07 86 0 0 0  0 0   0   0 0.0 0 0 2 6 0% 63798 201952 73980 43%
c i  1.07 86 33 0 0  1 3 120  58 1.6 9 5 4 11 1% 63803 201952 73979 43%
c i  1.07 86 30 0 0  1 3 130  59 1.6 8 5 4 11 1% 63805 201952 73978 43%
c i  1.07 86 29 0 0  1 3 135  61 1.6 8 5 4 11 1% 63806 201952 73911 43%
c i  1.07 86 28 0 0  1 3 138  61 1.6 8 5 4 11 1% 63808 201952 73779 43%
c i  1.07 86 27 0 0  1 3 144  62 1.7 7 4 3 6 1% 63810 201952 73568 43%
c }  1.07 86 27 0 0  1 3 146  62 1.7 7 4 3 6 1% 63810 201952 73080 43%
c 0  1.07 86 27 0 0  1 3 146  62 1.7 7 4 3 6 1% 63810 201952 73080 43%
c
c ---- [ result ] ------------------------------------------------------------
c
s UNSATISFIABLE
c
c ---- [ profiling ] ---------------------------------------------------------
c
c           0.97   90.36 %  preprocess
c           0.95   88.36 %  probe
c           0.65   60.68 %  congruence
c           0.17   16.14 %  factor
c           0.09    8.79 %  parse
c           0.07    6.71 %  substitute
c           0.05    4.38 %  sweep
c           0.00    0.46 %  lucky
c           0.00    0.44 %  backbone
c           0.00    0.38 %  search
c           0.00    0.37 %  focused
c           0.00    0.00 %  simplify
c =============================================
c           1.07  100.00 %  total
c
c ---- [ statistics ] --------------------------------------------------------
c
c conflicts:                              146              135.45 per second
c congruent:                            64925               38 %  variables
c decisions:                              354                2.42 per conflict
c iterations:                               6                0 %  variables
c propagations:                        200808           186298    per second
c restarts:                                 1              146    interval
c substituted:                          65089               38 %  variables
c switched:                                 0                0    interval
c
c ---- [ glue usage ] --------------------------------------------------------
c
c focused glue 3 used 21 clauses 18.10% accumulated 66.38% tier1
c focused glue 4 used 14 clauses 12.07% accumulated 78.45%
c focused glue 5 used  9 clauses  7.76% accumulated 86.21%
c focused glue 6 used  4 clauses  3.45% accumulated 89.66% tier2
c
c ---- [ resources ] ---------------------------------------------------------
c
c maximum-resident-set-size:        126558208 bytes        121 MB
c process-time:                             1s               1.07 seconds
c
c ---- [ shutting down ] -----------------------------------------------------
c
c exit 20
