c ---- [ banner ] ------------------------------------------------------------
c
c Kissat SAT Solver
c 
c Copyright (c) 2021-2024 Armin Biere University of Freiburg
c Copyright (c) 2019-2021 Armin Biere Johannes Kepler University Linz
c 
c Version 4.0.4 8af8e56f174b778aef3aa45af9f739b2a5f492c2
c gcc (Ubuntu 13.3.0-6ubuntu2~24.04.1) 13.3.0 -W -Wall -O3 -DNDEBUG
c Sun Sep 27 15:50:37 +04 2026 Linux vm 6.18.44-fc-v37 x86_64
c
c ---- [ parsing ] -----------------------------------------------------------
c
c opened and reading DIMACS file:
c
c   cnf/d8_B1_local.cnf
c
c parsed 'p cnf 73646 264496' header
c closing input after reading 5029183 bytes (5 MB)
c finished parsing after 0.04 seconds
c
c ---- [ solving ] -----------------------------------------------------------
c
c seconds switched rate     size/glue tier1  binary           remaining
c        MB reductions conflicts size  tier2     irredundant
c         level restarts redundant glue  trail           variables
c
c *  0.04 20 0 0 0  0 0   0   0 0.0 0 0 0 0 0% 63497 185160 69902 95%
c (  0.05 21 0 0 0  0 0   0   0 0.0 0 0 0 0 0% 63497 185160 69902 95%
c .  0.06 21 0 0 0  0 0   0   0 0.0 0 0 0 0 0% 63963 182951 69902 95%
c c  0.28 48 0 0 0  0 0   0   0 0.0 0 0 0 0 0% 85145 141649 55306 75%
c d  0.29 48 0 0 0  0 0   0   0 0.0 0 0 0 0 0% 55849 141649 55306 75%
c f  0.39 45 0 0 0  0 0   0   0 0.0 0 0 0 0 0% 53829 141649 55319 75%
c )  0.39 45 0 0 0  0 0   0   0 0.0 0 0 0 0 0% 53829 141649 55319 75%
c {  0.39 45 0 0 0  0 0   0   0 0.0 0 0 2 6 0% 53829 141649 55319 75%
c -  0.47 46 83 0 1 216 21 1001 602 2.0 17 8 5 12 6% 53830 141649 55319 75%
c }  0.47 46 83 1 1 216 21 1001 602 2.0 17 8 5 12 6% 53830 141649 55319 75%
c [  0.47 46 0 1 1 216 0 1001 602 0.0 0 0 2 6 0% 53830 141649 55319 75%
c B  0.47 46 0 1 1 216 0 1001 602 0.0 0 0 2 6 0% 53830 141649 55319 75%
c ]  0.53 46 157 2 1 216 2 1945 1456 2.5 40 16 4 7 13% 53830 141649 55319 75%
c {  0.53 46 83 2 1 216 21 1945 1456 2.0 17 8 5 12 6% 53830 141649 55319 75%
c -  0.55 46 83 2 2 225 20 2001 1097 2.0 17 8 5 12 7% 53830 141649 55319 75%
c u  0.68 47 78 2 2 247 16 2540 1227 2.1 18 8 4 12 9% 53830 141649 55319 75%
c v  0.69 47 78 2 2 247 16 2540 1093 2.1 18 8 4 12 9% 53830 141649 55319 75%
c w  0.70 47 78 2 2 247 16 2540 1091 2.1 18 8 4 12 9% 53830 141649 55319 75%
c }  0.75 47 75 3 2 269 15 2948 1356 2.1 17 8 4 12 9% 53830 141649 55319 75%
c [  0.75 47 157 3 2 269 2 2948 1356 2.5 40 16 4 7 13% 53830 141649 55319 75%
c
c seconds   switched  rate       size/glue  tier1    binary           remaining
c        MB  reductions conflicts      size   tier2      irredundant
c          level restarts   redundant     glue   trail           variables
c
c W  0.78 47 157 3 2 269 2 2948 1356 2.5 40 16 4 7 13% 53830 141649 55319 75%
c -  0.84 47 129 3 3 269 2 3415 1593 2.5 50 20 7 30 14% 53830 141649 55319 75%
c ]  0.86 47 123 4 3 269 2 3578 1749 2.5 52 21 7 30 14% 53830 141649 55319 75%
c {  0.86 47 75 4 3 269 15 3578 1749 2.1 17 8 4 12 9% 53830 141649 55319 75%
c -  0.99 47 85 4 4 462 15 5149 2625 2.0 17 8 4 13 9% 53830 141649 55319 75%
c }  1.03 47 85 5 4 555 15 5931 3218 2.0 17 8 4 13 9% 53830 141649 55319 75%
c [  1.03 47 123 5 4 555 2 5931 3218 2.5 52 21 7 30 14% 53830 141649 55319 75%
c I  1.03 47 123 5 4 555 2 5931 3218 2.5 52 21 7 30 14% 53830 141649 55319 75%
c -  1.15 47 97 5 5 556 2 7149 3849 2.9 58 20 6 28 15% 53830 141649 55319 75%
c ]  1.22 47 95 6 5 556 2 7698 4390 2.8 59 21 6 28 16% 53830 141649 55319 75%
c {  1.22 47 85 6 5 556 15 7698 4390 2.0 17 8 4 13 9% 53830 141649 55319 75%
c u  1.25 47 85 6 5 588 15 7820 3984 2.0 17 9 4 13 9% 53830 141649 55319 75%
c v  1.28 47 85 6 5 588 15 7820 3387 2.0 17 9 4 13 9% 53830 141649 55319 75%
c w  1.30 47 85 6 5 588 15 7820 3386 2.0 17 9 4 13 9% 53830 141649 55319 75%
c i  1.41 47 84 6 5 690 15 8332 3824 2.1 18 9 4 12 8% 53830 141649 55318 75%
c -  1.51 47 95 6 6 771 16 9385 4001 2.1 18 9 4 12 9% 53825 141649 55318 75%
c o  1.62 47 88 6 6 772 14 10288 4768 2.2 18 8 4 12 11% 53825 141649 55318 75%
c }  1.75 47 91 7 6 964 15 11769 5886 2.1 17 8 4 12 12% 53829 141649 55318 75%
c [  1.75 47 95 7 6 964 2 11769 5886 2.8 59 21 6 28 16% 53829 141649 55318 75%
c B  1.75 47 95 7 6 964 2 11769 5886 2.8 59 21 6 28 16% 53829 141649 55318 75%
c
c seconds  switched  rate        size/glue  tier1     binary           remaining
c        MB reductions conflicts       size   tier2       irredundant
c         level restarts    redundant     glue    trail           variables
c
c -  1.76 47 94 7 7 964 2 11834 5141 2.8 59 21 6 29 15% 53829 141649 55318 75%
c e  2.14 59 89 7 7 964 2 12692 5966 2.8 62 22 6 29 16% 3947 164910 25767 35%
c 2  2.14 59 89 7 7 964 2 12692 5966 2.8 62 22 6 29 16% 3946 164910 25767 35%
c s  2.17 59 89 7 7 964 2 12692 5966 2.8 62 22 6 29 16% 3946 164629 25767 35%
c e  2.19 59 89 7 7 964 2 12692 5966 2.8 62 22 6 29 16% 3906 164594 25716 35%
c ^  2.19 59 89 7 7 964 2 12692 5966 2.8 62 22 6 29 16% 3906 164594 25716 35%
c -  2.39 59 83 7 8 966 2 14480 3392 2.6 61 23 5 29 16% 3906 164594 25716 35%
c ]  2.47 59 81 8 8 966 2 15420 4298 2.6 60 24 5 29 15% 3906 164594 25716 35%
c {  2.47 59 91 8 8 966 15 15420 4298 2.1 17 8 4 12 12% 3906 164594 25716 35%
c u  2.58 54 90 8 8 1031 15 16019 4608 2.1 17 8 4 12 11% 3906 164593 25716 35%
c v  2.61 54 90 8 8 1031 15 16019 4323 2.1 17 8 4 12 11% 3906 164593 25716 35%
c w  2.63 54 90 8 8 1031 15 16019 4322 2.1 17 8 4 12 11% 3906 164593 25716 35%
c f  2.69 54 90 8 8 1031 15 16019 4322 2.1 17 8 4 12 11% 3896 164593 25720 35%
c u  2.75 54 90 8 8 1031 15 16019 4084 2.1 17 8 4 12 11% 3896 164593 25720 35%
c v  2.79 54 90 8 8 1031 15 16019 3938 2.1 17 8 4 12 11% 3896 164593 25720 35%
c w  2.81 54 90 8 8 1031 15 16019 3897 2.1 17 8 4 12 11% 3896 164593 25720 35%
c -  2.96 54 94 8 9 1163 15 17308 4227 2.1 17 8 4 11 11% 3897 164593 25720 35%
c o  3.17 62 104 8 9 1626 16 20292 6389 2.0 17 8 4 11 10% 3897 164593 25720 35%
c -  3.18 62 104 8 10 1630 16 20309 5671 2.0 17 8 4 11 10% 3897 164593 25720 35%
c }  3.26 62 103 9 10 1773 16 21580 6576 2.0 17 9 4 11 10% 3897 164593 25720 35%
c
c seconds  switched    rate        size/glue  tier1     binary          remaining
c        MB  reductions  conflicts       size   tier2      irredundant
c         level   restarts    redundant     glue    trail          variables
c
c [  3.26 62 81 9 10 1773 2 21580 6576 2.6 60 24 5 29 15% 3897 164593 25720 35%
c W  3.28 54 81 9 10 1773 2 21580 6576 2.6 60 24 5 29 15% 3897 164593 25720 35%
c -  3.45 54 77 9 11 1774 2 23473 7054 2.5 61 24 4 29 15% 3897 164593 25720 35%
c s  3.65 54 75 9 11 1775 1 25307 8858 2.4 61 25 4 29 15% 3897 164540 25720 35%
c e  3.80 54 75 9 11 1775 1 25307 8858 2.4 61 25 4 29 15% 2597 166197 24916 34%
c s  3.81 54 75 9 11 1775 1 25307 8858 2.4 61 25 4 29 15% 2597 165624 24916 34%
c e  3.83 54 75 9 11 1775 1 25307 8858 2.4 61 25 4 29 15% 2579 165636 24898 34%
c ^  3.83 54 75 9 11 1775 1 25307 8858 2.4 61 25 4 29 15% 2579 165636 24898 34%
c ]  3.89 54 74 10 11 1776 1 25946 6931 2.4 61 25 4 29 15% 2579 165636 24898 34%
c {  3.89 54 103 10 11 1776 16 25946 6931 2.0 17 9 4 11 10% 2579 165636 24898 34%
c -  3.98 54 104 10 12 1925 16 26789 5891 2.0 17 9 3 11 10% 2579 165636 24898 34%
c u  4.06 54 103 10 12 2011 16 27248 5523 2.0 17 9 3 11 10% 2579 165636 24898 34%
c v  4.11 54 103 10 12 2011 16 27248 5120 2.0 17 9 3 11 10% 2579 165636 24898 34%
c w  4.13 54 103 10 12 2011 16 27248 5084 2.0 17 9 3 11 10% 2579 165636 24898 34%
c -  4.50 55 103 10 13 2431 16 30253 6303 2.0 18 9 3 11 10% 2579 165636 24898 34%
c -  4.75 55 104 10 14 2929 17 33861 7909 2.0 18 9 3 11 9% 2579 165636 24898 34%
c }  4.80 55 105 11 14 3043 16 34573 8471 2.0 18 9 3 11 9% 2579 165636 24898 34%
c [  4.80 55 74 11 14 3043 1 34573 8471 2.4 61 25 4 29 15% 2579 165636 24898 34%
c O  4.80 55 74 11 14 3043 1 34573 8471 2.4 61 25 4 29 15% 2579 165636 24898 34%
c -  5.15 55 73 11 15 3045 1 37602 9341 2.4 60 25 2 26 15% 2579 165636 24898 34%
c
c seconds   switched    rate         size/glue  tier1     binary          remaining
c        MB   reductions  conflicts        size   tier2      irredundant
c         level    restarts     redundant     glue    trail          variables
c
c -  5.52 55 72 11 16 3048 2 41474 10068 2.3 57 24 2 24 15% 2579 165636 24898 34%
c u  5.62 55 72 11 16 3048 2 41706 9440 2.3 57 24 2 24 15% 2579 165636 24898 34%
c v  5.67 55 72 11 16 3048 2 41706 8397 2.3 57 24 2 24 15% 2579 165636 24898 34%
c w  5.69 55 72 11 16 3048 2 41706 8396 2.3 57 24 2 24 15% 2579 165636 24898 34%
c x  5.72 55 72 11 16 3048 2 41706 8395 2.3 57 24 2 24 15% 2579 165598 24898 34%
c f  5.78 55 72 11 16 3048 2 41706 8395 2.3 57 24 2 24 15% 2558 165598 24905 34%
c u  5.81 55 72 11 16 3048 2 41706 8306 2.3 57 24 2 24 15% 2558 165598 24905 34%
c v  5.85 55 72 11 16 3048 2 41706 7443 2.3 57 24 2 24 15% 2558 165598 24905 34%
c w  5.90 55 72 11 16 3048 2 41706 7323 2.3 57 24 2 24 15% 2558 165598 24905 34%
c f  5.97 55 72 11 16 3048 2 41706 7323 2.3 57 24 2 24 15% 2565 165586 24906 34%
c o  5.98 55 72 11 16 3048 2 41706 7323 2.3 57 24 2 24 15% 2565 165586 24906 34%
c ]  6.01 55 72 12 16 3048 2 41908 7523 2.3 57 24 2 24 15% 2565 165586 24906 34%
c {  6.01 55 105 12 16 3048 16 41908 7523 2.0 18 9 3 11 9% 2565 165586 24906 34%
c -  6.27 55 107 12 17 3375 16 45476 8656 2.0 18 9 3 11 9% 2565 165586 24906 34%
c -  6.58 55 107 12 18 3860 16 49599 10209 2.0 18 9 3 11 9% 2565 165586 24906 34%
c s  6.79 55 105 12 18 4148 16 52655 12538 2.0 18 9 3 11 9% 2565 165580 24906 34%
c e  6.96 55 105 12 18 4148 16 52655 12538 2.0 18 9 3 11 9% 2508 166166 24616 33%
c s  6.97 55 105 12 18 4148 16 52655 12538 2.0 18 9 3 11 9% 2508 166012 24616 33%
c e  6.98 55 105 12 18 4148 16 52655 12538 2.0 18 9 3 11 9% 2499 166011 24610 33%
c ^  6.98 55 105 12 18 4148 16 52655 12538 2.0 18 9 3 11 9% 2499 166011 24610 33%
c
c seconds    switched     rate         size/glue tier1    binary          remaining
c        MB    reductions   conflicts        size  tier2     irredundant
c          level    restarts      redundant    glue   trail          variables
c
c }  7.05 55 106 13 18 4208 15 53387 12768 2.0 18 9 3 11 9% 2499 166011 24610 33%
c [  7.05 55 72 13 18 4208 2 53387 12768 2.3 57 24 2 24 15% 2499 166011 24610 33%
c B  7.05 55 72 13 18 4208 2 53387 12768 2.3 57 24 2 24 15% 2499 166011 24610 33%
c -  7.09 55 72 13 19 4208 2 53841 11329 2.3 57 25 2 24 15% 2499 166011 24610 33%
c -  7.66 55 72 13 20 4211 1 58199 12313 2.3 58 25 2 23 15% 2499 166011 24610 33%
c u  7.86 55 72 13 20 4212 1 59493 12371 2.3 59 26 2 23 15% 2499 166011 24610 33%
c v  7.92 55 72 13 20 4212 1 59493 11158 2.3 59 26 2 23 15% 2499 166011 24610 33%
c w  7.95 56 72 13 20 4212 1 59493 11150 2.3 59 26 2 23 15% 2499 166011 24610 33%
c x  7.99 56 72 13 20 4212 1 59493 11149 2.3 59 26 2 23 15% 2499 165962 24610 33%
c t  8.01 56 72 13 20 4212 1 59493 11149 2.3 59 26 2 23 15% 2498 165962 24610 33%
c ]  8.16 56 73 14 20 4213 1 60320 11951 2.3 59 26 2 23 15% 2498 165962 24610 33%
c {  8.16 56 106 14 20 4213 15 60320 11951 2.0 18 9 3 11 9% 2498 165962 24610 33%
c -  8.40 56 108 14 21 4416 15 62673 10620 2.0 18 9 2 10 9% 2498 165962 24610 33%
c -  8.65 56 107 14 22 4937 15 67257 11751 2.0 18 9 2 10 9% 2498 165962 24610 33%
c o  8.96 56 109 14 22 5418 15 71706 15234 2.0 19 9 2 10 9% 2498 165962 24610 33%
c -  8.98 56 108 14 23 5439 15 71947 12918 2.0 18 9 2 10 9% 2498 165962 24610 33%
c }  9.17 56 109 15 23 5887 15 75037 15329 2.0 19 9 2 10 9% 2498 165962 24610 33%
c [  9.17 56 73 15 23 5887 1 75037 15329 2.3 59 26 2 23 15% 2498 165962 24610 33%
c W  9.21 56 73 15 23 5887 1 75037 15329 2.3 59 26 2 23 15% 2498 165962 24610 33%
c -  9.38 56 73 15 24 5888 1 76742 13730 2.3 59 26 2 22 15% 2498 165962 24610 33%
c
c seconds   switched    rate         size/glue  tier1     binary          remaining
c        MB   reductions  conflicts        size   tier2      irredundant
c         level    restarts     redundant     glue    trail          variables
c
c u  9.83 56 73 15 24 5891 1 80740 16752 2.3 59 26 2 22 15% 2498 165962 24610 33%
c v  9.89 56 73 15 24 5891 1 80740 14872 2.3 59 26 2 22 15% 2498 165962 24610 33%
c w  9.92 56 73 15 24 5891 1 80740 14868 2.3 59 26 2 22 15% 2498 165962 24610 33%
c x  9.97 56 73 15 24 5891 1 80740 14868 2.3 59 26 2 22 15% 2498 165926 24610 33%
c - 10.35 56 73 15 25 5892 1 81640 11958 2.3 60 26 2 21 15% 2498 165926 24610 33%
c ] 10.85 56 72 16 25 5893 1 85997 16208 2.3 61 26 2 21 15% 2498 165926 24610 33%
c { 10.85 56 109 16 25 5893 15 85997 16208 2.0 19 9 2 10 9% 2498 165926 24610 33%
c - 10.91 56 108 16 26 6004 15 86640 12496 2.0 19 10 2 10 9% 2498 165926 24610 33%
c - 11.29 56 108 16 27 6575 15 91739 13494 2.0 19 10 2 10 9% 2498 165926 24610 33%
c e 11.90 56 109 16 27 6987 15 96709 17378 2.0 19 10 2 10 9% 1657 169817 23629 32%
c s 11.92 56 109 16 27 6987 15 96709 17378 2.0 19 10 2 10 9% 1657 169393 23629 32%
c e 11.94 56 109 16 27 6987 15 96709 17378 2.0 19 10 2 10 9% 1649 169415 23607 32%
c ^ 11.94 56 109 16 27 6987 15 96709 17378 2.0 19 10 2 10 9% 1649 169415 23607 32%
c - 11.96 56 109 16 28 7024 15 96936 13836 2.0 19 10 2 10 9% 1649 169415 23607 32%
c - 12.34 56 110 16 29 7484 14 102227 15491 2.0 19 10 2 9 9% 1649 169415 23607 32%
c } 12.50 56 110 17 29 7763 14 104337 17167 2.0 19 10 2 9 9% 1649 169415 23607 32%
c [ 12.50 56 72 17 29 7763 1 104337 17167 2.3 61 26 2 21 15% 1649 169415 23607 32%
c I 12.50 56 72 17 29 7763 1 104337 17167 2.3 61 26 2 21 15% 1649 169415 23607 32%
c u 12.70 56 72 17 29 7764 1 105569 17227 2.3 61 26 2 21 15% 1649 169415 23607 32%
c v 12.77 56 72 17 29 7764 1 105569 14376 2.3 61 26 2 21 15% 1649 169415 23607 32%
c
c seconds   switched    rate          size/glue  tier1     binary          remaining
c        MB   reductions  conflicts         size   tier2      irredundant
c         level    restarts      redundant     glue    trail          variables
c
c w 12.85 56 72 17 29 7764 1 105569 14322 2.3 61 26 2 21 15% 1649 169415 23607 32%
c - 13.13 56 72 17 30 7765 1 107613 13605 2.3 61 27 2 22 15% 1649 169415 23607 32%
c - 13.69 56 73 17 31 7769 1 113091 14974 2.3 60 27 2 21 15% 1649 169415 23607 32%
c ] 14.35 56 73 18 31 7771 1 118125 19892 2.3 61 27 2 21 15% 1649 169415 23607 32%
c { 14.35 56 110 18 31 7771 14 118125 19892 2.0 19 10 2 9 9% 1649 169415 23607 32%
c o 14.36 56 110 18 31 7777 14 118147 19914 2.0 19 10 2 9 9% 1649 169415 23607 32%
c - 14.40 56 109 18 32 7818 14 118659 16129 2.0 19 10 2 9 9% 1649 169415 23607 32%
c - 14.72 56 109 18 33 8029 14 124316 17261 2.0 19 10 2 9 9% 1649 169415 23607 32%
c - 15.09 56 106 18 34 8386 13 130062 18367 2.0 19 10 2 9 9% 1650 169415 23607 32%
c d 15.39 56 105 18 34 8623 13 134071 21507 2.0 19 10 2 8 9% 1648 169415 23606 32%
c u 15.45 56 105 18 34 8623 13 134071 20199 2.0 19 10 2 8 9% 1648 169415 23606 32%
c v 15.53 56 105 18 34 8623 13 134071 17810 2.0 19 10 2 8 9% 1648 169415 23606 32%
c w 15.56 56 105 18 34 8623 13 134071 17792 2.0 19 10 2 8 9% 1648 169415 23606 32%
c u 15.76 56 105 18 34 8623 13 134071 17628 2.0 19 10 2 8 9% 1648 169415 23606 32%
c v 15.80 56 105 18 34 8623 13 134071 16590 2.0 19 10 2 8 9% 1648 169415 23606 32%
c w 15.91 56 105 18 34 8623 13 134071 16362 2.0 19 10 2 8 9% 1648 169415 23606 32%
c - 16.03 56 104 18 35 8722 13 135893 15428 2.0 19 10 2 8 9% 1648 169415 23606 32%
c } 16.31 56 103 19 35 8946 12 140470 19021 2.0 19 10 2 8 9% 1648 169415 23606 32%
c [ 16.31 56 73 19 35 8946 1 140470 19021 2.3 61 27 2 21 15% 1648 169415 23606 32%
c B 16.31 56 73 19 35 8946 1 140470 19021 2.3 61 27 2 21 15% 1648 169415 23606 32%
c
c seconds   switched    rate          size/glue  tier1     binary          remaining
c        MB   reductions  conflicts         size   tier2      irredundant
c         level    restarts      redundant     glue    trail          variables
c
c - 16.47 56 73 19 36 8947 1 141811 17575 2.3 61 27 2 20 15% 1648 169415 23606 32%
c - 17.37 56 72 19 37 8951 1 147811 18324 2.3 62 27 1 19 15% 1648 169415 23606 32%
c ] 18.09 57 72 20 37 8953 1 153847 24229 2.3 64 28 1 19 14% 1648 169415 23606 32%
c { 18.09 57 103 20 37 8953 12 153847 24229 2.0 19 10 2 8 9% 1648 169415 23606 32%
c - 18.11 57 103 20 38 8963 12 153893 17747 2.0 19 10 2 8 9% 1648 169415 23606 32%
c s 18.58 57 103 20 38 9540 12 159345 22311 2.0 19 10 2 8 9% 1648 169286 23606 32%
c e 18.89 57 103 20 38 9540 12 159345 22311 2.0 19 10 2 8 9% 1192 185495 20753 28%
c s 18.94 57 103 20 38 9540 12 159345 22311 2.0 19 10 2 8 9% 1192 184908 20753 28%
c e 18.98 57 103 20 38 9540 12 159345 22311 2.0 19 10 2 8 9% 1178 184955 20734 28%
c ^ 18.98 57 103 20 38 9540 12 159345 22311 2.0 19 10 2 8 9% 1178 184955 20734 28%
c - 19.06 57 103 20 39 9636 12 160058 16011 2.0 19 10 1 8 9% 1178 184955 20734 28%
c - 19.61 57 104 20 40 10139 12 166302 18435 2.0 19 10 1 7 9% 1178 184955 20734 28%
c u 19.66 57 104 20 40 10145 12 166334 17989 2.0 19 10 1 7 9% 1178 184955 20734 28%
c v 19.72 57 104 20 40 10145 12 166334 15334 2.0 19 10 1 7 9% 1178 184955 20734 28%
c w 19.82 57 104 20 40 10145 12 166334 14669 2.0 19 10 1 7 9% 1178 184955 20734 28%
c o 20.08 57 103 20 40 10323 12 168166 16134 2.0 19 10 1 7 9% 1178 184955 20734 28%
c - 20.44 58 104 20 41 10705 12 172627 17194 2.0 19 10 1 7 9% 1178 184955 20734 28%
c - 21.01 58 103 20 42 11268 12 179030 19856 2.0 19 10 1 7 9% 1178 184955 20734 28%
c } 21.17 58 104 21 42 11393 12 180586 21196 2.0 19 10 1 7 9% 1178 184955 20734 28%
c [ 21.17 58 72 21 42 11393 1 180586 21196 2.3 64 28 1 19 14% 1178 184955 20734 28%
c
c seconds   switched     rate          size/glue  tier1     binary          remaining
c        MB   reductions   conflicts         size   tier2      irredundant
c         level    restarts       redundant     glue    trail          variables
c
c W 21.21 58 72 21 42 11393 1 180586 21196 2.3 64 28 1 19 14% 1178 184955 20734 28%
c - 21.83 58 72 21 43 11396 1 185510 20459 2.2 64 28 1 18 14% 1178 184955 20734 28%
c - 22.74 58 73 21 44 11399 1 192067 19349 2.3 64 29 1 18 15% 1178 184955 20734 28%
c - 23.64 58 73 21 45 11404 1 198701 18599 2.3 65 28 1 18 15% 1178 184955 20734 28%
c ] 23.80 58 73 22 45 11405 1 199814 19691 2.3 65 28 1 18 15% 1178 184955 20734 28%
c { 23.80 58 104 22 45 11405 12 199814 19691 2.0 19 10 1 7 9% 1178 184955 20734 28%
c u 24.04 58 104 22 45 11582 12 202578 21485 2.0 19 10 1 7 9% 1184 184955 20734 28%
c v 24.09 58 104 22 45 11582 12 202578 19338 2.0 19 10 1 7 9% 1185 184955 20734 28%
c w 24.25 58 104 22 45 11582 12 202578 19303 2.0 19 10 1 7 9% 1185 184955 20734 28%
c x 24.35 58 104 22 45 11582 12 202578 19303 2.0 19 10 1 7 9% 1185 184954 20734 28%
c = 24.79 58 104 22 45 11582 12 202578 19303 2.0 19 10 1 7 9% 1239 184954 20707 28%
c d 24.80 58 104 22 45 11582 12 202578 19301 2.0 19 10 1 7 9% 1185 184954 20707 28%
c u 24.96 58 104 22 45 11582 12 202578 19228 2.0 19 10 1 7 9% 1185 184954 20707 28%
c v 25.00 58 104 22 45 11582 12 202578 18581 2.0 19 10 1 7 9% 1185 184954 20707 28%
c w 25.25 58 104 22 45 11582 12 202578 17812 2.0 19 10 1 7 9% 1185 184954 20707 28%
c - 25.40 58 103 22 46 11701 12 205411 17029 2.0 19 10 1 7 9% 1189 184954 20707 28%
c - 25.88 58 102 22 47 12172 12 212195 20092 2.0 19 10 1 7 9% 1197 184954 20707 28%
c - 26.44 58 100 22 48 12853 12 219052 22426 2.0 20 10 1 7 9% 1207 184954 20707 28%
c - 27.09 58 98 22 49 13668 12 225980 24036 2.0 20 10 1 8 9% 1213 184954 20707 28%
c o 27.25 58 98 22 49 13880 12 228168 25968 2.0 20 10 1 8 9% 1213 184954 20707 28%
c
c seconds   switched      rate          size/glue  tier1   binary          remaining
c        MB   reductions    conflicts         size   tier2    irredundant
c         level    restarts        redundant     glue  trail          variables
c
c } 27.52 58 98 23 49 14257 12 231331 28649 2.0 20 10 1 8 9% 1217 184954 20707 28%
c [ 27.52 58 73 23 49 14257 1 231331 28649 2.3 65 28 1 18 15% 1217 184954 20707 28%
c O 27.52 58 73 23 49 14257 1 231331 28649 2.3 65 28 1 18 15% 1217 184954 20707 28%
c - 27.69 58 73 23 50 14258 1 232981 25027 2.3 65 28 1 18 15% 1217 184954 20707 28%
c - 28.65 58 73 23 51 14263 1 240052 23772 2.3 65 28 1 18 15% 1217 184954 20707 28%
c s 29.04 58 73 23 51 14263 1 242522 26177 2.3 65 28 1 18 15% 1217 184895 20707 28%
c e 29.40 60 73 23 51 14263 1 242522 26177 2.3 65 28 1 18 15% 878 204942 18916 26%
c s 29.47 60 73 23 51 14263 1 242522 26177 2.3 65 28 1 18 15% 878 204197 18916 26%
c e 29.52 60 73 23 51 14263 1 242522 26177 2.3 65 28 1 18 15% 856 204385 18900 26%
c ! 29.52 60 73 23 51 14263 1 242522 26177 2.3 65 28 1 18 15% 856 204385 18900 26%
c u 29.61 61 73 23 51 14263 1 242748 22518 2.3 65 28 1 18 15% 857 204385 18900 26%
c v 29.70 61 73 23 51 14263 1 242748 19711 2.3 65 28 1 18 15% 860 204385 18900 26%
c w 29.93 61 73 23 51 14263 1 242748 19478 2.3 65 28 1 18 15% 860 204385 18900 26%
c - 30.85 61 73 23 52 14266 1 247193 17119 2.3 65 28 1 18 15% 860 204385 18900 26%
c ] 31.11 61 73 24 52 14267 1 248637 18544 2.3 65 28 1 18 15% 860 204385 18900 26%
c { 31.11 61 98 24 52 14267 12 248637 18544 2.0 20 10 1 8 9% 860 204385 18900 26%
c - 31.70 61 98 24 53 14834 12 254404 19794 2.0 20 10 1 8 9% 860 204385 18900 26%
c - 32.44 61 98 24 54 15440 12 261684 22745 2.0 20 10 1 7 9% 860 204385 18900 26%
c - 33.19 61 98 24 55 16097 12 269032 24570 2.0 20 10 1 7 9% 860 204385 18900 26%
c - 33.92 61 98 24 56 16890 12 276449 25738 2.0 20 10 1 7 9% 860 204385 18900 26%
c
c seconds   switched      rate          size/glue  tier1  binary          remaining
c        MB   reductions    conflicts         size   tier2   irredundant
c         level    restarts        redundant     glue  trail         variables
c
c - 34.67 61 98 24 57 17711 12 283932 26848 2.0 20 10 1 7 9% 860 204385 18900 26%
c } 34.79 61 98 25 57 17864 12 285315 28014 2.0 20 10 1 7 9% 860 204385 18900 26%
c [ 34.79 61 73 25 57 17864 1 285315 28014 2.3 65 28 1 18 15% 860 204385 18900 26%
c B 34.79 61 73 25 57 17864 1 285315 28014 2.3 65 28 1 18 15% 860 204385 18900 26%
c u 35.05 61 73 25 57 17865 1 287139 28928 2.3 65 28 1 18 15% 860 204385 18900 26%
c v 35.16 61 73 25 57 17865 1 287139 24377 2.3 65 28 1 18 15% 861 204385 18900 26%
c w 35.41 61 73 25 57 17865 1 287139 24206 2.3 65 28 1 18 15% 861 204385 18900 26%
c - 36.54 61 73 25 58 17868 1 291484 22914 2.3 64 27 1 18 16% 861 204385 18900 26%
c - 37.81 61 73 25 59 17872 1 299100 22957 2.3 64 28 1 18 16% 861 204385 18900 26%
c - 39.17 61 73 25 60 17877 1 306781 22773 2.4 64 27 1 17 16% 861 204385 18900 26%
c ] 39.52 61 73 26 60 17877 1 308578 24565 2.4 64 27 1 17 16% 861 204385 18900 26%
c { 39.52 61 98 26 60 17877 12 308578 24565 2.0 20 10 1 7 9% 861 204385 18900 26%
c o 39.55 61 98 26 60 17882 12 308605 24592 2.0 20 10 1 7 9% 861 204385 18900 26%
c - 40.27 61 98 26 61 18335 12 314527 24815 2.0 20 10 1 7 9% 861 204385 18900 26%
c - 41.02 61 98 26 62 19048 12 322337 26478 2.0 21 10 1 7 9% 861 204385 18900 26%
c - 42.03 61 98 26 63 19893 12 330211 27874 2.0 21 10 1 7 9% 861 204385 18900 26%
c u 42.67 61 98 26 63 20402 12 335627 31738 2.0 21 10 1 7 9% 861 204385 18900 26%
c v 42.78 61 98 26 63 20402 12 335627 26911 2.0 21 10 1 7 9% 861 204385 18900 26%
c w 42.94 61 98 26 63 20402 12 335627 26740 2.0 21 10 1 7 9% 861 204385 18900 26%
c x 43.08 61 98 26 63 20402 12 335627 26736 2.0 21 10 1 7 9% 864 203983 18900 26%
c
c seconds   switched      rate          size/glue  tier1  binary          remaining
c        MB   reductions    conflicts         size   tier2   irredundant
c         level    restarts        redundant     glue  trail         variables
c
c t 43.10 61 98 26 63 20402 12 335627 26736 2.0 21 10 1 7 9% 861 203983 18900 26%
c - 43.37 61 98 26 64 20621 12 338148 24605 2.0 21 10 1 7 9% 861 203983 18900 26%
c - 44.18 61 98 26 65 21272 12 346150 27163 2.0 21 10 1 6 9% 861 203983 18900 26%
c s 44.42 61 98 26 65 21431 12 348067 28847 2.0 21 10 1 6 9% 861 203892 18900 26%
c e 44.49 61 98 26 65 21431 12 348067 28847 2.0 21 10 1 6 9% 817 204470 18844 26%
c s 44.50 61 98 26 65 21431 12 348067 28847 2.0 21 10 1 6 9% 817 204036 18844 26%
c e 44.53 61 98 26 65 21431 12 348067 28847 2.0 21 10 1 6 9% 788 204160 18831 26%
c } 44.80 61 97 27 65 21735 12 350797 31099 2.0 21 10 1 6 9% 788 204160 18831 26%
c [ 44.80 61 73 27 65 21735 1 350797 31099 2.4 64 27 1 17 16% 788 204160 18831 26%
c W 44.83 61 73 27 65 21735 1 350797 31099 2.4 64 27 1 17 16% 788 204160 18831 26%
c - 45.23 61 73 27 66 21737 1 354212 28656 2.4 64 27 1 17 16% 788 204160 18831 26%
c - 46.55 61 73 27 67 21741 1 362337 27907 2.4 64 27 1 16 16% 788 204160 18831 26%
c - 47.84 61 73 27 68 21747 1 370523 26252 2.3 64 28 1 16 16% 788 204160 18831 26%
c ] 49.02 61 73 28 68 21749 1 376330 31979 2.3 65 28 1 16 17% 788 204160 18831 26%
c { 49.02 61 97 28 68 21749 12 376330 31979 2.0 21 10 1 6 9% 788 204160 18831 26%
c - 49.29 61 97 28 69 21948 12 378769 26478 2.0 21 10 1 6 9% 788 204160 18831 26%
c - 50.09 61 97 28 70 22715 11 387075 29131 2.0 21 10 1 6 9% 788 204160 18831 26%
c u 50.28 61 96 28 70 22790 11 388281 29171 2.0 21 10 1 6 9% 788 204160 18831 26%
c v 50.36 61 96 28 70 22790 11 388281 26117 2.0 21 10 1 6 9% 788 204160 18831 26%
c w 50.64 61 96 28 70 22790 11 388281 24697 2.0 21 10 1 6 9% 788 204160 18831 26%
c
c seconds   switched      rate          size/glue  tier1  binary          remaining
c        MB   reductions    conflicts         size   tier2   irredundant
c         level    restarts        redundant     glue  trail         variables
c
c o 50.73 61 97 28 70 22802 11 388609 24965 2.0 21 10 1 6 9% 788 204160 18831 26%
c - 51.42 61 96 28 71 23451 11 395441 27102 2.0 21 11 1 6 9% 788 204160 18831 26%
c - 52.21 61 97 28 72 24294 11 403869 30248 2.0 21 11 1 6 9% 788 204160 18831 26%
c - 53.16 61 97 28 73 25178 12 412354 32246 2.0 21 11 1 6 9% 788 204160 18831 26%
c - 54.08 61 97 28 74 26053 12 420899 33668 2.0 22 11 1 6 9% 788 204160 18831 26%
c } 54.43 61 97 29 74 26341 11 424469 36700 2.0 22 11 1 6 9% 788 204160 18831 26%
c [ 54.43 61 73 29 74 26341 1 424469 36700 2.3 65 28 1 16 17% 788 204160 18831 26%
c I 54.43 61 73 29 74 26341 1 424469 36700 2.3 65 28 1 16 17% 788 204160 18831 26%
c - 55.21 61 73 29 75 26344 1 429502 33796 2.3 65 28 1 16 17% 788 204160 18831 26%
c - 56.73 61 73 29 76 26349 1 438163 32120 2.4 65 27 1 15 17% 788 204160 18831 26%
c u 57.88 61 73 29 76 26353 1 445159 37865 2.4 65 27 1 15 17% 788 204160 18831 26%
c v 57.97 61 73 29 76 26353 1 445159 34317 2.4 65 27 1 15 17% 788 204160 18831 26%
c w 58.30 62 73 29 76 26353 1 445159 34260 2.4 65 27 1 15 17% 788 204160 18831 26%
c x 58.50 78 73 29 76 26353 1 445159 34260 2.4 65 27 1 15 17% 788 204092 18831 26%
c - 58.81 69 73 29 77 26354 1 446881 28105 2.4 65 27 1 15 17% 788 204092 18831 26%
c - 60.60 71 74 29 78 26355 1 455655 28094 2.5 68 28 1 15 17% 788 204092 18831 26%
c ] 60.81 71 74 30 78 26355 1 456464 28889 2.5 68 28 1 15 18% 788 204092 18831 26%
c { 60.81 71 97 30 78 26355 11 456464 28889 2.0 22 11 1 6 9% 788 204092 18831 26%
c - 61.65 75 98 30 79 27055 11 464488 29778 2.0 22 11 1 6 9% 788 204092 18831 26%
c - 62.52 76 97 30 80 27820 11 473377 33024 2.0 22 11 1 6 9% 788 204092 18831 26%
c
c seconds   switched      rate          size/glue  tier1  binary          remaining
c        MB   reductions    conflicts         size   tier2   irredundant
c         level    restarts        redundant     glue  trail         variables
c
c s 62.95 76 97 30 80 28212 11 477134 36233 2.0 22 11 1 6 9% 788 203942 18831 26%
c e 63.03 76 97 30 80 28212 11 477134 36233 2.0 22 11 1 6 9% 745 204413 18775 26%
c s 63.04 76 97 30 80 28212 11 477134 36233 2.0 22 11 1 6 9% 745 204002 18775 26%
c e 63.07 76 97 30 80 28212 11 477134 36233 2.0 22 11 1 6 9% 699 204042 18748 25%
c o 63.21 77 97 30 80 28357 11 478629 37515 2.0 22 11 1 6 9% 699 204042 18748 25%
c - 63.63 77 96 30 81 28768 11 482321 34486 2.0 22 11 1 6 9% 699 204042 18748 25%
c - 64.69 74 96 30 82 29701 11 491323 36004 2.0 22 11 1 6 9% 699 204042 18748 25%
c - 65.61 75 97 30 83 30575 11 500379 37490 2.0 23 11 1 5 9% 699 204042 18748 25%
c u 66.41 62 97 30 83 31164 11 506337 41214 2.0 23 11 1 5 9% 699 204042 18748 25%
c v 66.59 62 97 30 83 31164 11 506337 36171 2.0 23 11 1 5 9% 699 204042 18748 25%
c w 66.93 62 97 30 83 31164 11 506337 35519 2.0 23 11 1 5 9% 699 204042 18748 25%
c - 68.06 62 97 30 84 31445 11 509490 32836 2.0 23 11 1 5 9% 699 204042 18748 25%
c } 68.24 62 97 31 84 31617 11 510898 34118 2.0 23 11 1 5 9% 699 204042 18748 25%
c [ 68.24 62 74 31 84 31617 1 510898 34118 2.5 68 28 1 15 18% 699 204042 18748 25%
c B 68.24 62 74 31 84 31617 1 510898 34118 2.5 68 28 1 15 18% 699 204042 18748 25%
c - 69.31 62 74 31 85 31622 1 518657 33707 2.5 68 28 1 15 17% 699 204042 18748 25%
c - 70.76 62 74 31 86 31627 1 527877 32896 2.4 68 28 1 15 17% 699 204042 18748 25%
c - 72.05 62 74 31 87 31631 1 537153 32825 2.5 67 27 1 14 17% 699 204042 18748 25%
c - 73.30 62 74 31 88 31634 1 546481 32306 2.5 67 27 1 14 17% 699 204042 18748 25%
c ] 74.07 62 74 32 88 31637 1 551604 37319 2.5 67 27 1 14 17% 699 204042 18748 25%
c
c seconds   switched      rate          size/glue  tier1  binary          remaining
c        MB   reductions    conflicts         size   tier2   irredundant
c         level    restarts        redundant     glue  trail         variables
c
c { 74.07 62 97 32 88 31637 11 551604 37319 2.0 23 11 1 5 9% 699 204042 18748 25%
c - 74.48 62 96 32 89 31998 11 555861 32806 2.1 23 11 1 5 9% 699 204042 18748 25%
c - 75.54 62 96 32 90 32805 11 565294 35842 2.1 23 11 1 5 9% 699 204042 18748 25%
c u 76.56 62 95 32 90 33498 11 571860 40744 2.1 23 11 1 5 9% 699 204042 18748 25%
c v 76.65 62 95 32 90 33498 11 571860 37084 2.1 23 11 1 5 9% 699 204042 18748 25%
c w 77.08 62 95 32 90 33498 11 571860 36177 2.1 23 11 1 5 9% 699 204042 18748 25%
c - 77.42 62 95 32 91 33766 11 574783 33585 2.1 23 11 1 5 9% 699 204042 18748 25%
c o 77.73 62 96 32 91 34102 11 578632 36971 2.1 23 11 1 5 9% 699 204042 18748 25%
c - 78.33 62 95 32 92 34679 11 584322 36481 2.1 23 11 1 5 9% 699 204042 18748 25%
c - 79.49 62 95 32 93 35670 11 593914 38888 2.1 24 11 1 5 9% 699 204042 18748 25%
c - 80.45 62 95 32 94 36461 11 603558 40487 2.1 24 11 1 5 9% 699 204042 18748 25%
c } 81.60 62 95 33 94 37399 11 612709 48549 2.1 24 11 1 5 9% 699 204042 18748 25%
c [ 81.60 62 74 33 94 37399 1 612709 48549 2.5 67 27 1 14 17% 699 204042 18748 25%
c W 81.77 62 74 33 94 37399 1 612709 48549 2.5 67 27 1 14 17% 699 204042 18748 25%
c - 81.87 62 74 33 95 37399 1 613253 41756 2.5 67 27 1 14 17% 699 204042 18748 25%
c - 83.36 62 74 33 96 37405 1 623000 40255 2.5 67 27 1 14 17% 699 204042 18748 25%
c s 84.40 62 74 33 96 37410 1 631173 48329 2.5 67 27 1 14 17% 699 203839 18748 25%
c e 84.42 62 74 33 96 37410 1 631173 48329 2.5 67 27 1 14 17% 679 203942 18737 25%
c s 84.43 62 74 33 96 37410 1 631173 48329 2.5 67 27 1 14 17% 679 203774 18737 25%
c e 84.44 62 74 33 96 37410 1 631173 48329 2.5 67 27 1 14 17% 656 203729 18724 25%
c
c seconds   switched     rate          size/glue  tier1    binary          remaining
c        MB   reductions   conflicts         size   tier2     irredundant
c         level    restarts       redundant     glue    trail         variables
c
c - 84.70 62 74 33 97 37411 1 632798 36787 2.5 67 27 1 14 17% 656 203729 18724 25%
c u 86.12 62 74 33 97 37413 1 641784 44397 2.5 67 27 1 14 17% 656 203729 18724 25%
c v 86.19 62 74 33 97 37413 1 641784 42000 2.5 67 27 1 14 17% 656 203729 18724 25%
c w 86.70 62 74 33 97 37413 1 641784 41880 2.5 67 27 1 14 17% 656 203729 18724 25%
c x 86.93 62 74 33 97 37413 1 641784 41877 2.5 67 27 1 14 17% 657 203533 18724 25%
c - 87.18 62 74 33 98 37413 1 642647 33366 2.5 67 27 1 13 17% 657 203533 18724 25%
c - 88.80 62 74 33 99 37419 1 652546 33614 2.4 67 28 1 13 17% 657 203533 18724 25%
c ] 89.93 62 74 34 99 37422 1 659505 40489 2.4 68 28 1 13 17% 657 203533 18724 25%
c { 89.93 62 95 34 99 37422 11 659505 40489 2.1 24 11 1 5 9% 657 203533 18724 25%
c - 90.19 62 95 34 100 37535 11 662495 34324 2.1 24 11 1 5 9% 657 203533 18724 25%
c - 91.06 62 93 34 101 37992 11 672495 37306 2.1 24 11 1 5 9% 657 203533 18724 25%
c - 92.23 62 92 34 102 38506 10 682544 40241 2.1 24 11 1 5 9% 657 203533 18724 25%
c o 93.04 62 92 34 102 38882 10 688634 45463 2.1 24 11 1 5 9% 657 203533 18724 25%
c - 93.42 62 92 34 103 39095 10 692643 42184 2.1 24 11 1 5 9% 657 203533 18724 25%
c - 94.61 62 92 34 104 39946 10 702792 43605 2.1 24 11 1 5 9% 657 203533 18724 25%
c - 95.82 62 90 34 105 40858 10 712990 44425 2.1 24 12 1 5 9% 657 203533 18724 25%
c u 96.34 62 90 34 105 41068 10 716149 45349 2.1 24 11 1 5 9% 657 203533 18724 25%
c v 96.45 62 90 34 105 41068 10 716149 40440 2.1 24 11 1 5 9% 657 203533 18724 25%
c w 96.79 62 90 34 105 41068 10 716149 37957 2.1 24 11 1 5 9% 657 203533 18724 25%
c - 97.62 62 90 34 106 41732 10 723238 38670 2.1 24 12 1 5 9% 657 203533 18724 25%
c
c seconds   switched       rate          size/glue  tier1  binary          remaining
c        MB   reductions     conflicts         size   tier2   irredundant
c         level     restarts        redundant     glue  trail         variables
c
c } 98.15 62 90 35 106 42130 10 727652 42415 2.1 24 12 1 5 9% 657 203533 18724 25%
c [ 98.15 62 74 35 106 42130 1 727652 42415 2.4 68 28 1 13 17% 657 203533 18724 25%
c O 98.15 62 74 35 106 42130 1 727652 42415 2.4 68 28 1 13 17% 657 203533 18724 25%
c - 98.95 62 74 35 107 42134 1 733534 41172 2.4 68 28 1 13 17% 657 203533 18724 25%
c - 100.18 62 73 35 108 42139 1 743878 40572 2.4 67 28 1 13 16% 657 203533 18724 25%
c - 101.55 62 73 35 109 42144 1 754270 39107 2.4 67 27 1 13 16% 657 203533 18724 25%
c - 103.33 62 73 35 110 42147 1 764711 39220 2.5 67 27 1 13 17% 657 203533 18724 25%
c - 104.51 62 73 35 111 42153 1 775201 39023 2.4 66 27 1 12 16% 657 203533 18724 25%
c B 105.09 62 73 35 111 42157 1 780439 44140 2.4 66 27 1 12 16% 657 203533 18724 25%
c - 105.77 62 73 35 112 42158 1 785737 38576 2.4 66 27 1 12 16% 657 203533 18724 25%
c ] 106.28 62 73 36 112 42159 1 790369 43122 2.4 66 27 1 12 16% 657 203533 18724 25%
c { 106.28 62 90 36 112 42159 10 790369 43122 2.1 24 12 1 5 9% 657 203533 18724 25%
c u 107.07 62 89 36 112 42821 10 795016 46596 2.1 24 12 1 5 9% 657 203533 18724 25%
c v 107.13 62 89 36 112 42821 10 795016 44494 2.1 24 12 1 5 9% 657 203533 18724 25%
c w 108.00 62 89 36 112 42821 10 795016 44027 2.1 24 12 1 5 9% 657 203533 18724 25%
c - 108.22 62 89 36 113 42965 10 796320 37194 2.1 24 12 1 5 9% 657 203533 18724 25%
c - 109.25 62 90 36 114 43846 10 806951 40586 2.1 24 12 1 5 9% 657 203533 18724 25%
c o 109.47 62 89 36 114 44061 10 808663 42121 2.1 25 12 1 5 9% 657 203533 18724 25%
c s 109.78 62 89 36 114 44351 10 811499 44654 2.1 25 12 1 5 9% 657 203511 18724 25%
c e 109.82 62 89 36 114 44351 10 811499 44654 2.1 25 12 1 5 9% 656 203672 18709 25%
c
c seconds    switched       rate          size/glue  tier1  binary          remaining
c         MB   reductions     conflicts         size   tier2   irredundant
c          level     restarts        redundant     glue  trail         variables
c
c s 109.82 62 89 36 114 44351 10 811499 44654 2.1 25 12 1 5 9% 656 203507 18709 25%
c e 109.84 62 89 36 114 44351 10 811499 44654 2.1 25 12 1 5 9% 656 203532 18706 25%
c - 110.49 62 90 36 115 44953 10 817629 43718 2.1 25 12 1 5 9% 656 203532 18706 25%
c - 111.71 62 90 36 116 45969 10 828352 45562 2.1 25 12 1 5 9% 656 203532 18706 25%
c - 113.08 62 90 36 117 47036 10 839122 47211 2.1 25 12 1 5 9% 656 203532 18706 25%
c - 114.46 62 90 36 118 48090 10 849940 48553 2.1 25 12 1 5 9% 656 203531 18706 25%
c - 115.92 62 91 36 119 49159 10 860802 49613 2.1 26 12 1 5 9% 656 203531 18706 25%
c } 116.53 62 91 37 119 49710 10 865925 54188 2.1 26 12 1 5 9% 656 203531 18706 25%
c [ 116.53 62 73 37 119 49710 1 865925 54188 2.4 66 27 1 12 16% 656 203531 18706 25%
c W 116.61 62 73 37 119 49710 1 865925 54188 2.4 66 27 1 12 16% 656 203531 18706 25%
c - 117.18 62 72 37 120 49714 1 871710 49379 2.4 66 27 1 12 16% 656 203531 18706 25%
c u 118.19 62 72 37 120 49717 1 878435 54257 2.4 66 27 1 12 16% 656 203531 18706 25%
c v 118.32 62 72 37 120 49717 1 878435 49177 2.4 66 27 1 12 16% 656 203531 18706 25%
c w 118.99 62 72 37 120 49717 1 878435 49089 2.4 66 27 1 12 16% 656 203531 18706 25%
c = 120.06 62 72 37 120 49717 1 878435 49089 2.4 66 27 1 12 16% 672 203531 18698 25%
c d 120.08 62 72 37 120 49717 1 878435 49088 2.4 66 27 1 12 16% 656 203531 18698 25%
c u 120.29 62 72 37 120 49717 1 878435 48900 2.4 66 27 1 12 16% 656 203531 18698 25%
c v 120.37 62 72 37 120 49717 1 878435 48055 2.4 66 27 1 12 16% 656 203531 18698 25%
c w 120.78 62 72 37 120 49717 1 878435 47523 2.4 66 27 1 12 16% 656 203531 18698 25%
c x 120.98 62 72 37 120 49717 1 878435 47520 2.4 66 27 1 12 16% 656 203260 18698 25%
c
c seconds    switched      rate          size/glue  tier1    binary          remaining
c         MB   reductions    conflicts         size   tier2     irredundant
c          level     restarts       redundant     glue    trail         variables
c
c - 121.57 62 72 37 121 49720 1 882664 41633 2.4 66 27 1 12 16% 656 203260 18698 25%
c - 123.48 62 73 37 122 49724 1 893666 41802 2.5 66 27 1 12 16% 656 203260 18698 25%
c - 124.94 62 72 37 123 49729 1 904712 41351 2.5 66 27 1 12 16% 656 203260 18698 25%
c - 126.33 62 72 37 124 49735 1 915802 41353 2.5 67 27 1 12 16% 656 203260 18698 25%
c - 128.59 62 72 37 125 49739 1 926937 42234 2.5 67 27 1 12 16% 656 203260 18698 25%
c I 128.94 62 72 37 125 49739 1 928476 43754 2.5 67 27 1 12 16% 656 203260 18698 25%
c ] 129.60 62 72 38 125 49740 1 932529 47716 2.5 67 26 1 12 17% 656 203260 18698 25%
c { 129.60 62 91 38 125 49740 10 932529 47716 2.1 26 12 1 5 9% 656 203260 18698 25%
c - 130.21 62 91 38 126 50084 10 938118 44421 2.1 26 12 1 5 9% 656 203260 18698 25%
c o 130.26 62 91 38 126 50120 10 938663 44934 2.1 26 12 1 5 9% 656 203260 18698 25%
c - 131.49 62 92 38 127 50774 10 949342 47300 2.1 26 12 1 5 9% 658 203260 18698 25%
c - 132.68 62 90 38 128 51575 10 960611 49626 2.2 26 12 1 5 10% 660 203257 18698 25%
c u 133.49 62 90 38 128 51916 10 966452 54653 2.2 27 12 1 5 10% 661 203257 18698 25%
c v 133.63 62 90 38 128 51916 10 966452 51402 2.2 27 12 1 5 10% 661 203257 18698 25%
c w 134.39 62 90 38 128 51916 10 966452 49960 2.2 27 12 1 5 10% 661 203257 18698 25%
c - 135.16 62 89 38 129 52310 9 971925 47357 2.2 27 12 1 5 10% 666 203257 18698 25%
c - 136.35 62 89 38 130 52980 9 983282 50025 2.2 27 12 1 5 10% 666 203257 18698 25%
c - 137.57 62 88 38 131 53755 9 994685 51900 2.2 27 12 1 5 10% 668 203257 18698 25%
c - 138.60 62 87 38 132 54299 9 1006130 52531 2.2 27 12 1 5 10% 668 203257 18698 25%
c } 139.81 62 86 39 132 55053 9 1015862 61784 2.3 27 12 1 5 10% 669 203257 18698 25%
c
c seconds    switched      rate           size/glue  tier1    binary          remaining
c         MB   reductions     conflicts         size   tier2     irredundant
c          level     restarts        redundant     glue    trail         variables
c
c [ 139.81 62 72 39 132 55053 1 1015862 61784 2.5 67 26 1 12 17% 669 203257 18698 25%
c B 139.81 62 72 39 132 55053 1 1015862 61784 2.5 67 26 1 12 17% 669 203257 18698 25%
c - 140.00 62 72 39 133 55054 1 1017619 52890 2.5 67 26 1 12 17% 669 203257 18698 25%
c s 140.19 62 72 39 133 55055 1 1019435 54670 2.5 67 26 1 12 16% 669 203199 18698 25%
c e 140.24 62 72 39 133 55055 1 1019435 54670 2.5 67 26 1 12 16% 668 203480 18667 25%
c s 140.25 62 72 39 133 55055 1 1019435 54670 2.5 67 26 1 12 16% 668 203253 18667 25%
c e 140.27 62 72 39 133 55055 1 1019435 54670 2.5 67 26 1 12 16% 668 203282 18663 25%
c - 141.46 63 72 39 134 55060 1 1029152 50429 2.5 67 26 1 12 16% 668 203282 18663 25%
c - 142.84 63 72 39 135 55066 1 1040729 45971 2.6 66 26 1 11 17% 668 203282 18663 25%
c - 145.19 63 73 39 136 55070 1 1052347 44915 2.6 67 26 1 11 17% 668 203282 18663 25%
c d 146.17 63 74 39 136 55074 1 1059125 51603 2.6 67 26 1 11 18% 666 203282 18662 25%
c u 146.36 63 74 39 136 55074 1 1059125 50976 2.6 67 26 1 11 18% 666 203282 18662 25%
c v 146.46 63 74 39 136 55074 1 1059125 48991 2.6 67 26 1 11 18% 667 203282 18662 25%
c w 146.97 63 74 39 136 55074 1 1059125 48911 2.6 67 26 1 11 18% 667 203282 18662 25%
c x 147.23 80 74 39 136 55074 1 1059125 48909 2.6 67 26 1 11 18% 667 203132 18662 25%
c u 147.88 80 74 39 136 55074 1 1059125 48815 2.6 67 26 1 11 18% 667 203132 18662 25%
c v 147.95 80 74 39 136 55074 1 1059125 48357 2.6 67 26 1 11 18% 667 203132 18662 25%
c w 148.85 80 74 39 136 55074 1 1059125 47885 2.6 67 26 1 11 18% 667 203132 18662 25%
c - 149.71 71 74 39 137 55077 1 1064009 42140 2.6 67 26 1 11 18% 667 203132 18662 25%
c - 151.89 72 75 39 138 55082 1 1075714 43173 2.6 68 26 1 11 19% 667 203132 18662 25%
c
c seconds    switched      rate           size/glue  tier1    binary          remaining
c         MB   reductions     conflicts         size   tier2     irredundant
c          level     restarts        redundant     glue    trail         variables
c
c ] 152.29 72 74 40 138 55082 1 1078898 46305 2.6 68 26 1 11 19% 667 203132 18662 25%
c { 152.29 72 86 40 138 55082 9 1078898 46305 2.3 27 12 1 5 10% 667 203132 18662 25%
c o 152.32 74 86 40 138 55088 9 1078929 46335 2.3 27 12 1 5 10% 667 203132 18662 25%
c - 153.11 77 86 40 139 55916 9 1087463 45964 2.3 28 12 1 5 10% 667 203132 18662 25%
c - 154.79 78 85 40 140 57675 9 1099252 48087 2.2 28 12 1 5 10% 667 203132 18662 25%
c - 156.72 78 85 40 141 59437 10 1111084 49053 2.2 28 13 1 5 10% 667 203132 18662 25%
c - 158.47 77 86 40 142 61162 10 1122959 50479 2.2 29 13 1 5 10% 667 203132 18662 25%
c - 160.13 77 87 40 143 62343 10 1134875 52067 2.2 29 13 1 5 10% 667 203132 18662 25%
c - 161.96 78 88 40 144 63486 10 1146834 53631 2.2 29 13 1 5 10% 667 203132 18662 25%
c u 163.52 78 89 40 144 64503 10 1156474 61135 2.2 29 13 1 5 10% 667 203132 18662 25%
c v 163.69 78 89 40 144 64503 10 1156474 55000 2.2 29 13 1 5 10% 669 203132 18662 25%
c w 164.64 78 89 40 144 64503 10 1156474 54211 2.2 29 13 1 5 10% 669 203132 18662 25%
c - 164.96 78 89 40 145 64757 10 1158835 48234 2.2 29 13 1 5 10% 669 203132 18662 25%
c } 166.29 76 89 41 145 65808 10 1170371 58741 2.2 30 13 1 5 10% 669 203132 18662 25%
c [ 166.29 76 74 41 145 65808 1 1170371 58741 2.6 68 26 1 11 19% 669 203132 18662 25%
c W 166.47 63 74 41 145 65808 1 1170371 58741 2.6 68 26 1 11 19% 669 203132 18662 25%
c - 166.54 63 74 41 146 65808 1 1170876 50689 2.6 68 26 1 11 19% 669 203132 18662 25%
c - 167.96 63 74 41 147 65815 1 1182960 50723 2.6 67 26 1 11 19% 669 203132 18662 25%
c - 169.65 63 75 41 148 65821 1 1195084 48732 2.6 67 25 1 11 19% 669 203132 18662 25%
c - 171.24 63 76 41 149 65825 1 1207252 48186 2.6 67 25 1 11 20% 669 203132 18662 25%
c
c seconds    switched      rate           size/glue  tier1    binary          remaining
c         MB   reductions     conflicts         size   tier2     irredundant
c          level     restarts        redundant     glue    trail         variables
c
c - 173.50 63 77 41 150 65832 1 1219458 48155 2.6 68 26 1 11 20% 669 203132 18662 25%
c - 175.16 63 77 41 151 65837 1 1231706 48922 2.6 67 26 1 11 20% 669 203132 18662 25%
c o 175.85 63 77 41 151 65838 1 1236561 53717 2.6 68 25 1 11 20% 669 203132 18662 25%
c - 177.01 63 76 41 152 65838 1 1243995 48856 2.6 68 26 1 11 20% 669 203132 18662 25%
c O 177.70 63 75 41 152 65838 1 1248800 53638 2.6 69 26 1 10 19% 669 203132 18662 25%
c s 179.04 63 75 41 152 65841 1 1256174 60941 2.6 69 26 1 10 19% 669 203088 18662 25%
c e 179.09 63 75 41 152 65841 1 1256174 60941 2.6 69 26 1 10 19% 667 203333 18632 25%
c s 179.10 63 75 41 152 65841 1 1256174 60941 2.6 69 26 1 10 19% 667 203192 18632 25%
c e 179.12 63 75 41 152 65841 1 1256174 60941 2.6 69 26 1 10 19% 667 203221 18629 25%
c - 179.19 63 75 41 153 65841 1 1256325 47292 2.6 69 26 1 10 19% 667 203221 18629 25%
c u 179.91 63 75 41 153 65843 1 1258555 48741 2.6 70 26 1 10 19% 667 203221 18629 25%
c v 179.99 63 75 41 153 65843 1 1258555 46462 2.6 70 26 1 10 19% 668 203221 18629 25%
c w 180.61 63 75 41 153 65843 1 1258555 46075 2.6 70 26 1 10 19% 668 203221 18629 25%
c x 180.91 63 75 41 153 65843 1 1258555 46073 2.6 70 26 1 10 19% 668 203034 18629 25%
c ] 180.99 63 75 42 153 65843 1 1258704 46222 2.6 70 26 1 10 19% 668 203034 18629 25%
c { 180.99 63 89 42 153 65843 10 1258704 46222 2.2 30 13 1 5 10% 668 203034 18629 25%
c - 182.10 63 89 42 154 66757 10 1268695 46425 2.2 30 13 1 5 10% 668 203034 18629 25%
c - 183.56 63 89 42 155 67894 10 1281105 50297 2.2 30 14 1 5 10% 668 203034 18629 25%
c - 185.24 63 90 42 156 69037 10 1293554 52734 2.2 31 14 1 5 10% 668 203034 18629 25%
c - 186.97 63 89 42 157 70223 10 1306043 54352 2.3 31 14 1 5 10% 668 203034 18629 25%
c
c seconds    switched       rate           size/glue  tier1   binary          remaining
c         MB   reductions      conflicts         size   tier2    irredundant
c          level     restarts         redundant     glue   trail         variables
c
c - 188.80 63 89 42 158 71484 10 1318572 55486 2.3 31 14 1 5 11% 668 203034 18629 25%
c - 190.79 63 90 42 159 72735 10 1331143 56459 2.3 32 14 1 5 11% 668 203034 18629 25%
c - 192.61 63 91 42 160 73934 10 1343752 57681 2.3 32 14 1 5 11% 668 203034 18629 25%
c - 194.52 63 91 42 161 75211 10 1356402 58422 2.3 32 14 1 5 11% 668 203034 18629 25%
c } 194.81 63 91 43 161 75452 10 1358677 60572 2.3 32 14 1 5 11% 668 203034 18629 25%
c [ 194.81 63 75 43 161 75452 1 1358677 60572 2.6 70 26 1 10 19% 668 203034 18629 25%
c B 194.81 63 75 43 161 75452 1 1358677 60572 2.6 70 26 1 10 19% 668 203034 18629 25%
c u 195.91 63 74 43 161 75457 1 1365412 65050 2.6 70 27 1 10 19% 668 203034 18629 25%
c v 196.09 63 74 43 161 75457 1 1365412 59159 2.6 70 27 1 10 19% 668 203034 18629 25%
c w 197.12 80 74 43 161 75457 1 1365412 58978 2.6 70 27 1 10 19% 668 203034 18629 25%
c = 198.65 81 74 43 161 75457 1 1365412 58978 2.6 70 27 1 10 19% 670 203034 18628 25%
c d 198.66 81 74 43 161 75457 1 1365412 58978 2.6 70 27 1 10 19% 667 203034 18628 25%
c u 198.87 81 74 43 161 75457 1 1365412 58745 2.6 70 27 1 10 19% 667 203034 18628 25%
c v 198.98 81 74 43 161 75457 1 1365412 57624 2.6 70 27 1 10 19% 667 203034 18628 25%
c w 199.99 81 74 43 161 75457 1 1365412 55513 2.6 70 27 1 10 19% 667 203034 18628 25%
c - 200.43 71 74 43 162 75458 1 1369090 48519 2.6 70 26 1 10 19% 667 203034 18628 25%
c - 202.15 72 74 43 163 75465 1 1381819 48011 2.6 70 27 1 10 18% 667 203034 18628 25%
c - 203.86 72 73 43 164 75469 1 1394586 48143 2.6 70 27 1 10 18% 667 203034 18628 25%
c o 204.22 73 73 43 164 75471 1 1396992 50514 2.6 70 27 1 10 18% 667 203034 18628 25%
c - 206.01 74 73 43 165 75476 1 1407392 49083 2.6 70 27 1 10 18% 667 203034 18628 25%
c
c seconds    switched      rate           size/glue  tier1    binary          remaining
c         MB   reductions     conflicts         size   tier2     irredundant
c          level     restarts        redundant     glue    trail         variables
c
c - 207.71 75 73 43 166 75481 1 1420237 49538 2.6 70 27 1 10 17% 667 203034 18628 25%
c - 210.79 75 73 43 167 75482 1 1433122 49570 2.6 71 27 1 10 18% 667 203034 18628 25%
c - 212.52 76 72 43 168 75486 1 1446044 49700 2.6 71 28 1 10 17% 667 203034 18628 25%
c W 213.38 63 72 43 168 75488 1 1448477 52093 2.6 71 28 1 10 17% 667 203034 18628 25%
c ] 214.26 63 72 44 168 75491 1 1455648 59183 2.5 71 28 1 10 17% 667 203034 18628 25%
c { 214.26 63 91 44 168 75491 10 1455648 59183 2.3 32 14 1 5 11% 667 203034 18628 25%
c - 214.82 63 92 44 169 75694 10 1459005 50446 2.3 32 14 1 5 11% 667 203034 18628 25%
c - 216.65 63 92 44 170 76890 10 1472005 53304 2.3 33 14 1 5 11% 667 203034 18628 25%
c u 217.55 63 92 44 170 77419 10 1477049 57466 2.3 33 14 1 5 11% 667 203034 18628 25%
c v 217.67 63 92 44 170 77419 10 1477049 54159 2.3 33 14 1 5 11% 667 203034 18628 25%
c w 218.51 63 92 44 170 77419 10 1477049 51709 2.3 33 14 1 5 11% 667 203034 18628 25%
c - 219.89 63 92 44 171 78115 10 1485043 51134 2.3 34 14 1 5 12% 667 203034 18628 25%
c - 221.93 63 92 44 172 79558 10 1498119 54415 2.3 34 15 1 5 12% 667 203034 18628 25%
c - 223.84 63 92 44 173 80805 10 1511233 56620 2.3 34 15 1 5 12% 667 203034 18628 25%
c s 225.75 63 93 44 173 81877 10 1522917 67580 2.4 35 15 1 5 12% 667 203020 18628 25%
c e 225.80 63 93 44 173 81877 10 1522917 67580 2.4 35 15 1 5 12% 661 203178 18611 25%
c s 225.80 63 93 44 173 81877 10 1522917 67580 2.4 35 15 1 5 12% 661 203083 18611 25%
c e 225.82 63 93 44 173 81877 10 1522917 67580 2.4 35 15 1 5 12% 659 203095 18610 25%
c - 226.09 63 93 44 174 82059 10 1524386 58341 2.4 35 15 1 5 12% 659 203095 18610 25%
c - 228.16 63 93 44 175 83512 10 1537577 59394 2.4 35 15 1 5 12% 659 203095 18610 25%
c
c seconds    switched       rate           size/glue  tier1   binary          remaining
c         MB   reductions      conflicts         size   tier2    irredundant
c          level     restarts         redundant     glue   trail         variables
c
c - 230.14 79 94 44 176 84686 10 1550805 60420 2.4 35 15 1 5 12% 659 203095 18610 25%
c - 232.34 80 94 44 177 85694 10 1564071 61423 2.4 36 15 1 5 12% 659 203095 18610 25%
c } 232.38 71 94 45 177 85720 10 1564479 61816 2.4 36 15 1 5 12% 659 203095 18610 25%
c [ 232.38 71 72 45 177 85720 1 1564479 61816 2.5 71 28 1 10 17% 659 203095 18610 25%
c I 232.38 71 72 45 177 85720 1 1564479 61816 2.5 71 28 1 10 17% 659 203095 18610 25%
c o 233.17 75 72 45 177 85723 1 1568621 65907 2.6 71 28 1 10 17% 659 203095 18610 25%
c - 235.12 76 72 45 178 85727 1 1577375 60743 2.6 71 27 1 10 17% 659 203095 18610 25%
c - 237.76 77 72 45 179 85734 1 1590716 57948 2.7 71 27 1 9 18% 659 203095 18610 25%
c u 238.28 64 72 45 179 85734 1 1593543 58876 2.7 71 26 1 9 18% 659 203095 18610 25%
c v 238.41 64 72 45 179 85734 1 1593543 54424 2.7 71 26 1 9 18% 660 203095 18610 25%
c w 239.09 64 72 45 179 85734 1 1593543 52576 2.7 71 26 1 9 18% 660 203095 18610 25%
c x 239.46 64 72 45 179 85734 1 1593543 52574 2.7 71 26 1 9 18% 660 202980 18610 25%
c - 241.23 64 72 45 180 85740 1 1604098 51343 2.7 71 26 1 9 18% 660 202980 18610 25%
c - 243.59 64 71 45 181 85747 1 1617514 52565 2.8 72 26 1 9 18% 660 202980 18610 25%
c - 246.04 64 71 45 182 85750 1 1630967 53428 2.8 72 25 1 9 19% 660 202980 18610 25%
c - 248.46 64 71 45 183 85750 1 1644459 54233 2.9 71 25 1 9 19% 660 202980 18610 25%
c - 250.88 64 71 45 184 85757 1 1657988 54407 2.9 71 25 1 9 19% 660 202980 18610 25%
c ] 250.99 64 71 46 184 85757 1 1658521 54939 2.9 71 25 1 9 19% 660 202980 18610 25%
c { 250.99 64 94 46 184 85757 10 1658521 54939 2.4 36 15 1 5 12% 660 202980 18610 25%
c - 252.85 64 94 46 185 86938 9 1671552 56834 2.4 36 15 1 5 12% 660 202980 18610 25%
c
c seconds    switched      rate           size/glue  tier1   binary          remaining
c         MB   reductions     conflicts         size   tier2    irredundant
c          level     restarts        redundant     glue   trail         variables
c
c - 254.77 64 94 46 186 88008 9 1685155 58850 2.4 37 15 1 4 13% 660 202980 18610 25%
c - 256.76 64 95 46 187 88970 9 1698793 60416 2.4 37 15 1 4 13% 660 202980 18610 25%
c - 258.84 80 95 46 188 90419 9 1712467 61399 2.4 37 15 1 4 13% 660 202980 18610 25%
c u 259.38 76 96 46 188 90594 9 1714918 62425 2.4 37 15 1 4 13% 660 202980 18610 25%
c v 259.53 76 96 46 188 90594 9 1714918 58037 2.4 37 15 1 4 13% 660 202980 18610 25%
c w 260.04 77 96 46 188 90594 9 1714918 55130 2.4 37 15 1 4 13% 660 202980 18610 25%
c - 261.67 78 95 46 189 91529 9 1726178 56040 2.4 37 15 1 4 13% 660 202980 18610 25%
c - 263.86 79 95 46 190 92647 9 1739925 58777 2.4 37 15 1 4 13% 660 202980 18610 25%
c o 265.19 79 95 46 190 93260 9 1748627 67081 2.4 38 16 1 4 13% 660 202980 18610 25%
c - 266.06 79 94 46 191 93743 9 1753711 60518 2.4 38 16 1 4 13% 660 202980 18610 25%
c - 268.43 80 96 46 192 94877 9 1767531 61884 2.4 38 16 1 4 13% 660 202980 18610 25%
c } 269.87 80 96 47 192 95768 9 1776565 70411 2.4 38 16 1 4 13% 660 202980 18610 25%
c [ 269.87 80 71 47 192 95768 1 1776565 70411 2.9 71 25 1 9 19% 660 202980 18610 25%
c B 269.87 80 71 47 192 95768 1 1776565 70411 2.9 71 25 1 9 19% 660 202980 18610 25%
c - 270.88 80 71 47 193 95771 1 1781387 62403 2.9 72 25 1 9 19% 660 202980 18610 25%
c - 272.98 80 71 47 194 95780 1 1795279 60716 2.8 72 25 1 9 19% 660 202980 18610 25%
c - 274.77 72 70 47 195 95782 1 1809207 57598 2.8 71 26 1 9 18% 660 202980 18610 25%
c s 276.55 75 70 47 195 95789 1 1820778 68994 2.8 71 26 1 9 18% 660 202969 18610 25%
c e 276.58 77 70 47 195 95789 1 1820778 68994 2.8 71 26 1 9 18% 660 203066 18598 25%
c s 276.59 77 70 47 195 95789 1 1820778 68994 2.8 71 26 1 9 18% 660 203001 18598 25%
c
c seconds    switched      rate           size/glue  tier1   binary          remaining
c         MB   reductions     conflicts         size   tier2    irredundant
c          level     restarts        redundant     glue   trail         variables
c
c e 276.60 77 70 47 195 95789 1 1820778 68994 2.8 71 26 1 9 18% 660 203017 18597 25%
c - 276.90 77 70 47 196 95791 1 1823171 56911 2.7 71 26 1 9 18% 660 203017 18597 25%
c - 279.52 78 70 47 197 95797 1 1837172 57269 2.7 71 26 1 9 17% 660 203017 18597 25%
c u 280.32 78 70 47 197 95797 1 1841201 59843 2.7 71 26 1 9 17% 660 203017 18597 25%
c v 280.41 78 70 47 197 95797 1 1841201 57525 2.7 71 26 1 9 17% 660 203017 18597 25%
c w 281.35 79 70 47 197 95797 1 1841201 55218 2.7 71 26 1 9 17% 660 203017 18597 25%
c - 285.05 80 70 47 198 95798 1 1851207 52571 2.7 72 27 1 9 17% 660 203017 18597 25%
c - 287.22 73 69 47 199 95803 1 1865278 53636 2.7 73 27 1 9 17% 660 203017 18597 25%
c - 289.95 74 69 47 200 95811 1 1879385 55516 2.7 73 27 1 9 17% 660 203017 18597 25%
c W 290.70 64 69 47 200 95813 1 1884551 60641 2.7 73 27 1 9 17% 660 203017 18597 25%
c - 292.07 64 69 47 201 95815 1 1893528 55851 2.7 73 27 1 9 17% 660 203017 18597 25%
c ] 292.26 64 69 48 201 95816 1 1894891 57197 2.7 73 27 1 9 17% 660 203017 18597 25%
c { 292.26 64 96 48 201 95816 9 1894891 57197 2.4 38 16 1 4 13% 660 203017 18597 25%
c - 294.26 64 95 48 202 96928 9 1907706 57535 2.4 38 16 1 4 13% 660 203017 18597 25%
c - 296.46 64 94 48 203 97836 9 1921918 60580 2.5 39 16 1 4 13% 660 203017 18597 25%
c - 298.71 80 94 48 204 98817 8 1936166 62391 2.5 40 16 1 4 13% 660 203017 18597 25%
c o 299.22 76 93 48 204 98927 8 1938648 64712 2.5 40 16 1 4 13% 660 203017 18597 25%
c - 301.13 79 94 48 205 99763 8 1950449 63825 2.5 40 16 1 4 13% 660 203017 18597 25%
c - 303.30 79 94 48 206 100843 8 1964766 65045 2.5 40 16 1 4 13% 660 203017 18597 25%
c u 304.65 79 93 48 206 101438 8 1972418 70902 2.5 41 16 1 4 13% 660 203017 18597 25%
c
c seconds    switched       rate           size/glue  tier1   binary          remaining
c         MB   reductions      conflicts         size   tier2    irredundant
c          level      restarts        redundant     glue   trail         variables
c
c v 304.80 79 93 48 206 101438 8 1972418 66073 2.5 41 16 1 4 13% 660 203017 18597 25%
c w 306.03 80 93 48 206 101438 8 1972418 65068 2.5 41 16 1 4 13% 660 203017 18597 25%
c - 307.19 80 93 48 207 101779 8 1979118 60298 2.5 41 16 1 4 13% 660 203017 18597 25%
c - 309.58 80 93 48 208 102546 8 1993507 62265 2.6 42 16 1 4 14% 660 203017 18597 25%
c - 311.87 79 94 48 209 103330 8 2007930 64189 2.6 42 16 1 4 14% 660 203017 18597 25%
c - 314.38 79 94 48 210 104127 7 2022387 65390 2.6 42 16 1 4 14% 660 203017 18597 25%
c } 314.40 79 94 49 210 104146 7 2022502 65504 2.6 42 16 1 4 14% 660 203017 18597 25%
c [ 314.40 79 69 49 210 104146 1 2022502 65504 2.7 73 27 1 9 17% 660 203017 18597 25%
c O 314.40 79 69 49 210 104146 1 2022502 65504 2.7 73 27 1 9 17% 660 203017 18597 25%
c - 317.11 80 70 49 211 104154 1 2036878 64076 2.7 73 27 1 9 17% 660 203017 18597 25%
c - 319.44 80 69 49 212 104160 1 2051403 61454 2.8 73 26 1 9 17% 660 203017 18597 25%
c - 322.34 74 69 49 213 104167 1 2065965 60067 2.8 73 26 1 8 17% 660 203017 18597 25%
c - 324.81 75 69 49 214 104175 1 2080559 59757 2.8 73 26 1 8 17% 660 203017 18597 25%
c - 327.85 75 69 49 215 104176 1 2095188 59561 2.9 75 26 1 8 18% 660 203017 18597 25%
c u 330.72 78 69 49 215 104179 1 2108619 71491 2.9 76 26 1 8 18% 660 203017 18597 25%
c v 330.83 78 69 49 215 104179 1 2108619 68858 2.9 76 26 1 8 18% 660 203017 18597 25%
c w 332.76 81 69 49 215 104179 1 2108619 68651 2.9 76 26 1 8 18% 660 203017 18597 25%
c - 333.00 72 69 49 216 104180 1 2109852 55907 2.9 76 26 1 8 18% 660 203017 18597 25%
c - 335.78 74 70 49 217 104189 1 2124548 56999 2.9 75 26 1 8 18% 660 203017 18597 25%
c ] 337.89 75 69 50 217 104192 1 2138656 70935 2.9 75 26 1 8 18% 660 203017 18597 25%
c
c seconds    switched       rate           size/glue  tier1   binary          remaining
c         MB   reductions      conflicts         size   tier2    irredundant
c          level      restarts        redundant     glue   trail         variables
c
c { 337.89 75 94 50 217 104192 7 2138656 70935 2.6 42 16 1 4 14% 660 203017 18597 25%
c o 337.94 77 94 50 217 104197 7 2138746 71012 2.6 42 16 1 4 14% 660 203017 18597 25%
c - 338.05 78 94 50 218 104211 7 2139279 57922 2.6 42 16 1 4 14% 660 203017 18597 25%
c s 340.05 80 93 50 218 104545 7 2150853 68679 2.7 42 16 1 4 15% 660 203006 18597 25%
c e 340.06 80 93 50 218 104545 7 2150853 68679 2.7 42 16 1 4 15% 660 203022 18596 25%
c s 340.07 80 93 50 218 104545 7 2150853 68679 2.7 42 16 1 4 15% 660 203002 18596 25%
c - 340.48 81 93 50 219 104579 7 2154043 60512 2.7 43 16 1 4 15% 660 203002 18596 25%
c - 342.69 81 92 50 220 105167 7 2168842 63252 2.7 42 16 1 4 14% 660 203002 18596 25%
c - 345.08 79 91 50 221 105634 6 2183676 65184 2.7 42 16 1 4 14% 660 203002 18596 25%
c - 347.51 80 91 50 222 106069 6 2198543 66793 2.7 42 15 1 4 14% 660 203002 18596 25%
c - 350.79 80 90 50 223 106453 6 2213443 68419 2.9 44 15 1 4 16% 660 203002 18596 25%
c - 353.14 81 89 50 224 107059 6 2228377 69356 2.9 44 15 1 4 15% 660 203002 18596 25%
c - 355.76 81 89 50 225 107807 6 2243344 69796 2.9 43 15 1 4 15% 660 203002 18596 25%
c u 357.11 81 89 50 225 108067 6 2249831 73137 2.8 43 15 1 4 15% 661 203002 18596 25%
c v 357.27 81 89 50 225 108067 6 2249831 67765 2.8 43 15 1 4 15% 661 203002 18596 25%
c w 358.19 81 89 50 225 108067 6 2249831 66577 2.8 43 15 1 4 15% 661 203002 18596 25%
c x 358.61 82 89 50 225 108067 6 2249831 66575 2.8 43 15 1 4 15% 661 202923 18596 25%
c - 360.02 79 89 50 226 108470 6 2258344 63887 2.8 42 15 1 4 15% 661 202923 18596 25%
c - 362.48 80 89 50 227 109444 6 2273379 66506 2.8 41 15 1 4 14% 661 202923 18596 25%
c } 362.98 80 88 51 227 109587 6 2276182 69152 2.8 41 15 1 4 14% 661 202923 18596 25%
c
c seconds    switched       rate           size/glue  tier1   binary          remaining
c         MB   reductions      conflicts         size   tier2    irredundant
c          level      restarts        redundant     glue   trail         variables
c
c [ 362.98 80 69 51 227 109587 1 2276182 69152 2.9 75 26 1 8 18% 661 202923 18596 25%
c B 362.98 80 69 51 227 109587 1 2276182 69152 2.9 75 26 1 8 18% 661 202923 18596 25%
c - 364.72 80 70 51 228 109593 1 2288446 66341 2.9 75 26 1 8 17% 661 202923 18596 25%
c - 367.98 81 70 51 229 109601 1 2303546 64058 2.9 75 26 1 8 18% 661 202923 18596 25%
c - 370.39 81 70 51 230 109608 1 2318678 62819 2.8 75 27 1 8 17% 661 202923 18596 25%
c - 372.89 74 70 51 231 109615 1 2333843 62253 2.8 74 27 1 8 17% 661 202923 18596 25%
c - 375.31 75 70 51 232 109617 1 2349041 62331 2.7 74 27 1 8 17% 661 202923 18596 25%
c o 377.19 75 70 51 232 109619 1 2359757 72958 2.7 74 27 1 8 17% 661 202923 18596 25%
c - 378.05 76 70 51 233 109622 1 2364273 62456 2.7 74 27 1 8 17% 661 202923 18596 25%
c - 380.36 77 70 51 234 109631 1 2379537 62722 2.7 74 27 1 8 16% 661 202923 18596 25%
c - 382.92 77 69 51 235 109635 1 2394836 62674 2.7 74 28 1 8 16% 661 202923 18596 25%
c u 383.46 78 69 51 235 109636 1 2396100 62672 2.7 74 27 1 8 16% 661 202923 18596 25%
c v 383.55 78 69 51 235 109636 1 2396100 60641 2.7 74 27 1 8 16% 661 202923 18596 25%
c w 383.98 79 69 51 235 109636 1 2396100 59149 2.7 74 27 1 8 16% 661 202923 18596 25%
c W 385.90 64 70 51 235 109639 1 2403651 66645 2.7 74 27 1 8 17% 661 202923 18596 25%
c - 387.00 64 70 51 236 109644 1 2410165 59857 2.7 74 27 1 8 17% 661 202923 18596 25%
c ] 389.17 64 70 52 236 109647 1 2423770 73229 2.7 73 27 1 8 16% 661 202923 18596 25%
c { 389.17 64 88 52 236 109647 6 2423770 73229 2.8 41 15 1 4 14% 661 202923 18596 25%
c - 389.50 64 88 52 237 109835 6 2425527 61383 2.7 41 15 1 4 14% 661 202923 18596 25%
c - 392.18 81 89 52 238 111006 6 2440921 64083 2.7 41 15 1 4 14% 661 202923 18596 25%
c
c seconds    switched       rate           size/glue  tier1   binary          remaining
c         MB   reductions      conflicts         size   tier2    irredundant
c          level      restarts        redundant     glue   trail         variables
c
c - 394.75 79 90 52 239 112169 7 2456348 66932 2.7 42 15 1 4 15% 661 202923 18596 25%
c - 396.86 80 90 52 240 113527 7 2471808 68349 2.7 42 16 1 4 15% 661 202923 18596 25%
c - 399.26 80 91 52 241 114800 7 2487299 69688 2.7 42 16 1 4 14% 661 202923 18596 25%
c - 401.43 81 91 52 242 116006 7 2502823 70799 2.6 42 16 1 4 14% 661 202923 18596 25%
c s 403.55 81 91 52 242 116909 7 2514164 81699 2.6 42 16 1 4 14% 661 202911 18596 25%
c e 403.59 72 91 52 242 116909 7 2514164 81699 2.6 42 16 1 4 14% 661 202959 18588 25%
c s 403.59 72 91 52 242 116909 7 2514164 81699 2.6 42 16 1 4 14% 661 202924 18588 25%
c - 404.45 79 91 52 243 117259 7 2518380 71615 2.6 42 16 1 4 14% 661 202924 18588 25%
c - 407.08 80 91 52 244 118196 7 2533968 72761 2.6 42 16 1 4 14% 661 202924 18588 25%
c u 409.75 81 91 52 244 119178 7 2547430 83445 2.6 43 16 1 4 14% 661 202924 18588 25%
c v 410.01 81 91 52 244 119178 7 2547430 77776 2.6 43 16 1 4 14% 661 202924 18588 25%
c w 411.69 82 91 52 244 119178 7 2547430 77243 2.6 43 16 1 4 14% 661 202924 18588 25%
c - 412.16 77 91 52 245 119302 7 2549588 66896 2.6 43 16 1 4 14% 661 202924 18588 25%
c - 414.97 80 92 52 246 120289 7 2565241 68897 2.6 43 16 1 4 15% 661 202924 18588 25%
c } 416.17 80 93 53 246 120686 7 2571557 74846 2.6 42 16 1 4 15% 661 202924 18588 25%
c [ 416.17 80 70 53 246 120686 1 2571557 74846 2.7 73 27 1 8 16% 661 202924 18588 25%
c I 416.17 80 70 53 246 120686 1 2571557 74846 2.7 73 27 1 8 16% 661 202924 18588 25%
c - 417.72 80 70 53 247 120692 1 2580925 69881 2.7 73 27 1 8 17% 661 202924 18588 25%
c - 420.06 81 71 53 248 120700 1 2596641 67658 2.6 73 28 1 8 16% 661 202924 18588 25%
c o 421.13 81 70 53 248 120701 1 2604672 75549 2.6 72 28 1 8 16% 661 202924 18588 25%
c
c seconds    switched       rate           size/glue  tier1   binary          remaining
c         MB   reductions      conflicts         size   tier2    irredundant
c          level      restarts        redundant     glue   trail         variables
c
c - 422.12 81 70 53 249 120706 1 2612390 66246 2.6 71 27 1 8 16% 661 202924 18588 25%
c - 424.84 75 70 53 250 120714 1 2628170 67030 2.6 71 27 1 8 16% 661 202924 18588 25%
c - 428.04 76 69 53 251 120716 1 2643981 66466 2.7 71 26 1 8 17% 661 202924 18588 25%
c - 431.34 78 69 53 252 120721 1 2659823 67030 2.8 72 26 1 8 18% 661 202924 18588 25%
c - 434.28 78 70 53 253 120730 1 2675698 67377 2.8 73 26 1 8 18% 661 202924 18588 25%
c - 437.46 79 71 53 254 120735 1 2691605 66621 2.9 74 26 1 8 18% 661 202924 18588 25%
c u 440.07 81 71 53 254 120742 1 2703870 77748 2.9 75 26 1 8 18% 661 202924 18588 25%
c v 440.28 81 71 53 254 120742 1 2703870 75276 2.9 75 26 1 8 18% 661 202924 18588 25%
c w 442.37 83 71 53 254 120742 1 2703870 74981 2.9 75 26 1 8 18% 661 202924 18588 25%
c = 445.01 84 71 53 254 120742 1 2703870 74981 2.9 75 26 1 8 18% 687 202924 18575 25%
c d 445.03 84 71 53 254 120742 1 2703870 74975 2.9 75 26 1 8 18% 659 202924 18575 25%
c t 445.05 84 71 53 254 120742 1 2703870 74975 2.9 75 26 1 8 18% 653 202924 18575 25%
c u 445.37 65 71 53 254 120742 1 2703870 74827 2.9 75 26 1 8 18% 653 202924 18575 25%
c v 445.46 65 71 53 254 120742 1 2703870 74383 2.9 75 26 1 8 18% 654 202924 18575 25%
c w 447.59 65 71 53 254 120742 1 2703870 73548 2.9 75 26 1 8 18% 654 202924 18575 25%
c - 448.16 65 71 53 255 120744 1 2707543 63146 2.9 75 26 1 8 18% 654 202924 18575 25%
c B 448.89 65 71 53 255 120746 1 2712705 68260 2.9 74 26 1 8 18% 654 202924 18575 25%
c ] 449.59 65 71 54 255 120746 1 2716321 71849 2.9 74 26 1 8 18% 654 202924 18575 25%
c { 449.59 65 93 54 255 120746 7 2716321 71849 2.6 42 16 1 4 15% 654 202924 18575 25%
c - 450.53 82 92 54 256 120820 7 2723511 65240 2.6 42 16 1 4 15% 654 202924 18575 25%
c
c seconds    switched       rate           size/glue  tier1   binary          remaining
c         MB   reductions      conflicts         size   tier2    irredundant
c          level      restarts        redundant     glue   trail         variables
c
c - 452.03 79 89 54 257 120950 6 2739513 67877 2.7 42 16 1 4 14% 655 202924 18575 25%
c - 453.51 81 88 54 258 121089 6 2755544 70452 2.7 42 15 1 4 15% 657 202924 18575 25%
c - 454.90 81 85 54 259 121273 5 2771606 71504 2.7 41 15 1 4 14% 658 202924 18575 25%
c - 456.81 82 86 54 260 121550 5 2787699 71823 2.7 41 15 1 4 15% 658 202924 18575 25%
c - 458.60 83 86 54 261 121809 5 2803824 73083 2.8 40 15 1 4 15% 658 202924 18575 25%
c - 460.58 80 85 54 262 122278 5 2819979 73878 2.8 40 15 1 4 15% 659 202924 18575 25%
c o 462.44 81 85 54 262 122790 5 2834741 88027 2.7 40 14 1 4 15% 661 202924 18575 25%
c - 462.65 81 85 54 263 122827 5 2836167 74268 2.7 39 14 1 4 14% 662 202924 18575 25%
c - 464.60 82 84 54 264 123247 5 2852384 74678 2.7 39 14 1 4 15% 664 202924 18575 25%
c u 466.23 82 83 54 264 123582 5 2865422 86043 2.7 39 14 1 4 15% 666 202924 18575 25%
c v 466.43 82 83 54 264 123582 5 2865422 81597 2.7 39 14 1 4 15% 670 202924 18575 25%
c w 467.37 83 83 54 264 123582 5 2865422 80343 2.7 39 14 1 4 15% 670 202924 18575 25%
c - 467.78 78 83 54 265 123689 5 2868632 70249 2.7 39 14 1 4 15% 670 202924 18575 25%
c } 468.57 79 84 55 265 123939 5 2874716 76048 2.7 38 14 1 4 14% 670 202924 18575 25%
c [ 468.57 79 71 55 265 123939 1 2874716 76048 2.9 74 26 1 8 18% 670 202924 18575 25%
c W 468.92 65 71 55 265 123939 1 2874716 76048 2.9 74 26 1 8 18% 670 202924 18575 25%
c - 470.60 65 71 55 266 123945 1 2884911 70589 2.9 74 26 1 8 18% 670 202924 18575 25%
c - 474.46 65 71 55 267 123953 1 2901220 68255 2.9 74 26 1 7 19% 670 202924 18575 25%
c s 476.66 65 72 55 267 123956 1 2911697 78660 2.9 74 26 1 7 19% 670 202919 18575 25%
c s 476.67 65 72 55 267 123956 1 2911697 78660 2.9 74 26 1 7 19% 670 202918 18575 25%
c
c seconds    switched       rate           size/glue  tier1   binary          remaining
c         MB   reductions      conflicts         size   tier2    irredundant
c          level      restarts        redundant     glue   trail         variables
c
c - 477.74 65 72 55 268 123960 1 2917561 66412 2.9 74 26 1 7 19% 670 202918 18575 25%
c - 480.75 65 72 55 269 123968 1 2933931 65909 2.8 74 26 1 7 18% 670 202918 18575 25%
c - 483.69 65 71 55 270 123969 1 2950332 65988 2.8 75 27 1 7 18% 670 202918 18575 25%
c - 486.83 65 71 55 271 123976 1 2966764 65899 2.8 75 27 1 7 18% 670 202918 18575 25%
c ] 486.98 65 71 56 271 123976 1 2967742 66871 2.8 75 27 1 7 18% 670 202918 18575 25%
c { 486.98 65 84 56 271 123976 5 2967742 66871 2.7 38 14 1 4 14% 670 202918 18575 25%
c - 489.38 79 84 56 272 125660 5 2983227 68300 2.7 38 14 1 4 14% 670 202918 18575 25%
c - 492.02 81 85 56 273 127416 6 2999720 71174 2.6 38 15 1 4 14% 670 202918 18575 25%
c - 494.93 81 85 56 274 129158 7 3016242 72919 2.5 38 15 1 4 13% 670 202918 18575 25%
c u 496.88 82 84 56 274 129937 7 3032137 86385 2.5 38 15 1 4 13% 670 202918 18575 25%
c v 497.05 82 84 56 274 129937 7 3032137 81558 2.5 38 15 1 4 13% 670 202918 18575 25%
c w 498.03 83 84 56 274 129937 7 3032137 80504 2.5 38 15 1 4 13% 670 202918 18575 25%
c x 498.46 74 84 56 274 129937 7 3032137 80502 2.5 38 15 1 4 13% 671 202817 18575 25%
c = 501.15 76 84 56 274 129937 7 3032137 80502 2.5 38 15 1 4 13% 677 202817 18572 25%
c d 501.17 76 84 56 274 129937 7 3032137 80502 2.5 38 15 1 4 13% 670 202817 18572 25%
c u 501.46 78 84 56 274 129937 7 3032137 80292 2.5 38 15 1 4 13% 670 202817 18572 25%
c v 501.57 78 84 56 274 129937 7 3032137 79451 2.5 38 15 1 4 13% 670 202817 18572 25%
c w 503.27 81 84 56 274 129937 7 3032137 75200 2.5 38 15 1 4 13% 670 202817 18572 25%
c - 503.42 81 84 56 275 129986 7 3032796 64958 2.5 38 15 1 4 13% 670 202817 18572 25%
c - 506.15 82 84 56 276 131508 7 3049379 68017 2.5 38 15 1 4 13% 670 202817 18572 25%
c
c seconds    switched       rate           size/glue  tier1   binary          remaining
c         MB   reductions      conflicts         size   tier2    irredundant
c          level      restarts        redundant     glue   trail         variables
c
c - 509.10 82 85 56 277 132928 7 3065992 70566 2.5 39 15 1 4 13% 670 202817 18572 25%
c o 510.58 79 86 56 277 133717 7 3075143 79234 2.5 39 15 1 4 13% 670 202817 18572 25%
c - 511.78 80 87 56 278 134295 7 3082635 72285 2.5 39 16 1 4 13% 670 202817 18572 25%
c - 513.95 81 85 56 279 135099 7 3099310 73333 2.6 40 15 1 4 13% 670 202817 18572 25%
c - 516.93 82 86 56 280 136593 7 3116014 74235 2.6 41 16 1 4 13% 670 202817 18572 25%
c - 520.72 82 87 56 281 137948 7 3132747 75495 2.6 41 16 1 4 13% 670 202817 18572 25%
c } 521.44 82 87 57 281 138359 7 3137086 79635 2.6 41 16 1 4 13% 670 202817 18572 25%
c [ 521.44 82 71 57 281 138359 1 3137086 79635 2.8 75 27 1 7 18% 670 202817 18572 25%
c O 521.44 82 71 57 281 138359 1 3137086 79635 2.8 75 27 1 7 18% 670 202817 18572 25%
c - 524.65 82 71 57 282 138366 1 3149511 75041 2.8 77 27 1 7 18% 670 202817 18572 25%
c - 528.13 76 71 57 283 138373 1 3166303 72543 2.9 77 27 1 7 19% 670 202817 18572 25%
c - 531.08 77 71 57 284 138381 1 3183126 70597 2.8 77 27 1 7 18% 670 202817 18572 25%
c - 534.14 77 71 57 285 138388 1 3199978 69947 2.8 78 28 1 7 18% 670 202817 18572 25%
c u 535.12 79 71 57 285 138389 1 3204036 72265 2.8 78 28 1 7 17% 670 202817 18572 25%
c v 535.22 79 71 57 285 138389 1 3204036 69530 2.8 78 28 1 7 17% 670 202817 18572 25%
c w 536.18 80 71 57 285 138389 1 3204036 68031 2.8 78 28 1 7 17% 670 202817 18572 25%
c - 538.47 81 71 57 286 138389 1 3216860 65810 2.8 77 27 1 7 17% 670 202817 18572 25%
c - 542.16 81 71 57 287 138398 1 3233772 67192 2.8 79 28 1 7 18% 670 202817 18572 25%
c - 545.21 81 71 57 288 138404 1 3250715 67965 2.8 79 28 1 7 17% 670 202817 18572 25%
c - 548.64 82 72 57 289 138414 1 3267685 68352 2.8 78 28 1 7 18% 670 202817 18572 25%
c
c seconds    switched       rate           size/glue  tier1   binary          remaining
c         MB   reductions      conflicts         size   tier2    irredundant
c          level      restarts        redundant     glue   trail         variables
c
c ] 551.44 82 72 58 289 138419 1 3282966 83471 2.8 78 28 1 7 17% 670 202817 18572 25%
c { 551.44 82 87 58 289 138419 7 3282966 83471 2.6 41 16 1 4 13% 670 202817 18572 25%
c - 551.69 82 87 58 290 138486 7 3284685 69045 2.6 41 16 1 4 13% 670 202817 18572 25%
c - 554.51 81 87 58 291 139395 7 3301715 71322 2.6 42 16 1 4 14% 670 202817 18572 25%
c - 557.45 82 87 58 292 140524 7 3318773 73828 2.6 42 16 1 4 14% 670 202817 18572 25%
c o 558.57 82 88 58 292 140990 7 3325146 79954 2.6 43 16 1 4 14% 670 202817 18572 25%
c - 560.54 82 88 58 293 141856 7 3335861 75133 2.6 43 16 1 4 14% 670 202817 18572 25%
c s 561.88 82 89 58 293 142481 7 3344448 83245 2.6 43 16 1 4 14% 670 202813 18572 25%
c e 561.91 74 89 58 293 142481 7 3344448 83245 2.6 43 16 1 4 14% 670 202875 18558 25%
c s 561.91 74 89 58 293 142481 7 3344448 83245 2.6 43 16 1 4 14% 670 202842 18558 25%
c e 561.92 74 89 58 293 142481 7 3344448 83245 2.6 43 16 1 4 14% 670 202836 18557 25%
c - 563.22 80 88 58 294 143101 7 3352980 76298 2.6 43 16 1 4 14% 670 202836 18557 25%
c - 566.05 82 89 58 295 143857 7 3370126 77186 2.7 44 16 1 4 14% 670 202836 18557 25%
c u 568.61 82 89 58 295 144370 7 3381146 86087 2.7 44 16 1 4 15% 670 202836 18557 25%
c v 568.79 82 89 58 295 144370 7 3381146 80726 2.7 44 16 1 4 15% 670 202836 18557 25%
c w 570.92 83 89 58 295 144370 7 3381146 80049 2.7 44 16 1 4 15% 670 202836 18557 25%
c - 572.08 83 89 58 296 144673 7 3387301 72020 2.7 45 16 1 4 15% 670 202836 18557 25%
c - 575.25 81 89 58 297 145410 6 3404505 74332 2.8 46 16 1 4 16% 670 202836 18557 25%
c - 578.16 82 89 58 298 146572 7 3421738 75989 2.8 46 16 1 4 15% 670 202836 18557 25%
c - 580.37 82 88 58 299 147656 7 3439000 77243 2.8 45 16 1 4 15% 670 202836 18557 25%
c
c seconds    switched       rate           size/glue  tier1   binary          remaining
c         MB   reductions      conflicts         size   tier2    irredundant
c          level      restarts        redundant     glue   trail         variables
c
c - 584.05 83 89 58 300 148526 6 3456293 78467 2.8 46 16 1 4 16% 670 202836 18557 25%
c } 585.37 80 89 59 300 148969 6 3463597 85447 2.8 46 16 1 4 16% 670 202836 18557 25%
c [ 585.37 80 72 59 300 148969 1 3463597 85447 2.8 78 28 1 7 17% 670 202836 18557 25%
c B 585.37 80 72 59 300 148969 1 3463597 85447 2.8 78 28 1 7 17% 670 202836 18557 25%
c - 587.81 81 72 59 301 148975 1 3473613 78267 2.8 78 28 1 7 18% 670 202836 18557 25%
c - 591.14 81 72 59 302 148983 1 3490962 75896 2.8 78 28 1 7 18% 670 202836 18557 25%
c - 595.05 82 72 59 303 148990 1 3508342 73474 2.8 78 28 1 7 18% 670 202836 18557 25%
c - 598.47 82 72 59 304 148998 1 3525748 72936 2.7 78 28 1 7 17% 670 202836 18557 25%
c - 601.53 83 72 59 305 148999 1 3543183 72453 2.7 78 28 1 7 17% 670 202836 18557 25%
c - 603.95 74 72 59 306 149009 1 3560647 72312 2.7 77 28 1 7 17% 670 202836 18557 25%
c u 604.67 78 72 59 306 149011 1 3563495 73434 2.7 77 28 1 7 17% 670 202836 18557 25%
c v 604.76 78 72 59 306 149011 1 3563495 71114 2.7 77 28 1 7 17% 670 202836 18557 25%
c w 605.42 79 72 59 306 149011 1 3563495 69647 2.7 77 28 1 7 17% 670 202836 18557 25%
c = 608.66 80 72 59 306 149011 1 3563495 69647 2.7 77 28 1 7 17% 688 202836 18548 25%
c d 608.67 80 72 59 306 149011 1 3563495 69643 2.7 77 28 1 7 17% 669 202836 18548 25%
c t 608.69 80 72 59 306 149011 1 3563495 69643 2.7 77 28 1 7 17% 663 202836 18548 25%
c u 608.95 80 72 59 306 149011 1 3563495 69391 2.7 77 28 1 7 17% 663 202836 18548 25%
c v 609.01 80 72 59 306 149011 1 3563495 69002 2.7 77 28 1 7 17% 663 202836 18548 25%
c w 609.59 80 72 59 306 149011 1 3563495 68043 2.7 77 28 1 7 17% 663 202836 18548 25%
c - 612.52 80 71 59 307 149014 1 3578139 67579 2.7 78 29 1 7 17% 663 202836 18548 25%
c
c seconds    switched       rate           size/glue  tier1   binary          remaining
c         MB   reductions      conflicts         size   tier2    irredundant
c          level      restarts        redundant     glue   trail         variables
c
c o 614.16 81 71 59 307 149021 1 3587124 76464 2.7 78 28 1 7 17% 663 202836 18548 25%
c - 615.33 81 72 59 308 149025 1 3595660 69079 2.7 77 28 1 7 17% 663 202836 18548 25%
c - 620.54 82 72 59 309 149030 1 3613209 69698 2.8 79 29 1 7 18% 663 202836 18548 25%
c ] 622.83 82 73 60 309 149030 1 3622871 79269 2.7 79 29 1 7 18% 663 202836 18548 25%
c { 622.83 82 89 60 309 149030 6 3622871 79269 2.8 46 16 1 4 16% 663 202836 18548 25%
c - 624.26 79 90 60 310 149466 6 3630787 71281 2.8 46 16 1 4 15% 663 202836 18548 25%
c - 627.23 82 89 60 311 150473 6 3648393 73869 2.8 46 16 1 4 16% 663 202836 18548 25%
c - 630.32 82 89 60 312 151568 6 3666029 76055 2.8 46 16 1 4 15% 663 202836 18548 25%
c - 633.35 83 89 60 313 152553 6 3683692 77671 2.8 46 16 1 4 15% 663 202836 18548 25%
c - 636.17 83 89 60 314 153687 6 3701384 78954 2.8 46 17 1 4 15% 663 202836 18548 25%
c - 639.09 82 89 60 315 154641 6 3719104 79874 2.8 46 17 1 4 15% 663 202836 18548 25%
c - 642.32 83 88 60 316 155470 6 3736852 80559 2.8 47 17 1 4 16% 663 202836 18548 25%
c u 645.00 83 88 60 316 156308 6 3751107 92252 2.8 47 17 1 4 16% 663 202836 18548 25%
c v 645.17 83 88 60 316 156308 6 3751107 86568 2.8 47 17 1 4 16% 663 202836 18548 25%
c w 647.46 84 88 60 316 156308 6 3751107 85889 2.8 47 17 1 4 16% 663 202836 18548 25%
c = 650.77 84 88 60 316 156308 6 3751107 85889 2.8 47 17 1 4 16% 667 202836 18546 25%
c d 650.79 84 88 60 316 156308 6 3751107 85889 2.8 47 17 1 4 16% 663 202836 18546 25%
c t 650.81 84 88 60 316 156308 6 3751107 85889 2.8 47 17 1 4 16% 657 202836 18546 25%
c u 651.11 84 88 60 316 156308 6 3751107 85603 2.8 47 17 1 4 16% 657 202836 18546 25%
c v 651.23 84 88 60 316 156308 6 3751107 84455 2.8 47 17 1 4 16% 657 202836 18546 25%
c
c seconds    switched       rate           size/glue  tier1   binary          remaining
c         MB   reductions      conflicts         size   tier2    irredundant
c          level      restarts        redundant     glue   trail         variables
c
c w 652.59 84 88 60 316 156308 6 3751107 82078 2.8 47 17 1 4 16% 657 202836 18546 25%
c x 653.03 84 88 60 316 156308 6 3751107 82077 2.8 47 17 1 4 16% 657 202745 18546 25%
c - 653.74 80 89 60 317 156565 6 3754629 72454 2.8 47 17 1 4 16% 657 202745 18546 25%
c - 657.19 82 89 60 318 157166 6 3772434 75783 2.9 48 16 1 4 17% 657 202745 18546 25%
c - 660.43 83 90 60 319 157991 6 3790266 78369 3.0 49 16 1 4 17% 657 202745 18546 25%
c - 663.69 83 90 60 320 158831 6 3808127 79718 3.0 48 16 1 4 17% 657 202745 18546 25%
c s 664.77 83 90 60 320 159143 6 3813327 84746 2.9 48 16 1 4 17% 657 202739 18546 25%
c e 664.80 74 90 60 320 159143 6 3813327 84746 2.9 48 16 1 4 17% 657 202798 18542 25%
c s 664.80 74 90 60 320 159143 6 3813327 84746 2.9 48 16 1 4 17% 657 202769 18542 25%
c } 665.16 79 90 61 320 159320 6 3815125 86475 2.9 48 16 1 4 17% 657 202769 18542 25%
c [ 665.16 79 73 61 320 159320 1 3815125 86475 2.7 79 29 1 7 18% 657 202769 18542 25%
c W 665.20 66 73 61 320 159320 1 3815125 86475 2.7 79 29 1 7 18% 657 202769 18542 25%
c - 667.39 66 73 61 321 159326 1 3826015 79286 2.7 78 29 1 7 18% 657 202769 18542 25%
c - 670.08 66 71 61 322 159334 1 3843934 78007 2.7 76 28 1 7 17% 657 202769 18542 25%
c - 673.66 66 71 61 323 159343 1 3861879 76858 2.8 76 27 1 7 18% 657 202769 18542 25%
c o 674.24 66 71 61 323 159346 1 3865744 80666 2.8 76 27 1 7 17% 657 202769 18542 25%
c - 676.51 66 70 61 324 159349 1 3879851 76180 2.8 76 27 1 7 17% 657 202769 18542 25%
c - 680.04 66 70 61 325 159351 1 3897851 75704 2.7 75 27 1 7 17% 657 202769 18542 25%
c - 683.49 82 70 61 326 159362 1 3915879 76024 2.8 74 27 1 7 17% 657 202769 18542 25%
c - 686.83 83 70 61 327 159368 1 3933936 76142 2.8 75 27 1 7 17% 657 202769 18542 25%
c
c seconds    switched       rate           size/glue  tier1   binary          remaining
c         MB   reductions      conflicts         size   tier2    irredundant
c          level      restarts        redundant     glue   trail         variables
c
c u 688.85 66 70 61 327 159373 1 3944005 84862 2.7 76 28 1 7 17% 657 202769 18542 25%
c v 688.97 66 70 61 327 159373 1 3944005 82174 2.7 76 28 1 7 17% 657 202769 18542 25%
c w 691.48 66 70 61 327 159373 1 3944005 81595 2.7 76 28 1 7 17% 657 202769 18542 25%
c - 693.06 82 71 61 328 159379 1 3952020 72342 2.7 75 27 1 7 17% 657 202769 18542 25%
c - 696.02 83 70 61 329 159381 1 3970132 73213 2.7 75 28 1 7 17% 657 202769 18542 25%
c - 699.47 83 70 61 330 159382 1 3988271 73022 2.7 75 28 1 7 16% 657 202769 18542 25%
c I 700.30 74 70 61 330 159382 1 3992778 77497 2.7 75 28 1 7 16% 657 202769 18542 25%
c - 702.10 76 70 61 331 159382 1 4006437 73246 2.7 74 27 1 7 16% 657 202769 18542 25%
c ] 702.38 76 70 62 331 159382 1 4007509 74316 2.7 74 27 1 7 16% 657 202769 18542 25%
c { 702.38 76 90 62 331 159382 6 4007509 74316 2.9 48 16 1 4 17% 657 202769 18542 25%
c - 705.12 82 90 62 332 159947 6 4024631 76607 3.0 49 16 1 4 17% 657 202769 18542 25%
c - 708.11 83 90 62 333 160741 6 4042852 79192 3.0 48 16 1 4 17% 657 202769 18542 25%
c - 711.48 83 90 62 334 161811 6 4061101 80705 3.0 48 16 1 4 17% 657 202769 18542 25%
c - 714.47 82 89 62 335 162965 6 4079376 81656 2.9 48 16 1 4 16% 657 202769 18542 25%
c - 717.73 83 89 62 336 164114 6 4097680 82612 2.9 48 16 1 4 16% 657 202769 18542 25%
c - 721.11 83 89 62 337 165345 6 4116010 83864 2.9 47 17 1 4 16% 657 202769 18542 25%
c - 724.49 84 90 62 338 166484 6 4134367 84952 2.9 48 17 1 4 16% 657 202769 18542 25%
c u 726.14 81 89 62 338 166893 6 4142218 90448 2.9 48 17 1 4 16% 657 202769 18542 25%
c v 726.38 81 89 62 338 166893 6 4142218 84640 2.9 48 17 1 4 16% 657 202769 18542 25%
c w 728.21 82 89 62 338 166893 6 4142218 81384 2.9 48 17 1 4 16% 657 202769 18542 25%
c
c seconds    switched       rate           size/glue  tier1   binary          remaining
c         MB   reductions      conflicts         size   tier2    irredundant
c          level      restarts        redundant     glue   trail         variables
c
c o 730.29 82 89 62 338 166998 6 4145903 84938 2.9 48 17 1 4 16% 657 202769 18542 25%
c - 731.76 83 89 62 339 167250 6 4152751 77528 2.9 48 17 1 4 16% 657 202769 18542 25%
c - 734.59 83 90 62 340 168240 6 4171162 80562 2.9 48 17 1 4 16% 657 202769 18542 25%
c - 737.93 82 91 62 341 169187 6 4189602 82723 2.9 48 17 1 4 16% 657 202769 18542 25%
c - 740.99 83 90 62 342 170306 6 4208069 83946 2.9 48 17 1 4 16% 657 202769 18542 25%
c } 741.60 83 90 63 342 170505 6 4211718 87531 2.9 48 17 1 4 16% 657 202769 18542 25%
c [ 741.60 83 70 63 342 170505 1 4211718 87531 2.7 74 27 1 7 16% 657 202769 18542 25%
c B 741.60 83 70 63 342 170505 1 4211718 87531 2.7 74 27 1 7 16% 657 202769 18542 25%
c - 746.05 84 70 63 343 170514 1 4226562 82961 2.8 76 27 1 7 17% 657 202769 18542 25%
c - 749.89 84 71 63 344 170520 1 4245083 79907 2.8 77 28 1 7 17% 657 202769 18542 25%
c - 753.30 77 71 63 345 170532 1 4263633 78660 2.8 76 27 1 7 18% 657 202769 18542 25%
c - 757.38 78 71 63 346 170535 1 4282207 78960 2.8 76 27 1 7 18% 657 202769 18542 25%
c - 761.19 79 71 63 347 170541 1 4300809 78889 2.8 76 27 1 7 18% 657 202769 18542 25%
c s 764.32 79 72 63 347 170550 1 4319218 97143 2.7 75 28 1 7 18% 657 202767 18542 25%
c s 764.34 81 72 63 347 170550 1 4319218 97143 2.7 75 28 1 7 18% 657 202764 18542 25%
c - 764.39 81 72 63 348 170550 1 4319436 78658 2.7 75 28 1 7 18% 657 202764 18542 25%
c caught signal 15 (SIGTERM)
c
c ---- [ profiling ] ---------------------------------------------------------
c
c         678.93   88.55 %  search
c         340.84   44.46 %  stable
c         338.10   44.10 %  focused
c          87.36   11.39 %  simplify
c          83.15   10.84 %  probe
c          57.89    7.55 %  vivify
c          20.58    2.68 %  sweep
c           3.36    0.44 %  reduce
c           2.93    0.38 %  eliminate
c           2.15    0.28 %  substitute
c           1.61    0.21 %  walking
c           1.43    0.19 %  factor
c           0.73    0.10 %  congruence
c           0.40    0.05 %  subsume
c           0.34    0.04 %  preprocess
c           0.25    0.03 %  transitive
c           0.11    0.01 %  backbone
c           0.04    0.01 %  parse
c           0.02    0.00 %  lucky
c =============================================
c         766.68  100.00 %  total
c
c ---- [ statistics ] --------------------------------------------------------
c
c chronological:                         3665                0 %  conflicts
c conflicts:                          4332820             5651.35 per second
c congruent:                            14596               20 %  variables
c decisions:                         20185247                4.66 per conflict
c eliminated:                           36721               50 %  variables
c factored:                                25                0 %  variables
c iterations:                               1                0 %  variables
c propagations:                    2656687972          3465152    per second
c reductions:                             348            12451    interval
c reordered:                               29           149408    interval
c rephased:                                40           108320    interval
c restarts:                            170555               25    interval
c strengthened:                          8006                0 %  checks
c substituted:                          14661               20 %  variables
c subsumed:                              5471                0 %  checks
c switched:                                63            68775    interval
c vivified:                            469112               11 %  checks
c walks:                                   13           333294    interval
c
c ---- [ glue usage ] --------------------------------------------------------
c
c focused glue 1 used 17628048 clauses 82.34% accumulated 82.34% tier1
c focused glue 2 used  1064109 clauses  4.97% accumulated 87.31%
c focused glue 3 used   528332 clauses  2.47% accumulated 89.78%
c focused glue 4 used   322336 clauses  1.51% accumulated 91.28% tier2
c
c stable glue 1   used 27428778 clauses 79.64% accumulated 79.64% tier1
c stable glue 2   used  1532968 clauses  4.45% accumulated 84.09%
c stable glue 3-5 used  1654699 clauses  4.80% accumulated 88.90%
c stable glue 6   used   356304 clauses  1.03% accumulated 89.93%
c stable glue 7   used   303062 clauses  0.88% accumulated 90.81% tier2
c
c ---- [ resources ] ---------------------------------------------------------
c
c maximum-resident-set-size:         88203264 bytes         84 MB
c process-time:                        12m 47s             766.68 seconds
c raising signal 15 (SIGTERM)
