Check: Delsarte–Goethals formula vs brute force
  n=3: match=True
  n=4: match=True
  n=5: match=True
  n=6: match=True

Constant rank n-2, dimension d:  dual rank distribution A'_0..A'_m
  n= 4 (n mod 4 = 0) d= 2: consistent ['1', '11', '4']
  n= 4 (n mod 4 = 0) d= 3: consistent ['1', '7', '0']
  n= 4 (n mod 4 = 0) d= 4: IMPOSSIBLE ['1', '5', '-2']
  n= 4 (n mod 4 = 0) d= 5: IMPOSSIBLE ['1', '4', '-3']
  n= 4 (n mod 4 = 0) d= 6: IMPOSSIBLE ['1', '7/2', '-7/2']
  n= 6 (n mod 4 = 2) d= 4: consistent ['1', '51', '1068', '928']
  n= 6 (n mod 4 = 2) d= 5: consistent ['1', '31', '496', '496']
  n= 6 (n mod 4 = 2) d= 6: consistent ['1', '21', '210', '280']
  n= 6 (n mod 4 = 2) d= 7: consistent ['1', '16', '67', '172']
  n= 6 (n mod 4 = 2) d= 8: IMPOSSIBLE ['1', '27/2', '-9/2', '118']
  n= 8 (n mod 4 = 0) d= 6: consistent ['1', '211', '86604', '2347744', '1759744']
  n= 8 (n mod 4 = 0) d= 7: consistent ['1', '127', '42672', '1176528', '877824']
  n= 8 (n mod 4 = 0) d= 8: consistent ['1', '85', '20706', '590920', '436864']
  n= 8 (n mod 4 = 0) d= 9: consistent ['1', '64', '9723', '298116', '216384']
  n= 8 (n mod 4 = 0) d=10: IMPOSSIBLE ['1', '107/2', '8463/2', '151714', '106144']
  n=10 (n mod 4 = 2) d= 8: consistent ['1', '851', '5857996', '2915970016', '76833549824', '57683574784']
  n=10 (n mod 4 = 2) d= 9: consistent ['1', '511', '2918832', '1458165072', '38416080640', '28842311680']
  n=10 (n mod 4 = 2) d=10: consistent ['1', '341', '1449250', '729262600', '19207346048', '14421680128']
  n=10 (n mod 4 = 2) d=11: consistent ['1', '256', '714459', '364811364', '9602978752', '7211364352']
  n=10 (n mod 4 = 2) d=12: IMPOSSIBLE ['1', '427/2', '694127/2', '182585746', '4800795104', '3606206464']
  n=12 (n mod 4 = 0) d=10: consistent ['1', '3411', '380052684', '3128544808928', '1533490422283776', '40293484043206656', '30227490647572480']
  n=12 (n mod 4 = 0) d=11: consistent ['1', '2047', '189863344', '1564284091216', '766745021884160', '20146742736207872', '15113744786915328']
  n=12 (n mod 4 = 0) d=12: consistent ['1', '1365', '94768674', '782153732360', '383372321684352', '10073372082708480', '7556871856586752']
  n=12 (n mod 4 = 0) d=13: consistent ['1', '1024', '47221339', '391088552932', '191685971584448', '5036686755958784', '3778435391422464']
  n=12 (n mod 4 = 0) d=14: IMPOSSIBLE ['1', '1707/2', '46895343/2', '195555963218', '95842796534496', '2518344092583936', '1889217158840320']
  n=14 (n mod 4 = 2) d=12: consistent ['1', '13651', '24406011084', '3240901290090464', '26342033389357317632', '12874070186108387622912', '338026868429460877606912', '253535625917430268690432']
  n=14 (n mod 4 = 2) d=13: consistent ['1', '8191', '12200396208', '1620451395605328', '13171016645480728320', '6437035093834398842880', '169013434211799660494848', '126767812960914157600768']
  n=14 (n mod 4 = 2) d=14: consistent ['1', '5461', '6097588770', '810226448362760', '6585508273542433664', '3218517547697404452864', '84506717102969051938816', '63383906482656102055936']
  n=14 (n mod 4 = 2) d=15: consistent ['1', '4096', '3046185051', '405113974741476', '3292754087573286336', '1609258774628907257856', '42253358548553747660800', '31691953243527074283520']
  n=14 (n mod 4 = 2) d=16: IMPOSSIBLE ['1', '6827/2', '3040966383/2', '202557737930834', '1646376994588712672', '804629388094658660352', '21126679271346095521792', '15845976623962560397312']
  n=16 (n mod 4 = 0) d=14: consistent ['1', '54611', '1563308477644', '3328274019127926752', '436672044663992241634816', '3538861961701647339415175168', '1728271294033906305718294675456', '45369890626754258073844013072384', '34027937195181442729312604127232']
  n=16 (n mod 4 = 0) d=15: consistent ['1', '32767', '781612484016', '1664137057641558864', '218336022319353414764288', '1769430980851635194329972736', '864135647016940349461243101184', '22684945313377177070186977558528', '17013968597590685335859283099648']
  n=16 (n mod 4 = 0) d=16: consistent ['1', '21845', '390764487202', '832068576898374920', '109168011147034001329024', '884715490426629121787371520', '432067823508457371332717314048', '11342472656688636568358459801600', '8506984298795306639132622585856']
  n=16 (n mod 4 = 0) d=17: consistent ['1', '16384', '195340488795', '416034336526782948', '54584005560874294611392', '442357745214126085516070912', '216033911754215882268454420480', '5671236328344366317444200923136', '4253492149397617290769292328960']
  n=16 (n mod 4 = 0) d=18: IMPOSSIBLE ['1', '27307/2', '195256979183/2', '208017216340986962', '27292002767794441252576', '221178872607874567380420608', '108016955877095137736322973696', '2835618164172231191987071483904', '2126746074698772616587627200512']
  n=18 (n mod 4 = 2) d=16: consistent ['1', '218451', '100072929021132', '3410611099769976725472', '7175360783262616664820432384', '938651996224131702711194125369344', '7601417039136433101604820289362853888', '3711618408567870831893212146870641491968', '97431469911154032901835822355434151346176', '73073881188100281538091583154769316806656']
  n=18 (n mod 4 = 2) d=17: consistent ['1', '131071', '50035796411824', '1705305552962622550864', '3587680391628068722694506240', '469325998112066685593343134679040', '3800708519568216497528691115606147072', '1855809204283935416786025804536303583232', '48715734955577016447769750922997023113216', '36536940594050140771406974818819481010176']
  n=18 (n mod 4 = 2) d=18: consistent ['1', '87381', '25017230107170', '852652779558945463560', '1793840195810794751631543168', '234662999056034177034417639333888', '1900354259784108195490626528727793664', '927904602141967709232432633369134628864', '24357867477788508220736715206778458996736', '18268470297025070388064670650844563111936']
  n=18 (n mod 4 = 2) d=19: consistent ['1', '65536', '12507946954843', '426326392857106919908', '896920097902157766100061632', '117331499528017922754954891661312', '950177129892054044471594235288616960', '463952301070983855455636047785550151680', '12178933738894254107220197348669176938496', '9134235148512535196393518566857104162816']
  n=18 (n mod 4 = 2) d=20: IMPOSSIBLE ['1', '109227/2', '12506610757359/2', '213163199506187648082', '448460048947839273334320864', '58665749764009795615223517825024', '475088564946026968962078088569028608', '231976150535491928567237754993757913088', '6089466869447127050461938419614535909376', '4567117574256267600557942524863374688256']
  n=20 (n mod 4 = 0) d=18: consistent ['1', '873811', '6405006465223884', '3493095347072432604520416', '117646927887160746973678553808384', '246783813660943971795542046019786407936', '32259620619615196539414096926900092240134144', '261197895695935507612003515432359142358134030336', '127531818554658594150661481131036951110713044107264', '3347723007609591294663856361946645479617774093336576', '2510794650187565125093658813446631889242624773586944']
  n=20 (n mod 4 = 0) d=19: consistent ['1', '524287', '3202492542944688', '1746547673733195579880272', '58823463943579543949783467116288', '123391906830471986752859815074837184512', '16129810309807598269487985050854976051478528', '130598947847967753806015728978207072774218842112', '63765909277329297075330520494635147863489152811008', '1673861503804795647331929006261172835832389060001792', '1255397325093782562546828787753296301931174937231360']
  n=20 (n mod 4 = 0) d=20: consistent ['1', '349525', '1601235581805090', '873273837063577067560200', '29411731971788942437835923770240', '61695953415235994231518699602362572800', '8064905154903799134524929112832417957150720', '65299473923983876903021835751131037982261248000', '31882954638664648537665040176434246239877207162880', '836930751902397823665965328418436513939696543334400', '627698662546891281273413774906628508275450019053568']
  n=20 (n mod 4 = 0) d=21: consistent ['1', '262144', '800607101235291', '436636918728767811400164', '14705865985893641681862152097216', '30847976707617997970848141866125266944', '4032452577451899567043401143821138909986816', '32649736961991938451524889137593020586282450944', '15941477319332324268832300017333795428071234338816', '418465375951198911832983489497068352993350285000704', '313849331273445640636706268483294611447587559964672']
  n=20 (n mod 4 = 0) d=22: IMPOSSIBLE ['1', '436907/2', '800585721900783/2', '218318459561363183320146', '7352932992945991303875266260704', '15423988353808999840512862998006614016', '2016226288725949783302637159315499386404864', '16324868480995969225776415830824011888293052416', '7970738659666162134415929937783570022168247926784', '209232687975599455916492570036384272520177155833856', '156924665636722820318352515271627663033656330420224']
