16:44 logs/kissat_d8.log running 3104.51s conflicts=347757
16:44 logs/kissat_d8_sb3.log running 10.74s conflicts=2733
16:53 logs/kissat_d8.log running 3659.70s
16:53 logs/kissat_d8_sb3.log running 558.70s
16:54 logs/kissat_d8.log running 3675.49s
16:54 logs/kissat_d8_sb3.log running 574.48s
17:04 logs/kissat_d8.log running 4269.60s
17:04 logs/kissat_d8_sb3.log running 1167.97s
17:14 logs/kissat_d8.log running 4859.45s
17:14 logs/kissat_d8_sb3.log running 1756.58s
17:14 logs/kissat_d8_sb3.log running 1788.53s
17:14 logs/kissat_d8_noperm.log running 2.58s
17:24 logs/kissat_d8_sb3.log running 2381.58s
17:24 logs/kissat_d8_noperm.log running 591.48s
17:34 logs/kissat_d8_sb3.log running 2971.18s
17:34 logs/kissat_d8_noperm.log running 1185.90s
17:45 logs/kissat_d8_sb3.log running 3590.42s
17:45 logs/kissat_d8_noperm.log running 1811.79s
17:55 logs/kissat_d8_sb3.log running 4179.60s
17:55 logs/kissat_d8_noperm.log running 2399.99s
18:05 logs/kissat_d8_sb3.log running 4780.19s
18:05 logs/kissat_d8_noperm.log running 3000.40s
18:15 logs/kissat_d8_sb3.log running 5376.79s
18:15 logs/kissat_d8_noperm.log running 3591.83s
18:25 logs/kissat_d8_sb3.log running 5966.16s
18:25 logs/kissat_d8_noperm.log running 4188.62s
18:35 logs/kissat_d8_sb3.log running 6559.88s
18:35 logs/kissat_d8_noperm.log running 4791.61s
18:45 logs/kissat_d8_sb3.log running 7154.88s
18:45 logs/kissat_d8_noperm.log running 5378.97s
18:54 logs/kissat_d8_sb3.log running 7696.97s
18:54 logs/kissat_d8_noperm.log running 5913.04s
18:58 logs/kissat_d8_sb3.log running 7899.03s
18:58 logs/kissat_d8_noperm.log running 6116.15s
19:08 logs/kissat_d8_sb3.log running 8477.42s
19:08 logs/kissat_d8_noperm.log running 6696.95s
19:19 logs/kissat_d8_sb3.log running 9116.76s
19:19 logs/kissat_d8_noperm.log running 7334.99s
19:28 logs/kissat_d8_sb3.log running 9640.43s
19:28 logs/kissat_d8_noperm.log running 7857.85s
19:38 logs/kissat_d8_sb3.log running 10243.36s
19:38 logs/kissat_d8_noperm.log running 8454.65s
19:48 logs/kissat_d8_sb3.log running 10834.63s
19:48 logs/kissat_d8_noperm.log running 9054.37s
19:58 logs/kissat_d8_sb3.log running 11427.33s
19:58 logs/kissat_d8_noperm.log running 9645.78s
20:05 logs/kissat_d8_sb3.log running 11725.28s
20:05 logs/kissat_d8_noperm.log running 9935.94s
20:15 logs/kissat_d8_sb3.log running 12319.92s
20:15 logs/kissat_d8_noperm.log running 10531.34s
20:48 logs/kissat_d8_sb3.log running 14048.39s
20:48 logs/kissat_d8_noperm.log running 11154.68s
20:48 logs/kissat_d8_sb3.log running 14094.62s
20:48 logs/kissat_d8_noperm.log running 11189.23s
20:49 logs/kissat_d8_sb3.log running 14134.08s
20:49 logs/kissat_d8_noperm.log running 11237.29s
