case  50 p=7   A=f0           B=f1+f1        bits= 26 betas=       0 UNSAT (4.3s + 0.0s)
case  52 p=7   A=f0+f0        B=f0           bits= 20 betas=       0 UNSAT (0.1s + 0.0s)
case  53 p=7   A=f0+f0        B=f1           bits= 17 betas=       0 UNSAT (0.0s + 0.0s)
case  55 p=7   A=f0+f0        B=f0+f1        bits= 29 betas=       0 UNSAT (686.6s + 0.0s)
case  56 p=7   A=f0+f0        B=f1+f1        bits= 26 betas=       0 UNSAT (11.6s + 0.0s)
case  57 p=7   A=f0+f0        B=I            bits=  8 betas=       0 UNSAT (0.0s + 0.0s)
case  64 p=17  A=f0           B=f0           bits=  8 betas=       0 UNSAT (0.0s + 0.0s)
case  65 p=17  A=f0           B=f1           bits= 16 betas=       0 UNSAT (0.1s + 0.0s)
case  67 p=31  A=f0           B=f0           bits= 24 betas=       0 UNSAT (2.2s + 0.0s)
case  68 p=31  A=f0           B=f1           bits=  9 betas=       0 UNSAT (0.0s + 0.0s)
case  69 p=31  A=f0           B=f2           bits=  9 betas=       0 UNSAT (0.0s + 0.0s)
case  70 p=31  A=f0           B=f3           bits= 14 betas=       0 UNSAT (0.0s + 0.0s)
case  71 p=31  A=f0           B=f4           bits=  9 betas=       0 UNSAT (0.0s + 0.0s)
case  72 p=31  A=f0           B=f5           bits= 14 betas=       0 UNSAT (0.0s + 0.0s)
case  73 p=31  A=f0           B=I            bits= 24 betas=       0 UNSAT (1.5s + 0.0s)
case  74 p=127 A=f0           B=f0           bits=  7 betas=       0 UNSAT (0.0s + 0.0s)
case  75 p=127 A=f0           B=f1           bits=  0 betas=       0 UNSAT (0.0s + 0.0s)
case  76 p=127 A=f0           B=f2           bits=  7 betas=       0 UNSAT (0.0s + 0.0s)
case  77 p=127 A=f0           B=f3           bits=  0 betas=       0 UNSAT (0.0s + 0.0s)
case  78 p=127 A=f0           B=f4           bits=  0 betas=       0 UNSAT (0.0s + 0.0s)
case  79 p=127 A=f0           B=f5           bits=  0 betas=       0 UNSAT (0.0s + 0.0s)
case  80 p=127 A=f0           B=f6           bits=  7 betas=       0 UNSAT (0.0s + 0.0s)
case  81 p=127 A=f0           B=f7           bits=  7 betas=       0 UNSAT (0.0s + 0.0s)
case  82 p=127 A=f0           B=f8           bits=  0 betas=       0 UNSAT (0.0s + 0.0s)
case  83 p=127 A=f0           B=f9           bits=  0 betas=       0 UNSAT (0.0s + 0.0s)
case  84 p=127 A=f0           B=f10          bits=  0 betas=       0 UNSAT (0.0s + 0.0s)
case  85 p=127 A=f0           B=f11          bits=  0 betas=       0 UNSAT (0.0s + 0.0s)
case  86 p=127 A=f0           B=f12          bits=  0 betas=       0 UNSAT (0.0s + 0.0s)
case  87 p=127 A=f0           B=f13          bits=  0 betas=       0 UNSAT (0.0s + 0.0s)
case  88 p=127 A=f0           B=f14          bits=  0 betas=       0 UNSAT (0.0s + 0.0s)
case  89 p=127 A=f0           B=f15          bits=  0 betas=       0 UNSAT (0.0s + 0.0s)
case  90 p=127 A=f0           B=f16          bits=  0 betas=       0 UNSAT (0.0s + 0.0s)
case  91 p=127 A=f0           B=f17          bits=  0 betas=       0 UNSAT (0.0s + 0.0s)
case  92 p=127 A=f0           B=I            bits=  0 betas=       0 UNSAT (0.0s + 0.0s)
