case  22 p=3   A=f0+f0+f0     B=f0+f0+f0     bits= 18 betas=  181440 SAT (3.1s + 0.0s) perm=True DU=4
case  24 p=5   A=f0           B=f0           bits= 18 betas=     720 SAT (0.2s + 0.0s) perm=True DU=4
case  25 p=5   A=f0           B=I            bits= 18 betas=       0 UNSAT (0.0s + 0.0s)
case  26 p=7   A=f0           B=f0           bits= 18 betas=       0 UNSAT (0.0s + 0.0s)
case  27 p=7   A=f0           B=f1           bits= 12 betas=       0 UNSAT (0.0s + 0.0s)
case  28 p=7   A=f0           B=f0+f0        bits= 18 betas=       0 UNSAT (0.0s + 0.0s)
case  29 p=7   A=f0           B=f0+f1        bits= 12 betas=       0 UNSAT (0.0s + 0.0s)
case  30 p=7   A=f0           B=f1+f1        bits=  6 betas=       0 UNSAT (0.0s + 0.0s)
case  31 p=7   A=f0           B=I            bits= 18 betas=       0 UNSAT (0.0s + 0.0s)
case  32 p=7   A=f0+f0        B=f0           bits=  3 betas=       0 UNSAT (0.0s + 0.0s)
case  33 p=7   A=f0+f0        B=f1           bits= 12 betas=       0 UNSAT (0.0s + 0.0s)
case  34 p=7   A=f0+f0        B=f0+f0        bits=  6 betas=       0 UNSAT (0.0s + 0.0s)
case  35 p=7   A=f0+f0        B=f0+f1        bits= 15 betas=       0 UNSAT (0.0s + 0.0s)
case  36 p=7   A=f0+f0        B=f1+f1        bits= 24 betas=   98784 SAT (11.3s + 0.0s) perm=True DU=4
case  37 p=7   A=f0+f0        B=I            bits=  0 betas=       0 UNSAT (0.0s + 0.0s)
case  38 p=7   A=f0+f1        B=f0           bits= 15 betas=       0 UNSAT (0.0s + 0.0s)
case  39 p=7   A=f0+f1        B=f1           bits= 15 betas=       0 UNSAT (0.0s + 0.0s)
case  40 p=7   A=f0+f1        B=f0+f0        bits= 12 betas=       0 UNSAT (0.0s + 0.0s)
case  41 p=7   A=f0+f1        B=f0+f1        bits= 12 betas=       0 UNSAT (0.0s + 0.0s)
case  42 p=7   A=f0+f1        B=f1+f1        bits= 12 betas=       0 UNSAT (0.0s + 0.0s)
case  43 p=7   A=f0+f1        B=I            bits= 18 betas=       0 UNSAT (0.0s + 0.0s)
case  44 p=31  A=f0           B=f0           bits=  5 betas=       0 UNSAT (0.0s + 0.0s)
case  45 p=31  A=f0           B=f1           bits=  0 betas=       0 UNSAT (0.0s + 0.0s)
case  46 p=31  A=f0           B=f2           bits=  0 betas=       0 UNSAT (0.0s + 0.0s)
case  47 p=31  A=f0           B=f3           bits=  5 betas=       0 UNSAT (0.0s + 0.0s)
case  48 p=31  A=f0           B=f4           bits=  0 betas=       0 UNSAT (0.0s + 0.0s)
case  49 p=31  A=f0           B=f5           bits=  5 betas=       0 UNSAT (0.0s + 0.0s)
case  50 p=31  A=f0           B=I            bits=  0 betas=       0 UNSAT (0.0s + 0.0s)
