124928 matrices, 42 conjugacy classes
{'class': 0, 'M': ((0, 0, 1), (0, 1, 1), (1, 1, 0)), 'bits': 36, 'vars': 132710, 'clauses': 476510, 'status': 'UNSAT', 'drat': 'VERIFIED', 'seconds': 15.8, 'when': '2026-09-28 02:10:27'}
{'class': 1, 'M': ((0, 0, 1), (0, 1, 1), (1, 1, 1)), 'bits': 36, 'vars': 132778, 'clauses': 476782, 'status': 'UNSAT', 'drat': 'VERIFIED', 'seconds': 16.5, 'when': '2026-09-28 02:10:43'}
{'class': 2, 'M': ((0, 0, 1), (0, 1, 1), (1, 1, 2)), 'bits': 36, 'vars': 132734, 'clauses': 476606, 'status': 'UNSAT', 'drat': 'VERIFIED', 'seconds': 10.4, 'when': '2026-09-28 02:10:54'}
{'class': 3, 'M': ((0, 0, 1), (0, 1, 1), (1, 1, 3)), 'bits': 36, 'vars': 132754, 'clauses': 476686, 'status': 'UNSAT', 'drat': 'VERIFIED', 'seconds': 11.4, 'when': '2026-09-28 02:11:05'}
{'class': 4, 'M': ((0, 0, 1), (0, 1, 1), (1, 2, 0)), 'bits': 36, 'vars': 132534, 'clauses': 475806, 'status': 'UNSAT', 'drat': 'VERIFIED', 'seconds': 11.4, 'when': '2026-09-28 02:11:16'}
{'class': 5, 'M': ((0, 0, 1), (0, 1, 1), (1, 2, 1)), 'bits': 36, 'vars': 132514, 'clauses': 475726, 'status': 'UNSAT', 'drat': 'VERIFIED', 'seconds': 12.4, 'when': '2026-09-28 02:11:29'}
{'class': 6, 'M': ((0, 0, 1), (0, 1, 1), (1, 2, 2)), 'bits': 36, 'vars': 132614, 'clauses': 476126, 'status': 'UNSAT', 'drat': 'VERIFIED', 'seconds': 13.2, 'when': '2026-09-28 02:11:42'}
{'class': 7, 'M': ((0, 0, 1), (0, 1, 1), (1, 2, 3)), 'bits': 36, 'vars': 132546, 'clauses': 475854, 'status': 'UNSAT', 'drat': 'VERIFIED', 'seconds': 13.2, 'when': '2026-09-28 02:11:55'}
{'class': 8, 'M': ((0, 0, 1), (0, 1, 1), (1, 3, 0)), 'bits': 36, 'vars': 132478, 'clauses': 475574, 'status': 'UNSAT', 'drat': 'VERIFIED', 'seconds': 13.3, 'when': '2026-09-28 02:12:09'}
{'class': 9, 'M': ((0, 0, 1), (0, 1, 1), (1, 3, 1)), 'bits': 36, 'vars': 132498, 'clauses': 475654, 'status': 'UNSAT', 'drat': 'VERIFIED', 'seconds': 11.8, 'when': '2026-09-28 02:12:20'}
{'class': 10, 'M': ((0, 0, 1), (0, 1, 1), (1, 3, 2)), 'bits': 36, 'vars': 132510, 'clauses': 475702, 'status': 'UNSAT', 'drat': 'VERIFIED', 'seconds': 14.1, 'when': '2026-09-28 02:12:34'}
{'class': 11, 'M': ((0, 0, 1), (0, 1, 1), (1, 3, 3)), 'bits': 36, 'vars': 132578, 'clauses': 475974, 'status': 'UNSAT', 'drat': 'VERIFIED', 'seconds': 12.7, 'when': '2026-09-28 02:12:47'}
{'class': 12, 'M': ((0, 0, 1), (0, 1, 1), (2, 1, 0)), 'bits': 36, 'vars': 132522, 'clauses': 475750, 'status': 'UNSAT', 'drat': 'VERIFIED', 'seconds': 13.4, 'when': '2026-09-28 02:13:00'}
{'class': 13, 'M': ((0, 0, 1), (0, 1, 1), (2, 1, 1)), 'bits': 36, 'vars': 132590, 'clauses': 476022, 'status': 'UNSAT', 'drat': 'VERIFIED', 'seconds': 12.4, 'when': '2026-09-28 02:13:13'}
{'class': 14, 'M': ((0, 0, 1), (0, 1, 1), (2, 1, 2)), 'bits': 36, 'vars': 132574, 'clauses': 475958, 'status': 'UNSAT', 'drat': 'VERIFIED', 'seconds': 14.2, 'when': '2026-09-28 02:13:27'}
{'class': 15, 'M': ((0, 0, 1), (0, 1, 1), (2, 1, 3)), 'bits': 36, 'vars': 132554, 'clauses': 475878, 'status': 'UNSAT', 'drat': 'VERIFIED', 'seconds': 11.2, 'when': '2026-09-28 02:13:38'}
{'class': 16, 'M': ((0, 0, 1), (0, 1, 1), (2, 2, 0)), 'bits': 36, 'vars': 132442, 'clauses': 475438, 'status': 'UNSAT', 'drat': 'VERIFIED', 'seconds': 10.6, 'when': '2026-09-28 02:13:49'}
{'class': 17, 'M': ((0, 0, 1), (0, 1, 1), (2, 2, 1)), 'bits': 36, 'vars': 132462, 'clauses': 475518, 'status': 'UNSAT', 'drat': 'VERIFIED', 'seconds': 12.7, 'when': '2026-09-28 02:14:02'}
{'class': 18, 'M': ((0, 0, 1), (0, 1, 1), (2, 2, 2)), 'bits': 36, 'vars': 132542, 'clauses': 475838, 'status': 'UNSAT', 'drat': 'VERIFIED', 'seconds': 13.7, 'when': '2026-09-28 02:14:15'}
{'class': 19, 'M': ((0, 0, 1), (0, 1, 1), (2, 2, 3)), 'bits': 36, 'vars': 132474, 'clauses': 475566, 'status': 'UNSAT', 'drat': 'VERIFIED', 'seconds': 11.7, 'when': '2026-09-28 02:14:27'}
{'class': 20, 'M': ((0, 0, 1), (0, 1, 1), (2, 3, 0)), 'bits': 36, 'vars': 132470, 'clauses': 475550, 'status': 'UNSAT', 'drat': 'VERIFIED', 'seconds': 19.3, 'when': '2026-09-28 02:14:46'}
{'class': 21, 'M': ((0, 0, 1), (0, 1, 1), (2, 3, 1)), 'bits': 36, 'vars': 132450, 'clauses': 475470, 'status': 'UNSAT', 'drat': 'VERIFIED', 'seconds': 14.2, 'when': '2026-09-28 02:15:01'}
{'class': 22, 'M': ((0, 0, 1), (0, 1, 1), (2, 3, 2)), 'bits': 36, 'vars': 132482, 'clauses': 475598, 'status': 'UNSAT', 'drat': 'VERIFIED', 'seconds': 12.2, 'when': '2026-09-28 02:15:13'}
{'class': 23, 'M': ((0, 0, 1), (0, 1, 1), (2, 3, 3)), 'bits': 36, 'vars': 132550, 'clauses': 475870, 'status': 'UNSAT', 'drat': 'VERIFIED', 'seconds': 13.0, 'when': '2026-09-28 02:15:26'}
{'class': 24, 'M': ((0, 0, 1), (0, 1, 1), (3, 1, 0)), 'bits': 36, 'vars': 132670, 'clauses': 476350, 'status': 'UNSAT', 'drat': 'VERIFIED', 'seconds': 12.0, 'when': '2026-09-28 02:15:38'}
{'class': 25, 'M': ((0, 0, 1), (0, 1, 1), (3, 1, 1)), 'bits': 36, 'vars': 132718, 'clauses': 476542, 'status': 'UNSAT', 'drat': 'VERIFIED', 'seconds': 14.6, 'when': '2026-09-28 02:15:52'}
{'class': 26, 'M': ((0, 0, 1), (0, 1, 1), (3, 1, 2)), 'bits': 36, 'vars': 132690, 'clauses': 476430, 'status': 'UNSAT', 'drat': 'VERIFIED', 'seconds': 12.8, 'when': '2026-09-28 02:16:05'}
{'class': 27, 'M': ((0, 0, 1), (0, 1, 1), (3, 1, 3)), 'bits': 36, 'vars': 132690, 'clauses': 476430, 'status': 'UNSAT', 'drat': 'VERIFIED', 'seconds': 20.9, 'when': '2026-09-28 02:16:26'}
{'class': 28, 'M': ((0, 0, 1), (0, 1, 1), (3, 2, 0)), 'bits': 36, 'vars': 132418, 'clauses': 475334, 'status': 'UNSAT', 'drat': 'VERIFIED', 'seconds': 13.1, 'when': '2026-09-28 02:16:39'}
{'class': 29, 'M': ((0, 0, 1), (0, 1, 1), (3, 2, 1)), 'bits': 36, 'vars': 132418, 'clauses': 475334, 'status': 'UNSAT', 'drat': 'VERIFIED', 'seconds': 13.2, 'when': '2026-09-28 02:16:52'}
{'class': 30, 'M': ((0, 0, 1), (0, 1, 1), (3, 2, 2)), 'bits': 36, 'vars': 132518, 'clauses': 475734, 'status': 'UNSAT', 'drat': 'VERIFIED', 'seconds': 15.5, 'when': '2026-09-28 02:17:08'}
{'class': 31, 'M': ((0, 0, 1), (0, 1, 1), (3, 2, 3)), 'bits': 36, 'vars': 132470, 'clauses': 475542, 'status': 'UNSAT', 'drat': 'VERIFIED', 'seconds': 10.2, 'when': '2026-09-28 02:17:18'}
{'class': 32, 'M': ((0, 0, 1), (0, 1, 1), (3, 3, 0)), 'bits': 36, 'vars': 132542, 'clauses': 475838, 'status': 'UNSAT', 'drat': 'VERIFIED', 'seconds': 13.3, 'when': '2026-09-28 02:17:31'}
{'class': 33, 'M': ((0, 0, 1), (0, 1, 1), (3, 3, 1)), 'bits': 36, 'vars': 132542, 'clauses': 475838, 'status': 'UNSAT', 'drat': 'VERIFIED', 'seconds': 13.8, 'when': '2026-09-28 02:17:45'}
{'class': 34, 'M': ((0, 0, 1), (0, 1, 1), (3, 3, 2)), 'bits': 36, 'vars': 132594, 'clauses': 476046, 'status': 'UNSAT', 'drat': 'VERIFIED', 'seconds': 14.0, 'when': '2026-09-28 02:17:59'}
{'class': 35, 'M': ((0, 0, 1), (0, 1, 1), (3, 3, 3)), 'bits': 36, 'vars': 132642, 'clauses': 476238, 'status': 'UNSAT', 'drat': 'VERIFIED', 'seconds': 12.2, 'when': '2026-09-28 02:18:11'}
{'class': 36, 'M': ((0, 0, 1), (0, 2, 0), (1, 0, 1)), 'bits': 36, 'vars': 132912, 'clauses': 477330, 'status': 'UNSAT', 'drat': 'VERIFIED', 'seconds': 6.3, 'when': '2026-09-28 02:18:18'}
{'class': 37, 'M': ((0, 0, 1), (0, 2, 0), (3, 0, 0)), 'bits': 36, 'vars': 132949, 'clauses': 477459, 'status': 'UNSAT', 'drat': 'VERIFIED', 'seconds': 6.6, 'when': '2026-09-28 02:18:24'}
{'class': 38, 'M': ((0, 0, 1), (0, 3, 0), (1, 0, 1)), 'bits': 36, 'vars': 132912, 'clauses': 477330, 'status': 'UNSAT', 'drat': 'VERIFIED', 'seconds': 6.1, 'when': '2026-09-28 02:18:30'}
{'class': 39, 'M': ((0, 0, 1), (0, 3, 0), (2, 0, 0)), 'bits': 36, 'vars': 132851, 'clauses': 477076, 'status': 'UNSAT', 'drat': 'VERIFIED', 'seconds': 6.6, 'when': '2026-09-28 02:18:37'}
{'class': 40, 'M': ((2, 0, 0), (0, 2, 0), (0, 0, 2)), 'bits': 36, 'vars': 133161, 'clauses': 478329, 'status': 'UNSAT', 'drat': 'VERIFIED', 'seconds': 6.8, 'when': '2026-09-28 02:18:44'}
{'class': 41, 'M': ((3, 0, 0), (0, 3, 0), (0, 0, 3)), 'bits': 36, 'vars': 133161, 'clauses': 478329, 'status': 'UNSAT', 'drat': 'VERIFIED', 'seconds': 6.1, 'when': '2026-09-28 02:18:50'}
