case   1 p=2   A=J2^1         B=J2^2         bits= -1 UNSAT        0.0s [N7: dim V1 = 7 > (n+2)/2 while B != I]
case   0 p=2   A=J2^1         B=J2^1         bits= -1 UNSAT        0.0s [N7: dim V1 = 7 > (n+2)/2 while B != I]
case   3 p=2   A=J2^1         B=J2^4         bits= -1 UNSAT        0.0s [N7: dim V1 = 7 > (n+2)/2 while B != I]
case   2 p=2   A=J2^1         B=J2^3         bits= -1 UNSAT        0.0s [N7: dim V1 = 7 > (n+2)/2 while B != I]
case   4 p=2   A=J2^1         B=I            bits= -1 UNSAT        0.0s [N4': B = I with A an involution]
case   5 p=2   A=J2^2         B=J2^1         bits= -1 UNSAT        0.0s [N7: dim V1 = 6 > (n+2)/2 while B != I]
case   6 p=2   A=J2^2         B=J2^2         bits= -1 UNSAT        0.0s [N7: dim V1 = 6 > (n+2)/2 while B != I]
case   7 p=2   A=J2^2         B=J2^3         bits= -1 UNSAT        0.0s [N7: dim V1 = 6 > (n+2)/2 while B != I]
case   8 p=2   A=J2^2         B=J2^4         bits= -1 UNSAT        0.0s [N7: dim V1 = 6 > (n+2)/2 while B != I]
case   9 p=2   A=J2^2         B=I            bits= -1 UNSAT        0.0s [N4': B = I with A an involution]
case  14 p=2   A=J2^3         B=I            bits= -1 UNSAT        0.0s [N4': B = I with A an involution]
case  19 p=2   A=J2^4         B=I            bits= -1 UNSAT        0.0s [N4': B = I with A an involution]
case  20 p=3   A=f0           B=f0           bits= -1 UNSAT        0.0s [N7: dim V1 = 6 > (n+2)/2 while B != I]
case  21 p=3   A=f0           B=f0+f0        bits= -1 UNSAT        0.0s [N7: dim V1 = 6 > (n+2)/2 while B != I]
case  22 p=3   A=f0           B=f0+f0+f0     bits= -1 UNSAT        0.0s [N7: dim V1 = 6 > (n+2)/2 while B != I]
case  23 p=3   A=f0           B=f0+f0+f0+f0  bits= -1 UNSAT        0.0s [N7: dim V1 = 6 > (n+2)/2 while B != I]
case  24 p=3   A=f0           B=I            bits= -1 UNSAT        0.0s [N5: A-module f0 does not embed in B-module I]
case  25 p=3   A=f0+f0        B=f0           bits= -1 UNSAT        0.0s [N8: f = 4 forces fB = 2 (fB = 6)]
case  26 p=3   A=f0+f0        B=f0+f0        bits= -1 UNSAT        0.0s [N8: f = 4 forces fB = 2 (fB = 4)]
case  28 p=3   A=f0+f0        B=f0+f0+f0+f0  bits= -1 UNSAT        0.0s [N3: f - 2 = 2 > fB = 0]
case  29 p=3   A=f0+f0        B=I            bits= -1 UNSAT        0.0s [N8: f = 4 forces fB = 2 (fB = 8)]
case  30 p=3   A=f0+f0+f0     B=f0           bits= -1 UNSAT        0.0s [N5: A-module f0+f0+f0 does not embed in B-module f0]
case  31 p=3   A=f0+f0+f0     B=f0+f0        bits= -1 UNSAT        0.0s [N5: A-module f0+f0+f0 does not embed in B-module f0+f0]
case  33 p=3   A=f0+f0+f0     B=f0+f0+f0+f0  bits= -1 UNSAT        0.0s [N9: p = 3, B fixed-point-free, m_A = 3]
case  34 p=3   A=f0+f0+f0     B=I            bits= -1 UNSAT        0.0s [N5: A-module f0+f0+f0 does not embed in B-module I]
case  35 p=3   A=f0+f0+f0+f0  B=f0           bits= -1 UNSAT        0.0s [N6: p = 3, A fixed-point-free, B != I, 4 | n]
case  36 p=3   A=f0+f0+f0+f0  B=f0+f0        bits= -1 UNSAT        0.0s [N6: p = 3, A fixed-point-free, B != I, 4 | n]
case  37 p=3   A=f0+f0+f0+f0  B=f0+f0+f0     bits= -1 UNSAT        0.0s [N6: p = 3, A fixed-point-free, B != I, 4 | n]
case  38 p=3   A=f0+f0+f0+f0  B=f0+f0+f0+f0  bits= -1 UNSAT        0.0s [N6: p = 3, A fixed-point-free, B != I, 4 | n]
case  40 p=5   A=f0           B=f0           bits= -1 UNSAT        0.0s [N8: f = 4 forces fB = 2 (fB = 4)]
case  41 p=5   A=f0           B=f0+f0        bits= -1 UNSAT        0.0s [N2: dim fixed spaces 4 != 0]
case  42 p=5   A=f0           B=I            bits= -1 UNSAT        0.0s [N2: dim fixed spaces 4 != 8]
case  43 p=5   A=f0+f0        B=f0           bits= -1 UNSAT        0.0s [N2: dim fixed spaces 0 != 4]
case  45 p=5   A=f0+f0        B=I            bits= -1 UNSAT        0.0s [N2: dim fixed spaces 0 != 8]
case  46 p=7   A=f0           B=f0           bits= -1 UNSAT        0.0s [N1: fixed space of A has odd dimension 5]
case  47 p=7   A=f0           B=f1           bits= -1 UNSAT        0.0s [N1: fixed space of A has odd dimension 5]
case  48 p=7   A=f0           B=f0+f0        bits= -1 UNSAT        0.0s [N1: fixed space of A has odd dimension 5]
case  49 p=7   A=f0           B=f0+f1        bits= -1 UNSAT        0.0s [N1: fixed space of A has odd dimension 5]
case  50 p=7   A=f0           B=f1+f1        bits= -1 UNSAT        0.0s [N1: fixed space of A has odd dimension 5]
case  51 p=7   A=f0           B=I            bits= -1 UNSAT        0.0s [N1: fixed space of A has odd dimension 5]
case  52 p=7   A=f0+f0        B=f0           bits= -1 UNSAT        0.0s [N2: dim fixed spaces 2 != 5]
case  53 p=7   A=f0+f0        B=f1           bits= -1 UNSAT        0.0s [N2: dim fixed spaces 2 != 5]
case  54 p=7   A=f0+f0        B=f0+f0        bits= 32 UNSAT        0.0s [empty clause during encoding]
case  55 p=7   A=f0+f0        B=f0+f1        bits= -1 UNSAT        0.0s [N5: A-module f0+f0 does not embed in B-module f0+f1]
case  56 p=7   A=f0+f0        B=f1+f1        bits= -1 UNSAT        0.0s [N5: A-module f0+f0 does not embed in B-module f1+f1]
case  57 p=7   A=f0+f0        B=I            bits= -1 UNSAT        0.0s [N2: dim fixed spaces 2 != 8]
case  58 p=7   A=f0+f1        B=f0           bits= -1 UNSAT        0.0s [N2: dim fixed spaces 2 != 5]
case  59 p=7   A=f0+f1        B=f1           bits= -1 UNSAT        0.0s [N2: dim fixed spaces 2 != 5]
case  60 p=7   A=f0+f1        B=f0+f0        bits= -1 UNSAT        0.0s [N5: A-module f0+f1 does not embed in B-module f0+f0]
case  61 p=7   A=f0+f1        B=f0+f1        bits= 24 UNSAT      107.6s drat=VERIFIED
case  62 p=7   A=f0+f1        B=f1+f1        bits= -1 UNSAT        0.0s [N5: A-module f0+f1 does not embed in B-module f1+f1]
case  63 p=7   A=f0+f1        B=I            bits= -1 UNSAT        0.0s [N2: dim fixed spaces 2 != 8]
case  64 p=17  A=f0           B=f0           bits=  8 UNSAT        9.9s drat=VERIFIED
case  65 p=17  A=f0           B=f1           bits= 16 TIMEOUT    369.7s
case  44 p=5   A=f0+f0        B=f0+f0        bits= 40 TIMEOUT    710.9s
case  67 p=31  A=f0           B=f0           bits= -1 UNSAT        0.0s [N1: fixed space of A has odd dimension 3]
case  66 p=17  A=f0           B=I            bits= -1 UNSAT        0.0s [N2: dim fixed spaces 0 != 8]
case  68 p=31  A=f0           B=f1           bits= -1 UNSAT        0.0s [N1: fixed space of A has odd dimension 3]
case  69 p=31  A=f0           B=f2           bits= -1 UNSAT        0.0s [N1: fixed space of A has odd dimension 3]
case  70 p=31  A=f0           B=f3           bits= -1 UNSAT        0.0s [N1: fixed space of A has odd dimension 3]
case  71 p=31  A=f0           B=f4           bits= -1 UNSAT        0.0s [N1: fixed space of A has odd dimension 3]
case  72 p=31  A=f0           B=f5           bits= -1 UNSAT        0.0s [N1: fixed space of A has odd dimension 3]
case  73 p=31  A=f0           B=I            bits= -1 UNSAT        0.0s [N1: fixed space of A has odd dimension 3]
case  75 p=127 A=f0           B=f1           bits= -1 UNSAT        0.0s [N1: fixed space of A has odd dimension 1]
case  74 p=127 A=f0           B=f0           bits= -1 UNSAT        0.0s [N1: fixed space of A has odd dimension 1]
case  77 p=127 A=f0           B=f3           bits= -1 UNSAT        0.0s [N1: fixed space of A has odd dimension 1]
case  76 p=127 A=f0           B=f2           bits= -1 UNSAT        0.0s [N1: fixed space of A has odd dimension 1]
case  78 p=127 A=f0           B=f4           bits= -1 UNSAT        0.0s [N1: fixed space of A has odd dimension 1]
case  79 p=127 A=f0           B=f5           bits= -1 UNSAT        0.0s [N1: fixed space of A has odd dimension 1]
case  80 p=127 A=f0           B=f6           bits= -1 UNSAT        0.0s [N1: fixed space of A has odd dimension 1]
case  81 p=127 A=f0           B=f7           bits= -1 UNSAT        0.0s [N1: fixed space of A has odd dimension 1]
case  82 p=127 A=f0           B=f8           bits= -1 UNSAT        0.0s [N1: fixed space of A has odd dimension 1]
case  83 p=127 A=f0           B=f9           bits= -1 UNSAT        0.0s [N1: fixed space of A has odd dimension 1]
case  84 p=127 A=f0           B=f10          bits= -1 UNSAT        0.0s [N1: fixed space of A has odd dimension 1]
case  85 p=127 A=f0           B=f11          bits= -1 UNSAT        0.0s [N1: fixed space of A has odd dimension 1]
case  87 p=127 A=f0           B=f13          bits= -1 UNSAT        0.0s [N1: fixed space of A has odd dimension 1]
case  86 p=127 A=f0           B=f12          bits= -1 UNSAT        0.0s [N1: fixed space of A has odd dimension 1]
case  88 p=127 A=f0           B=f14          bits= -1 UNSAT        0.0s [N1: fixed space of A has odd dimension 1]
case  89 p=127 A=f0           B=f15          bits= -1 UNSAT        0.0s [N1: fixed space of A has odd dimension 1]
case  90 p=127 A=f0           B=f16          bits= -1 UNSAT        0.0s [N1: fixed space of A has odd dimension 1]
case  91 p=127 A=f0           B=f17          bits= -1 UNSAT        0.0s [N1: fixed space of A has odd dimension 1]
case  92 p=127 A=f0           B=I            bits= -1 UNSAT        0.0s [N1: fixed space of A has odd dimension 1]
case  27 p=3   A=f0+f0        B=f0+f0+f0     bits= 50 UNSAT        1.5s drat=VERIFIED
case  39 p=3   A=f0+f0+f0+f0  B=I            bits= 72 UNSAT        1.6s drat=VERIFIED
case  18 p=2   A=J2^4         B=J2^4         bits=112 UNSAT       15.7s drat=VERIFIED
case  13 p=2   A=J2^3         B=J2^4         bits=112 UNSAT        2.5s drat=VERIFIED
case  17 p=2   A=J2^4         B=J2^3         bits=116 UNSAT       37.9s drat=VERIFIED
